[0.204s] Invoking command in '/home/luke/TARE/cmu_vla_challenge_unity_foxy/build/waypoint_rviz_plugin': CMAKE_PREFIX_PATH=${CMAKE_PREFIX_PATH}:/home/luke/TARE/cmu_vla_challenge_unity_foxy/install/ros_tcp_endpoint:/opt/ros/foxy /home/luke/.local/bin/cmake /home/luke/TARE/cmu_vla_challenge_unity_foxy/src/waypoint_rviz_plugin -DAMENT_CMAKE_SYMLINK_INSTALL=1 -DCMAKE_INSTALL_PREFIX=/home/luke/TARE/cmu_vla_challenge_unity_foxy/install/waypoint_rviz_plugin
[0.249s] -- The C compiler identification is GNU 8.4.0
[0.284s] -- The CXX compiler identification is GNU 8.4.0
[0.296s] -- Detecting C compiler ABI info
[0.339s] -- Detecting C compiler ABI info - done
[0.351s] -- Check for working C compiler: /usr/bin/cc - skipped
[0.351s] -- Detecting C compile features
[0.352s] -- Detecting C compile features - done
[0.361s] -- Detecting CXX compiler ABI info
[0.405s] -- Detecting CXX compiler ABI info - done
[0.412s] -- Check for working CXX compiler: /usr/bin/c++ - skipped
[0.412s] -- Detecting CXX compile features
[0.413s] -- Detecting CXX compile features - done
[0.414s] -- Found ament_cmake: 0.9.12 (/opt/ros/foxy/share/ament_cmake/cmake)
[0.417s] [33mCMake Warning (dev) at /opt/ros/foxy/share/ament_cmake_core/cmake/core/python.cmake:22 (find_package):
[0.417s]   Policy CMP0148 is not set: The FindPythonInterp and FindPythonLibs modules
[0.417s]   are removed.  Run "cmake --help-policy CMP0148" for policy details.  Use
[0.417s]   the cmake_policy command to set the policy and suppress this warning.
[0.417s] 
[0.417s] Call Stack (most recent call first):
[0.417s]   /opt/ros/foxy/share/ament_cmake_core/cmake/core/all.cmake:53 (include)
[0.417s]   /opt/ros/foxy/share/ament_cmake_core/cmake/ament_cmake_core-extras.cmake:17 (include)
[0.417s]   /opt/ros/foxy/share/ament_cmake_core/cmake/ament_cmake_coreConfig.cmake:41 (include)
[0.417s]   /opt/ros/foxy/share/ament_cmake/cmake/ament_cmake_export_dependencies-extras.cmake:15 (find_package)
[0.417s]   /opt/ros/foxy/share/ament_cmake/cmake/ament_cmakeConfig.cmake:41 (include)
[0.418s]   CMakeLists.txt:13 (find_package)
[0.418s] This warning is for project developers.  Use -Wno-dev to suppress it.
[0.418s] [0m
[0.431s] -- Found PythonInterp: /usr/bin/python3 (found suitable version "3.8.10", minimum required is "3") 
[0.431s] -- Using PYTHON_EXECUTABLE: /usr/bin/python3
[0.549s] -- Override CMake install command with custom implementation using symlinks instead of copying resources
[0.564s] -- Found pluginlib: 2.5.4 (/opt/ros/foxy/share/pluginlib/cmake)
[0.612s] -- Found rclcpp: 2.4.3 (/opt/ros/foxy/share/rclcpp/cmake)
[0.637s] -- Using all available rosidl_typesupport_c: rosidl_typesupport_fastrtps_c;rosidl_typesupport_introspection_c
[0.641s] -- Found rosidl_adapter: 1.3.1 (/opt/ros/foxy/share/rosidl_adapter/cmake)
[0.702s] -- Found OpenSSL: /usr/lib/x86_64-linux-gnu/libcrypto.so (found version "1.1.1f")  
[0.729s] -- Found FastRTPS: /opt/ros/foxy/include  
[0.786s] -- Using all available rosidl_typesupport_cpp: rosidl_typesupport_fastrtps_cpp;rosidl_typesupport_introspection_cpp
[0.825s] -- Found rmw_implementation_cmake: 1.0.4 (/opt/ros/foxy/share/rmw_implementation_cmake/cmake)
[0.826s] -- Using RMW implementation 'rmw_fastrtps_cpp' as default
[0.827s] -- Performing Test CMAKE_HAVE_LIBC_PTHREAD
[0.862s] -- Performing Test CMAKE_HAVE_LIBC_PTHREAD - Failed
[0.862s] -- Looking for pthread_create in pthreads
[0.893s] -- Looking for pthread_create in pthreads - not found
[0.893s] -- Looking for pthread_create in pthread
[0.930s] -- Looking for pthread_create in pthread - found
[0.931s] -- Found Threads: TRUE  
[1.032s] -- Found rviz2: 8.2.8 (/opt/ros/foxy/share/rviz2/cmake)
[1.032s] -- Found rviz_common: 8.2.8 (/opt/ros/foxy/share/rviz_common/cmake)
[1.037s] -- Setting OGRE_DIR to: '/opt/ros/foxy/share/rviz_ogre_vendor/cmake/../../../opt/rviz_ogre_vendor/lib/OGRE/cmake'
[1.039s] -- Found OGRE
[1.039s] --   static     : OFF
[1.039s] --   components : HLMS;MeshLodGenerator;Overlay;Paging;Property;RTShaderSystem;Terrain;Volume
[1.039s] --   plugins    : Plugin_BSPSceneManager;Plugin_OctreeSceneManager;Plugin_PCZSceneManager;Plugin_ParticleFX;RenderSystem_GL;RenderSystem_GL3Plus;Codec_STBI
[1.039s] --   media      : /opt/ros/foxy/opt/rviz_ogre_vendor/share/OGRE/Media
[1.039s] -- OGRE_LIBRARIES: OgreHLMS;OgreMeshLodGenerator;OgreOverlay;OgrePaging;OgreProperty;OgreRTShaderSystem;OgreTerrain;OgreVolume;OgreMain
[1.039s] -- OGRE_LIBRARY_DIRS: /opt/ros/foxy/opt/rviz_ogre_vendor/lib
[1.039s] -- OGRE_PLUGINS: Plugin_BSPSceneManager;Plugin_OctreeSceneManager;Plugin_PCZSceneManager;Plugin_ParticleFX;RenderSystem_GL;RenderSystem_GL3Plus;Codec_STBI
[1.039s] -- OGRE_PLUGIN_DIR: /opt/ros/foxy/opt/rviz_ogre_vendor/lib/OGRE
[1.039s] -- rviz_ogre_vendor::OgreOverlay for IMPORTED_LOCATION_RELEASE: /opt/ros/foxy/opt/rviz_ogre_vendor/lib/libOgreOverlay.so
[1.039s] -- rviz_ogre_vendor::OgreOverlay for IMPORTED_LOCATION_DEBUG: /opt/ros/foxy/opt/rviz_ogre_vendor/lib/libOgreOverlay.so
[1.039s] -- rviz_ogre_vendor::OgreMain for IMPORTED_LOCATION_RELEASE: /opt/ros/foxy/opt/rviz_ogre_vendor/lib/libOgreMain.so
[1.039s] -- rviz_ogre_vendor::OgreMain for IMPORTED_LOCATION_DEBUG: /opt/ros/foxy/opt/rviz_ogre_vendor/lib/libOgreMain.so
[1.064s] -- Found ZLIB: /usr/lib/x86_64-linux-gnu/libz.so (found version "1.2.11")  
[1.072s] -- Found OpenGL: /usr/lib/x86_64-linux-gnu/libOpenGL.so   
[1.179s] -- Found X11: /usr/include   
[1.179s] -- Looking for XOpenDisplay in /usr/lib/x86_64-linux-gnu/libX11.so;/usr/lib/x86_64-linux-gnu/libXext.so
[1.217s] -- Looking for XOpenDisplay in /usr/lib/x86_64-linux-gnu/libX11.so;/usr/lib/x86_64-linux-gnu/libXext.so - found
[1.217s] -- Looking for gethostbyname
[1.258s] -- Looking for gethostbyname - found
[1.258s] -- Looking for connect
[1.306s] -- Looking for connect - found
[1.306s] -- Looking for remove
[1.341s] -- Looking for remove - found
[1.341s] -- Looking for shmat
[1.378s] -- Looking for shmat - found
[1.378s] -- Looking for IceConnectionNumber in ICE
[1.421s] -- Looking for IceConnectionNumber in ICE - found
[1.424s] -- rviz_ogre_vendor::RenderSystem_GL for IMPORTED_LOCATION_RELEASE: _render_system_gl_static_library_abs-NOTFOUND
[1.424s] -- rviz_ogre_vendor::RenderSystem_GL for IMPORTED_LOCATION_DEBUG: _render_system_gl_static_library_abs-NOTFOUND
[1.427s] -- library: libassimp.so.5
[1.504s] -- library: /usr/lib/x86_64-linux-gnu/libcurl.so
[1.626s] -- Found Eigen3: TRUE (found version "3.3.7") 
[1.925s] -- Setting yaml-cpp_DIR to: '/opt/ros/foxy/share/yaml_cpp_vendor/cmake/../../../opt/yaml_cpp_vendor/lib/cmake/yaml-cpp'
[1.929s] -- Found rviz_default_plugins: 8.2.8 (/opt/ros/foxy/share/rviz_default_plugins/cmake)
[2.287s] -- Found ament_lint_auto: 0.9.8 (/opt/ros/foxy/share/ament_lint_auto/cmake)
[2.346s] -- Added test 'copyright' to check source files copyright and LICENSE
[2.347s] -- Added test 'cppcheck' to perform static code analysis on C / C++ code
[2.347s] -- Configured cppcheck include dirs: /home/luke/TARE/cmu_vla_challenge_unity_foxy/src/waypoint_rviz_plugin/include
[2.348s] -- Configured cppcheck exclude dirs and/or files: 
[2.348s] -- Added test 'cpplint' to check C / C++ code against the Google style
[2.348s] -- Configured cpplint exclude dirs and/or files: 
[2.349s] -- Added test 'lint_cmake' to check CMake code style
[2.350s] -- Added test 'uncrustify' to check C / C++ code style
[2.350s] -- Configured uncrustify additional arguments: 
[2.351s] -- Added test 'xmllint' to check XML markup files
[2.353s] -- Configuring done (2.1s)
[2.399s] -- Generating done (0.0s)
[2.402s] -- Build files have been written to: /home/luke/TARE/cmu_vla_challenge_unity_foxy/build/waypoint_rviz_plugin
[2.416s] Invoked command in '/home/luke/TARE/cmu_vla_challenge_unity_foxy/build/waypoint_rviz_plugin' returned '0': CMAKE_PREFIX_PATH=${CMAKE_PREFIX_PATH}:/home/luke/TARE/cmu_vla_challenge_unity_foxy/install/ros_tcp_endpoint:/opt/ros/foxy /home/luke/.local/bin/cmake /home/luke/TARE/cmu_vla_challenge_unity_foxy/src/waypoint_rviz_plugin -DAMENT_CMAKE_SYMLINK_INSTALL=1 -DCMAKE_INSTALL_PREFIX=/home/luke/TARE/cmu_vla_challenge_unity_foxy/install/waypoint_rviz_plugin
[2.418s] Invoking command in '/home/luke/TARE/cmu_vla_challenge_unity_foxy/build/waypoint_rviz_plugin': CMAKE_PREFIX_PATH=${CMAKE_PREFIX_PATH}:/home/luke/TARE/cmu_vla_challenge_unity_foxy/install/ros_tcp_endpoint:/opt/ros/foxy /home/luke/.local/bin/cmake --build /home/luke/TARE/cmu_vla_challenge_unity_foxy/build/waypoint_rviz_plugin -- -j20 -l20
[2.469s] [ 16%] [34m[1mAutomatic MOC for target waypoint_rviz_plugin[0m
[2.482s] [ 16%] Built target waypoint_rviz_plugin_autogen
[2.486s] [ 33%] [34m[1mGenerating include/moc_waypoint_tool.cpp[0m
[2.495s] [ 66%] [32mBuilding CXX object CMakeFiles/waypoint_rviz_plugin.dir/include/moc_waypoint_tool.cpp.o[0m
[2.495s] [ 66%] [32mBuilding CXX object CMakeFiles/waypoint_rviz_plugin.dir/src/waypoint_tool.cpp.o[0m
[2.495s] [ 83%] [32mBuilding CXX object CMakeFiles/waypoint_rviz_plugin.dir/waypoint_rviz_plugin_autogen/mocs_compilation.cpp.o[0m
[4.576s] [01m[K/home/luke/TARE/cmu_vla_challenge_unity_foxy/src/waypoint_rviz_plugin/src/waypoint_tool.cpp:[m[K In member function ‘[01m[Kvirtual void waypoint_rviz_plugin::WaypointTool::onPoseSet(double, double, double)[m[K’:
[4.576s] [01m[K/home/luke/TARE/cmu_vla_challenge_unity_foxy/src/waypoint_rviz_plugin/src/waypoint_tool.cpp:52:57:[m[K [01;35m[Kwarning: [m[Kunused parameter ‘[01m[Ktheta[m[K’ [[01;35m[K-Wunused-parameter[m[K]
[4.576s]  void WaypointTool::onPoseSet(double x, double y, [01;35m[Kdouble theta[m[K)
[4.576s]                                                   [01;35m[K~~~~~~~^~~~~[m[K
[8.071s] [100%] [32m[1mLinking CXX shared library libwaypoint_rviz_plugin.so[0m
[9.810s] [100%] Built target waypoint_rviz_plugin
[9.818s] Invoked command in '/home/luke/TARE/cmu_vla_challenge_unity_foxy/build/waypoint_rviz_plugin' returned '0': CMAKE_PREFIX_PATH=${CMAKE_PREFIX_PATH}:/home/luke/TARE/cmu_vla_challenge_unity_foxy/install/ros_tcp_endpoint:/opt/ros/foxy /home/luke/.local/bin/cmake --build /home/luke/TARE/cmu_vla_challenge_unity_foxy/build/waypoint_rviz_plugin -- -j20 -l20
[9.901s] Invoking command in '/home/luke/TARE/cmu_vla_challenge_unity_foxy/build/waypoint_rviz_plugin': CMAKE_PREFIX_PATH=${CMAKE_PREFIX_PATH}:/home/luke/TARE/cmu_vla_challenge_unity_foxy/install/ros_tcp_endpoint:/opt/ros/foxy /home/luke/.local/bin/cmake --install /home/luke/TARE/cmu_vla_challenge_unity_foxy/build/waypoint_rviz_plugin
[9.928s] -- Install configuration: ""
[9.929s] -- Execute custom install script
[9.929s] -- Symlinking: /home/luke/TARE/cmu_vla_challenge_unity_foxy/install/waypoint_rviz_plugin/share/waypoint_rviz_plugin//plugin_description.xml
[9.932s] -- Symlinking: /home/luke/TARE/cmu_vla_challenge_unity_foxy/install/waypoint_rviz_plugin/share/ament_index/resource_index/package_run_dependencies/waypoint_rviz_plugin
[9.934s] -- Symlinking: /home/luke/TARE/cmu_vla_challenge_unity_foxy/install/waypoint_rviz_plugin/share/ament_index/resource_index/parent_prefix_path/waypoint_rviz_plugin
[9.937s] -- Symlinking: /home/luke/TARE/cmu_vla_challenge_unity_foxy/install/waypoint_rviz_plugin/share/waypoint_rviz_plugin/environment/ament_prefix_path.sh
[9.939s] -- Symlinking: /home/luke/TARE/cmu_vla_challenge_unity_foxy/install/waypoint_rviz_plugin/share/waypoint_rviz_plugin/environment/ament_prefix_path.dsv
[9.942s] -- Symlinking: /home/luke/TARE/cmu_vla_challenge_unity_foxy/install/waypoint_rviz_plugin/share/waypoint_rviz_plugin/environment/path.sh
[9.944s] -- Symlinking: /home/luke/TARE/cmu_vla_challenge_unity_foxy/install/waypoint_rviz_plugin/share/waypoint_rviz_plugin/environment/path.dsv
[9.947s] -- Symlinking: /home/luke/TARE/cmu_vla_challenge_unity_foxy/install/waypoint_rviz_plugin/share/waypoint_rviz_plugin/local_setup.bash
[9.949s] -- Symlinking: /home/luke/TARE/cmu_vla_challenge_unity_foxy/install/waypoint_rviz_plugin/share/waypoint_rviz_plugin/local_setup.sh
[9.952s] -- Symlinking: /home/luke/TARE/cmu_vla_challenge_unity_foxy/install/waypoint_rviz_plugin/share/waypoint_rviz_plugin/local_setup.zsh
[9.954s] -- Symlinking: /home/luke/TARE/cmu_vla_challenge_unity_foxy/install/waypoint_rviz_plugin/share/waypoint_rviz_plugin/local_setup.dsv
[9.957s] -- Symlinking: /home/luke/TARE/cmu_vla_challenge_unity_foxy/install/waypoint_rviz_plugin/share/waypoint_rviz_plugin/package.dsv
[9.959s] -- Symlinking: /home/luke/TARE/cmu_vla_challenge_unity_foxy/install/waypoint_rviz_plugin/share/ament_index/resource_index/packages/waypoint_rviz_plugin
[9.962s] -- Symlinking: /home/luke/TARE/cmu_vla_challenge_unity_foxy/install/waypoint_rviz_plugin/share/ament_index/resource_index/rviz_common__pluginlib__plugin/waypoint_rviz_plugin
[9.964s] -- Symlinking: /home/luke/TARE/cmu_vla_challenge_unity_foxy/install/waypoint_rviz_plugin/share/waypoint_rviz_plugin/cmake/ament_cmake_export_dependencies-extras.cmake
[9.967s] -- Symlinking: /home/luke/TARE/cmu_vla_challenge_unity_foxy/install/waypoint_rviz_plugin/share/waypoint_rviz_plugin/cmake/waypoint_rviz_pluginConfig.cmake
[9.969s] -- Symlinking: /home/luke/TARE/cmu_vla_challenge_unity_foxy/install/waypoint_rviz_plugin/share/waypoint_rviz_plugin/cmake/waypoint_rviz_pluginConfig-version.cmake
[9.971s] -- Symlinking: /home/luke/TARE/cmu_vla_challenge_unity_foxy/install/waypoint_rviz_plugin/share/waypoint_rviz_plugin/package.xml
[9.974s] -- Installing: /home/luke/TARE/cmu_vla_challenge_unity_foxy/install/waypoint_rviz_plugin/lib/waypoint_rviz_plugin/libwaypoint_rviz_plugin.so
[9.976s] -- Set non-toolchain portion of runtime path of "/home/luke/TARE/cmu_vla_challenge_unity_foxy/install/waypoint_rviz_plugin/lib/waypoint_rviz_plugin/libwaypoint_rviz_plugin.so" to ""
[9.982s] Invoked command in '/home/luke/TARE/cmu_vla_challenge_unity_foxy/build/waypoint_rviz_plugin' returned '0': CMAKE_PREFIX_PATH=${CMAKE_PREFIX_PATH}:/home/luke/TARE/cmu_vla_challenge_unity_foxy/install/ros_tcp_endpoint:/opt/ros/foxy /home/luke/.local/bin/cmake --install /home/luke/TARE/cmu_vla_challenge_unity_foxy/build/waypoint_rviz_plugin
