-- The C compiler identification is GNU 8.4.0
-- The CXX compiler identification is GNU 8.4.0
-- Detecting C compiler ABI info
-- Detecting C compiler ABI info - done
-- Check for working C compiler: /usr/bin/cc - skipped
-- Detecting C compile features
-- Detecting C compile features - done
-- Detecting CXX compiler ABI info
-- Detecting CXX compiler ABI info - done
-- Check for working CXX compiler: /usr/bin/c++ - skipped
-- Detecting CXX compile features
-- Detecting CXX compile features - done
-- Found ament_cmake: 0.9.12 (/opt/ros/foxy/share/ament_cmake/cmake)
-- Found PythonInterp: /usr/bin/python3 (found suitable version "3.8.10", minimum required is "3") 
-- Using PYTHON_EXECUTABLE: /usr/bin/python3
-- Override CMake install command with custom implementation using symlinks instead of copying resources
-- Found rclcpp: 2.4.3 (/opt/ros/foxy/share/rclcpp/cmake)
-- Using all available rosidl_typesupport_c: rosidl_typesupport_fastrtps_c;rosidl_typesupport_introspection_c
-- Found rosidl_adapter: 1.3.1 (/opt/ros/foxy/share/rosidl_adapter/cmake)
-- Found OpenSSL: /usr/lib/x86_64-linux-gnu/libcrypto.so (found version "1.1.1f")  
-- Found FastRTPS: /opt/ros/foxy/include  
-- Using all available rosidl_typesupport_cpp: rosidl_typesupport_fastrtps_cpp;rosidl_typesupport_introspection_cpp
-- Found rmw_implementation_cmake: 1.0.4 (/opt/ros/foxy/share/rmw_implementation_cmake/cmake)
-- Using RMW implementation 'rmw_fastrtps_cpp' as default
-- Performing Test CMAKE_HAVE_LIBC_PTHREAD
-- Performing Test CMAKE_HAVE_LIBC_PTHREAD - Failed
-- Looking for pthread_create in pthreads
-- Looking for pthread_create in pthreads - not found
-- Looking for pthread_create in pthread
-- Looking for pthread_create in pthread - found
-- Found Threads: TRUE  
-- Found nav_msgs: 2.0.5 (/opt/ros/foxy/share/nav_msgs/cmake)
-- Found sensor_msgs: 2.0.5 (/opt/ros/foxy/share/sensor_msgs/cmake)
-- Found tf2_ros: 0.13.14 (/opt/ros/foxy/share/tf2_ros/cmake)
-- Found tf2_geometry_msgs: 0.13.14 (/opt/ros/foxy/share/tf2_geometry_msgs/cmake)
-- Found eigen3_cmake_module: 0.1.1 (/opt/ros/foxy/share/eigen3_cmake_module/cmake)
-- Found Eigen3: TRUE (found version "3.3.7") 
-- Found OpenCV: /usr (found version "4.2.0") 
-- Checking for module 'eigen3'
--   Found eigen3, version 3.3.7
-- Found Eigen: /usr/include/eigen3 (Required is at least version "3.1") 
-- Eigen found (include: /usr/include/eigen3, version: 3.3.7)
-- Found Boost: /usr/include (found suitable version "1.71.0", minimum required is "1.55.0") found components: system filesystem date_time iostreams regex 
-- Checking for module 'flann'
--   Found flann, version 1.9.1
-- Found FLANN: /usr/lib/x86_64-linux-gnu/libflann_cpp.so  
-- The imported target "vtkParseOGLExt" references the file
   "/usr/bin/vtkParseOGLExt-7.1"
but this file does not exist.  Possible reasons include:
* The file was deleted, renamed, or moved to another location.
* An install or uninstall procedure did not complete successfully.
* The installation package was faulty and contained
   "/usr/lib/cmake/vtk-7.1/VTKTargets.cmake"
but not all the files it references.

-- The imported target "vtkRenderingPythonTkWidgets" references the file
   "/usr/lib/x86_64-linux-gnu/libvtkRenderingPythonTkWidgets.so"
but this file does not exist.  Possible reasons include:
* The file was deleted, renamed, or moved to another location.
* An install or uninstall procedure did not complete successfully.
* The installation package was faulty and contained
   "/usr/lib/cmake/vtk-7.1/VTKTargets.cmake"
but not all the files it references.

-- The imported target "vtk" references the file
   "/usr/bin/vtk"
but this file does not exist.  Possible reasons include:
* The file was deleted, renamed, or moved to another location.
* An install or uninstall procedure did not complete successfully.
* The installation package was faulty and contained
   "/usr/lib/cmake/vtk-7.1/VTKTargets.cmake"
but not all the files it references.

-- The imported target "pvtk" references the file
   "/usr/bin/pvtk"
but this file does not exist.  Possible reasons include:
* The file was deleted, renamed, or moved to another location.
* An install or uninstall procedure did not complete successfully.
* The installation package was faulty and contained
   "/usr/lib/cmake/vtk-7.1/VTKTargets.cmake"
but not all the files it references.

-- Checking for module 'libusb-1.0'
--   Found libusb-1.0, version 1.0.23
-- Found USB_10: /usr/lib/x86_64-linux-gnu/libusb-1.0.so  
-- Found OpenNI: /usr/lib/libOpenNI.so  
-- OpenNI found (include: /usr/include/ni, lib: /usr/lib/libOpenNI.so)
-- Found OpenNI2: /usr/lib/libOpenNI2.so  
-- OpenNI2 found (include: /usr/include/openni2, lib: /usr/lib/libOpenNI2.so)
-- Found libusb-1.0: /usr/include  
-- OpenNI found (include: /usr/include/ni, lib: /usr/lib/libOpenNI.so)
-- OpenNI2 found (include: /usr/include/openni2, lib: /usr/lib/libOpenNI2.so)
-- Found Qhull: optimized;/usr/lib/x86_64-linux-gnu/libqhull.so;debug;/usr/lib/x86_64-linux-gnu/libqhull.so  
-- QHULL found (include: /usr/include, lib: optimized;/usr/lib/x86_64-linux-gnu/libqhull.so;debug;/usr/lib/x86_64-linux-gnu/libqhull.so)
-- OpenNI found (include: /usr/include/ni, lib: /usr/lib/libOpenNI.so)
-- looking for PCL_COMMON
-- Found PCL_COMMON: /usr/lib/x86_64-linux-gnu/libpcl_common.so  
-- looking for PCL_KDTREE
-- Found PCL_KDTREE: /usr/lib/x86_64-linux-gnu/libpcl_kdtree.so  
-- looking for PCL_OCTREE
-- Found PCL_OCTREE: /usr/lib/x86_64-linux-gnu/libpcl_octree.so  
-- looking for PCL_SEARCH
-- Found PCL_SEARCH: /usr/lib/x86_64-linux-gnu/libpcl_search.so  
-- looking for PCL_SAMPLE_CONSENSUS
-- Found PCL_SAMPLE_CONSENSUS: /usr/lib/x86_64-linux-gnu/libpcl_sample_consensus.so  
-- looking for PCL_FILTERS
-- Found PCL_FILTERS: /usr/lib/x86_64-linux-gnu/libpcl_filters.so  
-- looking for PCL_2D
-- Found PCL_2D: /usr/include/pcl-1.10  
-- looking for PCL_GEOMETRY
-- Found PCL_GEOMETRY: /usr/include/pcl-1.10  
-- looking for PCL_IO
-- Found PCL_IO: /usr/lib/x86_64-linux-gnu/libpcl_io.so  
-- looking for PCL_FEATURES
-- Found PCL_FEATURES: /usr/lib/x86_64-linux-gnu/libpcl_features.so  
-- looking for PCL_ML
-- Found PCL_ML: /usr/lib/x86_64-linux-gnu/libpcl_ml.so  
-- looking for PCL_SEGMENTATION
-- Found PCL_SEGMENTATION: /usr/lib/x86_64-linux-gnu/libpcl_segmentation.so  
-- looking for PCL_VISUALIZATION
-- Found PCL_VISUALIZATION: /usr/lib/x86_64-linux-gnu/libpcl_visualization.so  
-- looking for PCL_SURFACE
-- Found PCL_SURFACE: /usr/lib/x86_64-linux-gnu/libpcl_surface.so  
-- looking for PCL_REGISTRATION
-- Found PCL_REGISTRATION: /usr/lib/x86_64-linux-gnu/libpcl_registration.so  
-- looking for PCL_KEYPOINTS
-- Found PCL_KEYPOINTS: /usr/lib/x86_64-linux-gnu/libpcl_keypoints.so  
-- looking for PCL_TRACKING
-- Found PCL_TRACKING: /usr/lib/x86_64-linux-gnu/libpcl_tracking.so  
-- looking for PCL_RECOGNITION
-- Found PCL_RECOGNITION: /usr/lib/x86_64-linux-gnu/libpcl_recognition.so  
-- looking for PCL_STEREO
-- Found PCL_STEREO: /usr/lib/x86_64-linux-gnu/libpcl_stereo.so  
-- looking for PCL_APPS
-- Found PCL_APPS: /usr/lib/x86_64-linux-gnu/libpcl_apps.so  
-- looking for PCL_IN_HAND_SCANNER
-- Found PCL_IN_HAND_SCANNER: /usr/include/pcl-1.10  
-- looking for PCL_POINT_CLOUD_EDITOR
-- Found PCL_POINT_CLOUD_EDITOR: /usr/include/pcl-1.10  
-- looking for PCL_OUTOFCORE
-- Found PCL_OUTOFCORE: /usr/lib/x86_64-linux-gnu/libpcl_outofcore.so  
-- looking for PCL_PEOPLE
-- Found PCL_PEOPLE: /usr/lib/x86_64-linux-gnu/libpcl_people.so  
-- Found PCL: pcl_common;pcl_kdtree;pcl_octree;pcl_search;pcl_sample_consensus;pcl_filters;pcl_io;pcl_features;pcl_ml;pcl_segmentation;pcl_visualization;pcl_surface;pcl_registration;pcl_keypoints;pcl_tracking;pcl_recognition;pcl_stereo;pcl_apps;pcl_outofcore;pcl_people;/usr/lib/x86_64-linux-gnu/libboost_system.so;/usr/lib/x86_64-linux-gnu/libboost_filesystem.so;/usr/lib/x86_64-linux-gnu/libboost_date_time.so;/usr/lib/x86_64-linux-gnu/libboost_iostreams.so;/usr/lib/x86_64-linux-gnu/libboost_regex.so;optimized;/usr/lib/x86_64-linux-gnu/libqhull.so;debug;/usr/lib/x86_64-linux-gnu/libqhull.so;/usr/lib/libOpenNI.so;/usr/lib/libOpenNI2.so;vtkChartsCore;vtkCommonColor;vtkCommonCore;vtksys;vtkCommonDataModel;vtkCommonMath;vtkCommonMisc;vtkCommonSystem;vtkCommonTransforms;vtkCommonExecutionModel;vtkFiltersGeneral;vtkCommonComputationalGeometry;vtkFiltersCore;vtkInfovisCore;vtkFiltersExtraction;vtkFiltersStatistics;vtkImagingFourier;vtkImagingCore;vtkalglib;vtkRenderingContext2D;vtkRenderingCore;vtkFiltersGeometry;vtkFiltersSources;vtkRenderingFreeType;/usr/lib/x86_64-linux-gnu/libfreetype.so;/usr/lib/x86_64-linux-gnu/libz.so;vtkFiltersModeling;vtkImagingSources;vtkInteractionStyle;vtkInteractionWidgets;vtkFiltersHybrid;vtkImagingColor;vtkImagingGeneral;vtkImagingHybrid;vtkIOImage;vtkDICOMParser;vtkmetaio;/usr/lib/x86_64-linux-gnu/libjpeg.so;/usr/lib/x86_64-linux-gnu/libpng.so;/usr/lib/x86_64-linux-gnu/libtiff.so;vtkRenderingAnnotation;vtkRenderingVolume;vtkIOXML;vtkIOCore;vtkIOXMLParser;/usr/lib/x86_64-linux-gnu/libexpat.so;vtkIOGeometry;vtkIOLegacy;vtkIOPLY;vtkRenderingLOD;vtkViewsContext2D;vtkViewsCore;vtkRenderingContextOpenGL2;vtkRenderingOpenGL2;FLANN::FLANN  
-- Found pcl_conversions: 2.2.1 (/opt/ros/foxy/share/pcl_conversions/cmake)
-- Found pcl_ros: 2.2.1 (/opt/ros/foxy/share/pcl_ros/cmake)
-- Found cv_bridge: 3.0.7 (/opt/ros/foxy/share/cv_bridge/cmake)
-- Found ament_lint_auto: 0.9.8 (/opt/ros/foxy/share/ament_lint_auto/cmake)
-- Added test 'copyright' to check source files copyright and LICENSE
-- Added test 'cppcheck' to perform static code analysis on C / C++ code
-- Configured cppcheck include dirs: /home/luke/TARE/cmu_vla_challenge_unity_foxy/src/vehicle_simulator/include
-- Configured cppcheck exclude dirs and/or files: 
-- Added test 'cpplint' to check C / C++ code against the Google style
-- Configured cpplint exclude dirs and/or files: 
-- Added test 'lint_cmake' to check CMake code style
-- Added test 'uncrustify' to check C / C++ code style
-- Configured uncrustify additional arguments: 
-- Added test 'xmllint' to check XML markup files
-- Configuring done (2.3s)
-- Generating done (0.0s)
-- Build files have been written to: /home/luke/TARE/cmu_vla_challenge_unity_foxy/build/vehicle_simulator
[ 25%] [32mBuilding CXX object CMakeFiles/sim_image_repub.dir/src/sim_image_repub.cpp.o[0m
[ 50%] [32mBuilding CXX object CMakeFiles/vehicleSimulator.dir/src/vehicleSimulator.cpp.o[0m
[ 75%] [32m[1mLinking CXX executable sim_image_repub[0m
[ 75%] Built target sim_image_repub
[100%] [32m[1mLinking CXX executable vehicleSimulator[0m
[100%] Built target vehicleSimulator
-- Install configuration: ""
-- Execute custom install script
-- Symlinking: /home/luke/TARE/cmu_vla_challenge_unity_foxy/install/vehicle_simulator/lib/vehicle_simulator/vehicleSimulator
-- Symlinking: /home/luke/TARE/cmu_vla_challenge_unity_foxy/install/vehicle_simulator/lib/vehicle_simulator/sim_image_repub
-- Symlinking: /home/luke/TARE/cmu_vla_challenge_unity_foxy/install/vehicle_simulator/share/vehicle_simulator/launch/system_bagfile.launch
-- Symlinking: /home/luke/TARE/cmu_vla_challenge_unity_foxy/install/vehicle_simulator/share/vehicle_simulator/launch/system_real_robot.launch
-- Symlinking: /home/luke/TARE/cmu_vla_challenge_unity_foxy/install/vehicle_simulator/share/vehicle_simulator/launch/system_unity.launch
-- Symlinking: /home/luke/TARE/cmu_vla_challenge_unity_foxy/install/vehicle_simulator/share/vehicle_simulator/launch/system_unity_with_exploration_planner.launch
-- Symlinking: /home/luke/TARE/cmu_vla_challenge_unity_foxy/install/vehicle_simulator/share/vehicle_simulator/launch/system_unity_with_route_planner.launch
-- Symlinking: /home/luke/TARE/cmu_vla_challenge_unity_foxy/install/vehicle_simulator/share/vehicle_simulator/launch/vehicle_simulator.launch
-- Symlinking: /home/luke/TARE/cmu_vla_challenge_unity_foxy/install/vehicle_simulator/share/vehicle_simulator/log/readme.txt
-- Symlinking: /home/luke/TARE/cmu_vla_challenge_unity_foxy/install/vehicle_simulator/share/vehicle_simulator/mesh/unity/environment/AssetList.csv
-- Symlinking: /home/luke/TARE/cmu_vla_challenge_unity_foxy/install/vehicle_simulator/share/vehicle_simulator/mesh/unity/environment/Categories.csv
-- Symlinking: /home/luke/TARE/cmu_vla_challenge_unity_foxy/install/vehicle_simulator/share/vehicle_simulator/mesh/unity/environment/Dimensions.csv
-- Symlinking: /home/luke/TARE/cmu_vla_challenge_unity_foxy/install/vehicle_simulator/share/vehicle_simulator/mesh/unity/environment/Model.x86_64
-- Symlinking: /home/luke/TARE/cmu_vla_challenge_unity_foxy/install/vehicle_simulator/share/vehicle_simulator/mesh/unity/environment/Model_Data/GI/level0/10/10f02de208dd6958c373e38c9ef537ac.caw
-- Symlinking: /home/luke/TARE/cmu_vla_challenge_unity_foxy/install/vehicle_simulator/share/vehicle_simulator/mesh/unity/environment/Model_Data/GI/level0/10/10f02de208dd6958c373e38c9ef537ac.ecm
-- Symlinking: /home/luke/TARE/cmu_vla_challenge_unity_foxy/install/vehicle_simulator/share/vehicle_simulator/mesh/unity/environment/Model_Data/GI/level0/10/10f02de208dd6958c373e38c9ef537ac.iws.sse
-- Symlinking: /home/luke/TARE/cmu_vla_challenge_unity_foxy/install/vehicle_simulator/share/vehicle_simulator/mesh/unity/environment/Model_Data/GI/level0/10/10f02de208dd6958c373e38c9ef537ac.rgb
-- Symlinking: /home/luke/TARE/cmu_vla_challenge_unity_foxy/install/vehicle_simulator/share/vehicle_simulator/mesh/unity/environment/Model_Data/GI/level0/10/10f02de208dd6958c373e38c9ef537ac.rsc.sse
-- Symlinking: /home/luke/TARE/cmu_vla_challenge_unity_foxy/install/vehicle_simulator/share/vehicle_simulator/mesh/unity/environment/Model_Data/GI/level0/10/10f02de208dd6958c373e38c9ef537ac.vis
-- Symlinking: /home/luke/TARE/cmu_vla_challenge_unity_foxy/install/vehicle_simulator/share/vehicle_simulator/mesh/unity/environment/Model_Data/GI/level0/5c/5cd8c6efc6212d22a5fc9b8c85a28edb.caw
-- Symlinking: /home/luke/TARE/cmu_vla_challenge_unity_foxy/install/vehicle_simulator/share/vehicle_simulator/mesh/unity/environment/Model_Data/GI/level0/5c/5cd8c6efc6212d22a5fc9b8c85a28edb.ecm
-- Symlinking: /home/luke/TARE/cmu_vla_challenge_unity_foxy/install/vehicle_simulator/share/vehicle_simulator/mesh/unity/environment/Model_Data/GI/level0/5c/5cd8c6efc6212d22a5fc9b8c85a28edb.iws.sse
-- Symlinking: /home/luke/TARE/cmu_vla_challenge_unity_foxy/install/vehicle_simulator/share/vehicle_simulator/mesh/unity/environment/Model_Data/GI/level0/5c/5cd8c6efc6212d22a5fc9b8c85a28edb.rgb
-- Symlinking: /home/luke/TARE/cmu_vla_challenge_unity_foxy/install/vehicle_simulator/share/vehicle_simulator/mesh/unity/environment/Model_Data/GI/level0/5c/5cd8c6efc6212d22a5fc9b8c85a28edb.rsc.sse
-- Symlinking: /home/luke/TARE/cmu_vla_challenge_unity_foxy/install/vehicle_simulator/share/vehicle_simulator/mesh/unity/environment/Model_Data/GI/level0/5c/5cd8c6efc6212d22a5fc9b8c85a28edb.vis
-- Symlinking: /home/luke/TARE/cmu_vla_challenge_unity_foxy/install/vehicle_simulator/share/vehicle_simulator/mesh/unity/environment/Model_Data/GI/level0/71/713d2bacfeaa1e917ec37f365c29a1f8.caw
-- Symlinking: /home/luke/TARE/cmu_vla_challenge_unity_foxy/install/vehicle_simulator/share/vehicle_simulator/mesh/unity/environment/Model_Data/GI/level0/71/713d2bacfeaa1e917ec37f365c29a1f8.ecm
-- Symlinking: /home/luke/TARE/cmu_vla_challenge_unity_foxy/install/vehicle_simulator/share/vehicle_simulator/mesh/unity/environment/Model_Data/GI/level0/71/713d2bacfeaa1e917ec37f365c29a1f8.iws.sse
-- Symlinking: /home/luke/TARE/cmu_vla_challenge_unity_foxy/install/vehicle_simulator/share/vehicle_simulator/mesh/unity/environment/Model_Data/GI/level0/71/713d2bacfeaa1e917ec37f365c29a1f8.rgb
-- Symlinking: /home/luke/TARE/cmu_vla_challenge_unity_foxy/install/vehicle_simulator/share/vehicle_simulator/mesh/unity/environment/Model_Data/GI/level0/71/713d2bacfeaa1e917ec37f365c29a1f8.rsc.sse
-- Symlinking: /home/luke/TARE/cmu_vla_challenge_unity_foxy/install/vehicle_simulator/share/vehicle_simulator/mesh/unity/environment/Model_Data/GI/level0/71/713d2bacfeaa1e917ec37f365c29a1f8.vis
-- Symlinking: /home/luke/TARE/cmu_vla_challenge_unity_foxy/install/vehicle_simulator/share/vehicle_simulator/mesh/unity/environment/Model_Data/GI/level0/98/9812a59c1969ee154f8156f359fba179.caw
-- Symlinking: /home/luke/TARE/cmu_vla_challenge_unity_foxy/install/vehicle_simulator/share/vehicle_simulator/mesh/unity/environment/Model_Data/GI/level0/98/9812a59c1969ee154f8156f359fba179.ecm
-- Symlinking: /home/luke/TARE/cmu_vla_challenge_unity_foxy/install/vehicle_simulator/share/vehicle_simulator/mesh/unity/environment/Model_Data/GI/level0/98/9812a59c1969ee154f8156f359fba179.iws.sse
-- Symlinking: /home/luke/TARE/cmu_vla_challenge_unity_foxy/install/vehicle_simulator/share/vehicle_simulator/mesh/unity/environment/Model_Data/GI/level0/98/9812a59c1969ee154f8156f359fba179.rgb
-- Symlinking: /home/luke/TARE/cmu_vla_challenge_unity_foxy/install/vehicle_simulator/share/vehicle_simulator/mesh/unity/environment/Model_Data/GI/level0/98/9812a59c1969ee154f8156f359fba179.rsc.sse
-- Symlinking: /home/luke/TARE/cmu_vla_challenge_unity_foxy/install/vehicle_simulator/share/vehicle_simulator/mesh/unity/environment/Model_Data/GI/level0/98/9812a59c1969ee154f8156f359fba179.vis
-- Symlinking: /home/luke/TARE/cmu_vla_challenge_unity_foxy/install/vehicle_simulator/share/vehicle_simulator/mesh/unity/environment/Model_Data/GI/level0/aa/aa8fd05d1c7462264de962e784885e16.caw
-- Symlinking: /home/luke/TARE/cmu_vla_challenge_unity_foxy/install/vehicle_simulator/share/vehicle_simulator/mesh/unity/environment/Model_Data/GI/level0/aa/aa8fd05d1c7462264de962e784885e16.ecm
-- Symlinking: /home/luke/TARE/cmu_vla_challenge_unity_foxy/install/vehicle_simulator/share/vehicle_simulator/mesh/unity/environment/Model_Data/GI/level0/aa/aa8fd05d1c7462264de962e784885e16.iws.sse
-- Symlinking: /home/luke/TARE/cmu_vla_challenge_unity_foxy/install/vehicle_simulator/share/vehicle_simulator/mesh/unity/environment/Model_Data/GI/level0/aa/aa8fd05d1c7462264de962e784885e16.rgb
-- Symlinking: /home/luke/TARE/cmu_vla_challenge_unity_foxy/install/vehicle_simulator/share/vehicle_simulator/mesh/unity/environment/Model_Data/GI/level0/aa/aa8fd05d1c7462264de962e784885e16.rsc.sse
-- Symlinking: /home/luke/TARE/cmu_vla_challenge_unity_foxy/install/vehicle_simulator/share/vehicle_simulator/mesh/unity/environment/Model_Data/GI/level0/aa/aa8fd05d1c7462264de962e784885e16.vis
-- Symlinking: /home/luke/TARE/cmu_vla_challenge_unity_foxy/install/vehicle_simulator/share/vehicle_simulator/mesh/unity/environment/Model_Data/GI/level0/b7/b77cef2d7e24df4df69909caf8bcec57.caw
-- Symlinking: /home/luke/TARE/cmu_vla_challenge_unity_foxy/install/vehicle_simulator/share/vehicle_simulator/mesh/unity/environment/Model_Data/GI/level0/b7/b77cef2d7e24df4df69909caf8bcec57.ecm
-- Symlinking: /home/luke/TARE/cmu_vla_challenge_unity_foxy/install/vehicle_simulator/share/vehicle_simulator/mesh/unity/environment/Model_Data/GI/level0/b7/b77cef2d7e24df4df69909caf8bcec57.iws.sse
-- Symlinking: /home/luke/TARE/cmu_vla_challenge_unity_foxy/install/vehicle_simulator/share/vehicle_simulator/mesh/unity/environment/Model_Data/GI/level0/b7/b77cef2d7e24df4df69909caf8bcec57.rgb
-- Symlinking: /home/luke/TARE/cmu_vla_challenge_unity_foxy/install/vehicle_simulator/share/vehicle_simulator/mesh/unity/environment/Model_Data/GI/level0/b7/b77cef2d7e24df4df69909caf8bcec57.rsc.sse
-- Symlinking: /home/luke/TARE/cmu_vla_challenge_unity_foxy/install/vehicle_simulator/share/vehicle_simulator/mesh/unity/environment/Model_Data/GI/level0/b7/b77cef2d7e24df4df69909caf8bcec57.vis
-- Symlinking: /home/luke/TARE/cmu_vla_challenge_unity_foxy/install/vehicle_simulator/share/vehicle_simulator/mesh/unity/environment/Model_Data/GI/level0/dc/dc49b887bae970944e1aa1bc1a94d234.caw
-- Symlinking: /home/luke/TARE/cmu_vla_challenge_unity_foxy/install/vehicle_simulator/share/vehicle_simulator/mesh/unity/environment/Model_Data/GI/level0/dc/dc49b887bae970944e1aa1bc1a94d234.ecm
-- Symlinking: /home/luke/TARE/cmu_vla_challenge_unity_foxy/install/vehicle_simulator/share/vehicle_simulator/mesh/unity/environment/Model_Data/GI/level0/dc/dc49b887bae970944e1aa1bc1a94d234.iws.sse
-- Symlinking: /home/luke/TARE/cmu_vla_challenge_unity_foxy/install/vehicle_simulator/share/vehicle_simulator/mesh/unity/environment/Model_Data/GI/level0/dc/dc49b887bae970944e1aa1bc1a94d234.rgb
-- Symlinking: /home/luke/TARE/cmu_vla_challenge_unity_foxy/install/vehicle_simulator/share/vehicle_simulator/mesh/unity/environment/Model_Data/GI/level0/dc/dc49b887bae970944e1aa1bc1a94d234.rsc.sse
-- Symlinking: /home/luke/TARE/cmu_vla_challenge_unity_foxy/install/vehicle_simulator/share/vehicle_simulator/mesh/unity/environment/Model_Data/GI/level0/dc/dc49b887bae970944e1aa1bc1a94d234.vis
-- Symlinking: /home/luke/TARE/cmu_vla_challenge_unity_foxy/install/vehicle_simulator/share/vehicle_simulator/mesh/unity/environment/Model_Data/GI/level0/e6/e6c4bb9533b2458c01a9b90b8ecf78c8.caw
-- Symlinking: /home/luke/TARE/cmu_vla_challenge_unity_foxy/install/vehicle_simulator/share/vehicle_simulator/mesh/unity/environment/Model_Data/GI/level0/e6/e6c4bb9533b2458c01a9b90b8ecf78c8.ecm
-- Symlinking: /home/luke/TARE/cmu_vla_challenge_unity_foxy/install/vehicle_simulator/share/vehicle_simulator/mesh/unity/environment/Model_Data/GI/level0/e6/e6c4bb9533b2458c01a9b90b8ecf78c8.iws.sse
-- Symlinking: /home/luke/TARE/cmu_vla_challenge_unity_foxy/install/vehicle_simulator/share/vehicle_simulator/mesh/unity/environment/Model_Data/GI/level0/e6/e6c4bb9533b2458c01a9b90b8ecf78c8.rgb
-- Symlinking: /home/luke/TARE/cmu_vla_challenge_unity_foxy/install/vehicle_simulator/share/vehicle_simulator/mesh/unity/environment/Model_Data/GI/level0/e6/e6c4bb9533b2458c01a9b90b8ecf78c8.rsc.sse
-- Symlinking: /home/luke/TARE/cmu_vla_challenge_unity_foxy/install/vehicle_simulator/share/vehicle_simulator/mesh/unity/environment/Model_Data/GI/level0/e6/e6c4bb9533b2458c01a9b90b8ecf78c8.vis
-- Symlinking: /home/luke/TARE/cmu_vla_challenge_unity_foxy/install/vehicle_simulator/share/vehicle_simulator/mesh/unity/environment/Model_Data/Managed/Assembly-CSharp.dll
-- Symlinking: /home/luke/TARE/cmu_vla_challenge_unity_foxy/install/vehicle_simulator/share/vehicle_simulator/mesh/unity/environment/Model_Data/Managed/AssimpNet.dll
-- Symlinking: /home/luke/TARE/cmu_vla_challenge_unity_foxy/install/vehicle_simulator/share/vehicle_simulator/mesh/unity/environment/Model_Data/Managed/Mono.Security.dll
-- Symlinking: /home/luke/TARE/cmu_vla_challenge_unity_foxy/install/vehicle_simulator/share/vehicle_simulator/mesh/unity/environment/Model_Data/Managed/System.AppContext.dll
-- Symlinking: /home/luke/TARE/cmu_vla_challenge_unity_foxy/install/vehicle_simulator/share/vehicle_simulator/mesh/unity/environment/Model_Data/Managed/System.Collections.dll
-- Symlinking: /home/luke/TARE/cmu_vla_challenge_unity_foxy/install/vehicle_simulator/share/vehicle_simulator/mesh/unity/environment/Model_Data/Managed/System.ComponentModel.Composition.dll
-- Symlinking: /home/luke/TARE/cmu_vla_challenge_unity_foxy/install/vehicle_simulator/share/vehicle_simulator/mesh/unity/environment/Model_Data/Managed/System.Configuration.dll
-- Symlinking: /home/luke/TARE/cmu_vla_challenge_unity_foxy/install/vehicle_simulator/share/vehicle_simulator/mesh/unity/environment/Model_Data/Managed/System.Console.dll
-- Symlinking: /home/luke/TARE/cmu_vla_challenge_unity_foxy/install/vehicle_simulator/share/vehicle_simulator/mesh/unity/environment/Model_Data/Managed/System.Core.dll
-- Symlinking: /home/luke/TARE/cmu_vla_challenge_unity_foxy/install/vehicle_simulator/share/vehicle_simulator/mesh/unity/environment/Model_Data/Managed/System.Data.DataSetExtensions.dll
-- Symlinking: /home/luke/TARE/cmu_vla_challenge_unity_foxy/install/vehicle_simulator/share/vehicle_simulator/mesh/unity/environment/Model_Data/Managed/System.Data.dll
-- Symlinking: /home/luke/TARE/cmu_vla_challenge_unity_foxy/install/vehicle_simulator/share/vehicle_simulator/mesh/unity/environment/Model_Data/Managed/System.Diagnostics.Debug.dll
-- Symlinking: /home/luke/TARE/cmu_vla_challenge_unity_foxy/install/vehicle_simulator/share/vehicle_simulator/mesh/unity/environment/Model_Data/Managed/System.Drawing.dll
-- Symlinking: /home/luke/TARE/cmu_vla_challenge_unity_foxy/install/vehicle_simulator/share/vehicle_simulator/mesh/unity/environment/Model_Data/Managed/System.EnterpriseServices.dll
-- Symlinking: /home/luke/TARE/cmu_vla_challenge_unity_foxy/install/vehicle_simulator/share/vehicle_simulator/mesh/unity/environment/Model_Data/Managed/System.Globalization.dll
-- Symlinking: /home/luke/TARE/cmu_vla_challenge_unity_foxy/install/vehicle_simulator/share/vehicle_simulator/mesh/unity/environment/Model_Data/Managed/System.IO.Compression.FileSystem.dll
-- Symlinking: /home/luke/TARE/cmu_vla_challenge_unity_foxy/install/vehicle_simulator/share/vehicle_simulator/mesh/unity/environment/Model_Data/Managed/System.IO.Compression.dll
-- Symlinking: /home/luke/TARE/cmu_vla_challenge_unity_foxy/install/vehicle_simulator/share/vehicle_simulator/mesh/unity/environment/Model_Data/Managed/System.IO.FileSystem.dll
-- Symlinking: /home/luke/TARE/cmu_vla_challenge_unity_foxy/install/vehicle_simulator/share/vehicle_simulator/mesh/unity/environment/Model_Data/Managed/System.IO.dll
-- Symlinking: /home/luke/TARE/cmu_vla_challenge_unity_foxy/install/vehicle_simulator/share/vehicle_simulator/mesh/unity/environment/Model_Data/Managed/System.Net.Http.dll
-- Symlinking: /home/luke/TARE/cmu_vla_challenge_unity_foxy/install/vehicle_simulator/share/vehicle_simulator/mesh/unity/environment/Model_Data/Managed/System.Numerics.dll
-- Symlinking: /home/luke/TARE/cmu_vla_challenge_unity_foxy/install/vehicle_simulator/share/vehicle_simulator/mesh/unity/environment/Model_Data/Managed/System.Reflection.Extensions.dll
-- Symlinking: /home/luke/TARE/cmu_vla_challenge_unity_foxy/install/vehicle_simulator/share/vehicle_simulator/mesh/unity/environment/Model_Data/Managed/System.Reflection.dll
-- Symlinking: /home/luke/TARE/cmu_vla_challenge_unity_foxy/install/vehicle_simulator/share/vehicle_simulator/mesh/unity/environment/Model_Data/Managed/System.Runtime.Extensions.dll
-- Symlinking: /home/luke/TARE/cmu_vla_challenge_unity_foxy/install/vehicle_simulator/share/vehicle_simulator/mesh/unity/environment/Model_Data/Managed/System.Runtime.InteropServices.RuntimeInformation.dll
-- Symlinking: /home/luke/TARE/cmu_vla_challenge_unity_foxy/install/vehicle_simulator/share/vehicle_simulator/mesh/unity/environment/Model_Data/Managed/System.Runtime.InteropServices.dll
-- Symlinking: /home/luke/TARE/cmu_vla_challenge_unity_foxy/install/vehicle_simulator/share/vehicle_simulator/mesh/unity/environment/Model_Data/Managed/System.Runtime.Serialization.dll
-- Symlinking: /home/luke/TARE/cmu_vla_challenge_unity_foxy/install/vehicle_simulator/share/vehicle_simulator/mesh/unity/environment/Model_Data/Managed/System.Runtime.dll
-- Symlinking: /home/luke/TARE/cmu_vla_challenge_unity_foxy/install/vehicle_simulator/share/vehicle_simulator/mesh/unity/environment/Model_Data/Managed/System.Security.dll
-- Symlinking: /home/luke/TARE/cmu_vla_challenge_unity_foxy/install/vehicle_simulator/share/vehicle_simulator/mesh/unity/environment/Model_Data/Managed/System.ServiceModel.Internals.dll
-- Symlinking: /home/luke/TARE/cmu_vla_challenge_unity_foxy/install/vehicle_simulator/share/vehicle_simulator/mesh/unity/environment/Model_Data/Managed/System.Text.Encoding.dll
-- Symlinking: /home/luke/TARE/cmu_vla_challenge_unity_foxy/install/vehicle_simulator/share/vehicle_simulator/mesh/unity/environment/Model_Data/Managed/System.Threading.dll
-- Symlinking: /home/luke/TARE/cmu_vla_challenge_unity_foxy/install/vehicle_simulator/share/vehicle_simulator/mesh/unity/environment/Model_Data/Managed/System.Transactions.dll
-- Symlinking: /home/luke/TARE/cmu_vla_challenge_unity_foxy/install/vehicle_simulator/share/vehicle_simulator/mesh/unity/environment/Model_Data/Managed/System.Xml.Linq.dll
-- Symlinking: /home/luke/TARE/cmu_vla_challenge_unity_foxy/install/vehicle_simulator/share/vehicle_simulator/mesh/unity/environment/Model_Data/Managed/System.Xml.dll
-- Symlinking: /home/luke/TARE/cmu_vla_challenge_unity_foxy/install/vehicle_simulator/share/vehicle_simulator/mesh/unity/environment/Model_Data/Managed/System.dll
-- Symlinking: /home/luke/TARE/cmu_vla_challenge_unity_foxy/install/vehicle_simulator/share/vehicle_simulator/mesh/unity/environment/Model_Data/Managed/Unity.AI.Navigation.dll
-- Symlinking: /home/luke/TARE/cmu_vla_challenge_unity_foxy/install/vehicle_simulator/share/vehicle_simulator/mesh/unity/environment/Model_Data/Managed/Unity.Mathematics.dll
-- Symlinking: /home/luke/TARE/cmu_vla_challenge_unity_foxy/install/vehicle_simulator/share/vehicle_simulator/mesh/unity/environment/Model_Data/Managed/Unity.Robotics.Nav2Example.dll
-- Symlinking: /home/luke/TARE/cmu_vla_challenge_unity_foxy/install/vehicle_simulator/share/vehicle_simulator/mesh/unity/environment/Model_Data/Managed/Unity.Robotics.ROSTCPConnector.dll
-- Symlinking: /home/luke/TARE/cmu_vla_challenge_unity_foxy/install/vehicle_simulator/share/vehicle_simulator/mesh/unity/environment/Model_Data/Managed/Unity.Robotics.UrdfImporter.dll
-- Symlinking: /home/luke/TARE/cmu_vla_challenge_unity_foxy/install/vehicle_simulator/share/vehicle_simulator/mesh/unity/environment/Model_Data/Managed/Unity.Robotics.Visualizations.dll
-- Symlinking: /home/luke/TARE/cmu_vla_challenge_unity_foxy/install/vehicle_simulator/share/vehicle_simulator/mesh/unity/environment/Model_Data/Managed/Unity.TextMeshPro.dll
-- Symlinking: /home/luke/TARE/cmu_vla_challenge_unity_foxy/install/vehicle_simulator/share/vehicle_simulator/mesh/unity/environment/Model_Data/Managed/Unity.Timeline.dll
-- Symlinking: /home/luke/TARE/cmu_vla_challenge_unity_foxy/install/vehicle_simulator/share/vehicle_simulator/mesh/unity/environment/Model_Data/Managed/UnityEngine.AIModule.dll
-- Symlinking: /home/luke/TARE/cmu_vla_challenge_unity_foxy/install/vehicle_simulator/share/vehicle_simulator/mesh/unity/environment/Model_Data/Managed/UnityEngine.AccessibilityModule.dll
-- Symlinking: /home/luke/TARE/cmu_vla_challenge_unity_foxy/install/vehicle_simulator/share/vehicle_simulator/mesh/unity/environment/Model_Data/Managed/UnityEngine.AndroidJNIModule.dll
-- Symlinking: /home/luke/TARE/cmu_vla_challenge_unity_foxy/install/vehicle_simulator/share/vehicle_simulator/mesh/unity/environment/Model_Data/Managed/UnityEngine.AnimationModule.dll
-- Symlinking: /home/luke/TARE/cmu_vla_challenge_unity_foxy/install/vehicle_simulator/share/vehicle_simulator/mesh/unity/environment/Model_Data/Managed/UnityEngine.AssetBundleModule.dll
-- Symlinking: /home/luke/TARE/cmu_vla_challenge_unity_foxy/install/vehicle_simulator/share/vehicle_simulator/mesh/unity/environment/Model_Data/Managed/UnityEngine.AudioModule.dll
-- Symlinking: /home/luke/TARE/cmu_vla_challenge_unity_foxy/install/vehicle_simulator/share/vehicle_simulator/mesh/unity/environment/Model_Data/Managed/UnityEngine.ClothModule.dll
-- Symlinking: /home/luke/TARE/cmu_vla_challenge_unity_foxy/install/vehicle_simulator/share/vehicle_simulator/mesh/unity/environment/Model_Data/Managed/UnityEngine.ClusterInputModule.dll
-- Symlinking: /home/luke/TARE/cmu_vla_challenge_unity_foxy/install/vehicle_simulator/share/vehicle_simulator/mesh/unity/environment/Model_Data/Managed/UnityEngine.ClusterRendererModule.dll
-- Symlinking: /home/luke/TARE/cmu_vla_challenge_unity_foxy/install/vehicle_simulator/share/vehicle_simulator/mesh/unity/environment/Model_Data/Managed/UnityEngine.ContentLoadModule.dll
-- Symlinking: /home/luke/TARE/cmu_vla_challenge_unity_foxy/install/vehicle_simulator/share/vehicle_simulator/mesh/unity/environment/Model_Data/Managed/UnityEngine.CoreModule.dll
-- Symlinking: /home/luke/TARE/cmu_vla_challenge_unity_foxy/install/vehicle_simulator/share/vehicle_simulator/mesh/unity/environment/Model_Data/Managed/UnityEngine.CrashReportingModule.dll
-- Symlinking: /home/luke/TARE/cmu_vla_challenge_unity_foxy/install/vehicle_simulator/share/vehicle_simulator/mesh/unity/environment/Model_Data/Managed/UnityEngine.DSPGraphModule.dll
-- Symlinking: /home/luke/TARE/cmu_vla_challenge_unity_foxy/install/vehicle_simulator/share/vehicle_simulator/mesh/unity/environment/Model_Data/Managed/UnityEngine.DirectorModule.dll
-- Symlinking: /home/luke/TARE/cmu_vla_challenge_unity_foxy/install/vehicle_simulator/share/vehicle_simulator/mesh/unity/environment/Model_Data/Managed/UnityEngine.GIModule.dll
-- Symlinking: /home/luke/TARE/cmu_vla_challenge_unity_foxy/install/vehicle_simulator/share/vehicle_simulator/mesh/unity/environment/Model_Data/Managed/UnityEngine.GameCenterModule.dll
-- Symlinking: /home/luke/TARE/cmu_vla_challenge_unity_foxy/install/vehicle_simulator/share/vehicle_simulator/mesh/unity/environment/Model_Data/Managed/UnityEngine.GridModule.dll
-- Symlinking: /home/luke/TARE/cmu_vla_challenge_unity_foxy/install/vehicle_simulator/share/vehicle_simulator/mesh/unity/environment/Model_Data/Managed/UnityEngine.HotReloadModule.dll
-- Symlinking: /home/luke/TARE/cmu_vla_challenge_unity_foxy/install/vehicle_simulator/share/vehicle_simulator/mesh/unity/environment/Model_Data/Managed/UnityEngine.IMGUIModule.dll
-- Symlinking: /home/luke/TARE/cmu_vla_challenge_unity_foxy/install/vehicle_simulator/share/vehicle_simulator/mesh/unity/environment/Model_Data/Managed/UnityEngine.ImageConversionModule.dll
-- Symlinking: /home/luke/TARE/cmu_vla_challenge_unity_foxy/install/vehicle_simulator/share/vehicle_simulator/mesh/unity/environment/Model_Data/Managed/UnityEngine.InputLegacyModule.dll
-- Symlinking: /home/luke/TARE/cmu_vla_challenge_unity_foxy/install/vehicle_simulator/share/vehicle_simulator/mesh/unity/environment/Model_Data/Managed/UnityEngine.InputModule.dll
-- Symlinking: /home/luke/TARE/cmu_vla_challenge_unity_foxy/install/vehicle_simulator/share/vehicle_simulator/mesh/unity/environment/Model_Data/Managed/UnityEngine.JSONSerializeModule.dll
-- Symlinking: /home/luke/TARE/cmu_vla_challenge_unity_foxy/install/vehicle_simulator/share/vehicle_simulator/mesh/unity/environment/Model_Data/Managed/UnityEngine.LocalizationModule.dll
-- Symlinking: /home/luke/TARE/cmu_vla_challenge_unity_foxy/install/vehicle_simulator/share/vehicle_simulator/mesh/unity/environment/Model_Data/Managed/UnityEngine.ParticleSystemModule.dll
-- Symlinking: /home/luke/TARE/cmu_vla_challenge_unity_foxy/install/vehicle_simulator/share/vehicle_simulator/mesh/unity/environment/Model_Data/Managed/UnityEngine.PerformanceReportingModule.dll
-- Symlinking: /home/luke/TARE/cmu_vla_challenge_unity_foxy/install/vehicle_simulator/share/vehicle_simulator/mesh/unity/environment/Model_Data/Managed/UnityEngine.Physics2DModule.dll
-- Symlinking: /home/luke/TARE/cmu_vla_challenge_unity_foxy/install/vehicle_simulator/share/vehicle_simulator/mesh/unity/environment/Model_Data/Managed/UnityEngine.PhysicsModule.dll
-- Symlinking: /home/luke/TARE/cmu_vla_challenge_unity_foxy/install/vehicle_simulator/share/vehicle_simulator/mesh/unity/environment/Model_Data/Managed/UnityEngine.ProfilerModule.dll
-- Symlinking: /home/luke/TARE/cmu_vla_challenge_unity_foxy/install/vehicle_simulator/share/vehicle_simulator/mesh/unity/environment/Model_Data/Managed/UnityEngine.PropertiesModule.dll
-- Symlinking: /home/luke/TARE/cmu_vla_challenge_unity_foxy/install/vehicle_simulator/share/vehicle_simulator/mesh/unity/environment/Model_Data/Managed/UnityEngine.RuntimeInitializeOnLoadManagerInitializerModule.dll
-- Symlinking: /home/luke/TARE/cmu_vla_challenge_unity_foxy/install/vehicle_simulator/share/vehicle_simulator/mesh/unity/environment/Model_Data/Managed/UnityEngine.ScreenCaptureModule.dll
-- Symlinking: /home/luke/TARE/cmu_vla_challenge_unity_foxy/install/vehicle_simulator/share/vehicle_simulator/mesh/unity/environment/Model_Data/Managed/UnityEngine.SharedInternalsModule.dll
-- Symlinking: /home/luke/TARE/cmu_vla_challenge_unity_foxy/install/vehicle_simulator/share/vehicle_simulator/mesh/unity/environment/Model_Data/Managed/UnityEngine.SpriteMaskModule.dll
-- Symlinking: /home/luke/TARE/cmu_vla_challenge_unity_foxy/install/vehicle_simulator/share/vehicle_simulator/mesh/unity/environment/Model_Data/Managed/UnityEngine.SpriteShapeModule.dll
-- Symlinking: /home/luke/TARE/cmu_vla_challenge_unity_foxy/install/vehicle_simulator/share/vehicle_simulator/mesh/unity/environment/Model_Data/Managed/UnityEngine.StreamingModule.dll
-- Symlinking: /home/luke/TARE/cmu_vla_challenge_unity_foxy/install/vehicle_simulator/share/vehicle_simulator/mesh/unity/environment/Model_Data/Managed/UnityEngine.SubstanceModule.dll
-- Symlinking: /home/luke/TARE/cmu_vla_challenge_unity_foxy/install/vehicle_simulator/share/vehicle_simulator/mesh/unity/environment/Model_Data/Managed/UnityEngine.SubsystemsModule.dll
-- Symlinking: /home/luke/TARE/cmu_vla_challenge_unity_foxy/install/vehicle_simulator/share/vehicle_simulator/mesh/unity/environment/Model_Data/Managed/UnityEngine.TLSModule.dll
-- Symlinking: /home/luke/TARE/cmu_vla_challenge_unity_foxy/install/vehicle_simulator/share/vehicle_simulator/mesh/unity/environment/Model_Data/Managed/UnityEngine.TerrainModule.dll
-- Symlinking: /home/luke/TARE/cmu_vla_challenge_unity_foxy/install/vehicle_simulator/share/vehicle_simulator/mesh/unity/environment/Model_Data/Managed/UnityEngine.TerrainPhysicsModule.dll
-- Symlinking: /home/luke/TARE/cmu_vla_challenge_unity_foxy/install/vehicle_simulator/share/vehicle_simulator/mesh/unity/environment/Model_Data/Managed/UnityEngine.TextCoreFontEngineModule.dll
-- Symlinking: /home/luke/TARE/cmu_vla_challenge_unity_foxy/install/vehicle_simulator/share/vehicle_simulator/mesh/unity/environment/Model_Data/Managed/UnityEngine.TextCoreTextEngineModule.dll
-- Symlinking: /home/luke/TARE/cmu_vla_challenge_unity_foxy/install/vehicle_simulator/share/vehicle_simulator/mesh/unity/environment/Model_Data/Managed/UnityEngine.TextRenderingModule.dll
-- Symlinking: /home/luke/TARE/cmu_vla_challenge_unity_foxy/install/vehicle_simulator/share/vehicle_simulator/mesh/unity/environment/Model_Data/Managed/UnityEngine.TilemapModule.dll
-- Symlinking: /home/luke/TARE/cmu_vla_challenge_unity_foxy/install/vehicle_simulator/share/vehicle_simulator/mesh/unity/environment/Model_Data/Managed/UnityEngine.UI.dll
-- Symlinking: /home/luke/TARE/cmu_vla_challenge_unity_foxy/install/vehicle_simulator/share/vehicle_simulator/mesh/unity/environment/Model_Data/Managed/UnityEngine.UIElementsModule.dll
-- Symlinking: /home/luke/TARE/cmu_vla_challenge_unity_foxy/install/vehicle_simulator/share/vehicle_simulator/mesh/unity/environment/Model_Data/Managed/UnityEngine.UIModule.dll
-- Symlinking: /home/luke/TARE/cmu_vla_challenge_unity_foxy/install/vehicle_simulator/share/vehicle_simulator/mesh/unity/environment/Model_Data/Managed/UnityEngine.UmbraModule.dll
-- Symlinking: /home/luke/TARE/cmu_vla_challenge_unity_foxy/install/vehicle_simulator/share/vehicle_simulator/mesh/unity/environment/Model_Data/Managed/UnityEngine.UnityAnalyticsCommonModule.dll
-- Symlinking: /home/luke/TARE/cmu_vla_challenge_unity_foxy/install/vehicle_simulator/share/vehicle_simulator/mesh/unity/environment/Model_Data/Managed/UnityEngine.UnityAnalyticsModule.dll
-- Symlinking: /home/luke/TARE/cmu_vla_challenge_unity_foxy/install/vehicle_simulator/share/vehicle_simulator/mesh/unity/environment/Model_Data/Managed/UnityEngine.UnityConnectModule.dll
-- Symlinking: /home/luke/TARE/cmu_vla_challenge_unity_foxy/install/vehicle_simulator/share/vehicle_simulator/mesh/unity/environment/Model_Data/Managed/UnityEngine.UnityCurlModule.dll
-- Symlinking: /home/luke/TARE/cmu_vla_challenge_unity_foxy/install/vehicle_simulator/share/vehicle_simulator/mesh/unity/environment/Model_Data/Managed/UnityEngine.UnityTestProtocolModule.dll
-- Symlinking: /home/luke/TARE/cmu_vla_challenge_unity_foxy/install/vehicle_simulator/share/vehicle_simulator/mesh/unity/environment/Model_Data/Managed/UnityEngine.UnityWebRequestAssetBundleModule.dll
-- Symlinking: /home/luke/TARE/cmu_vla_challenge_unity_foxy/install/vehicle_simulator/share/vehicle_simulator/mesh/unity/environment/Model_Data/Managed/UnityEngine.UnityWebRequestAudioModule.dll
-- Symlinking: /home/luke/TARE/cmu_vla_challenge_unity_foxy/install/vehicle_simulator/share/vehicle_simulator/mesh/unity/environment/Model_Data/Managed/UnityEngine.UnityWebRequestModule.dll
-- Symlinking: /home/luke/TARE/cmu_vla_challenge_unity_foxy/install/vehicle_simulator/share/vehicle_simulator/mesh/unity/environment/Model_Data/Managed/UnityEngine.UnityWebRequestTextureModule.dll
-- Symlinking: /home/luke/TARE/cmu_vla_challenge_unity_foxy/install/vehicle_simulator/share/vehicle_simulator/mesh/unity/environment/Model_Data/Managed/UnityEngine.UnityWebRequestWWWModule.dll
-- Symlinking: /home/luke/TARE/cmu_vla_challenge_unity_foxy/install/vehicle_simulator/share/vehicle_simulator/mesh/unity/environment/Model_Data/Managed/UnityEngine.VFXModule.dll
-- Symlinking: /home/luke/TARE/cmu_vla_challenge_unity_foxy/install/vehicle_simulator/share/vehicle_simulator/mesh/unity/environment/Model_Data/Managed/UnityEngine.VRModule.dll
-- Symlinking: /home/luke/TARE/cmu_vla_challenge_unity_foxy/install/vehicle_simulator/share/vehicle_simulator/mesh/unity/environment/Model_Data/Managed/UnityEngine.VehiclesModule.dll
-- Symlinking: /home/luke/TARE/cmu_vla_challenge_unity_foxy/install/vehicle_simulator/share/vehicle_simulator/mesh/unity/environment/Model_Data/Managed/UnityEngine.VideoModule.dll
-- Symlinking: /home/luke/TARE/cmu_vla_challenge_unity_foxy/install/vehicle_simulator/share/vehicle_simulator/mesh/unity/environment/Model_Data/Managed/UnityEngine.VirtualTexturingModule.dll
-- Symlinking: /home/luke/TARE/cmu_vla_challenge_unity_foxy/install/vehicle_simulator/share/vehicle_simulator/mesh/unity/environment/Model_Data/Managed/UnityEngine.WindModule.dll
-- Symlinking: /home/luke/TARE/cmu_vla_challenge_unity_foxy/install/vehicle_simulator/share/vehicle_simulator/mesh/unity/environment/Model_Data/Managed/UnityEngine.XRModule.dll
-- Symlinking: /home/luke/TARE/cmu_vla_challenge_unity_foxy/install/vehicle_simulator/share/vehicle_simulator/mesh/unity/environment/Model_Data/Managed/UnityEngine.dll
-- Symlinking: /home/luke/TARE/cmu_vla_challenge_unity_foxy/install/vehicle_simulator/share/vehicle_simulator/mesh/unity/environment/Model_Data/Managed/mscorlib.dll
-- Symlinking: /home/luke/TARE/cmu_vla_challenge_unity_foxy/install/vehicle_simulator/share/vehicle_simulator/mesh/unity/environment/Model_Data/Managed/netstandard.dll
-- Symlinking: /home/luke/TARE/cmu_vla_challenge_unity_foxy/install/vehicle_simulator/share/vehicle_simulator/mesh/unity/environment/Model_Data/Managed/vhacd.dll
-- Symlinking: /home/luke/TARE/cmu_vla_challenge_unity_foxy/install/vehicle_simulator/share/vehicle_simulator/mesh/unity/environment/Model_Data/MonoBleedingEdge/etc/config
-- Symlinking: /home/luke/TARE/cmu_vla_challenge_unity_foxy/install/vehicle_simulator/share/vehicle_simulator/mesh/unity/environment/Model_Data/MonoBleedingEdge/etc/mono/2.0/Browsers/Compat.browser
-- Symlinking: /home/luke/TARE/cmu_vla_challenge_unity_foxy/install/vehicle_simulator/share/vehicle_simulator/mesh/unity/environment/Model_Data/MonoBleedingEdge/etc/mono/2.0/DefaultWsdlHelpGenerator.aspx
-- Symlinking: /home/luke/TARE/cmu_vla_challenge_unity_foxy/install/vehicle_simulator/share/vehicle_simulator/mesh/unity/environment/Model_Data/MonoBleedingEdge/etc/mono/2.0/machine.config
-- Symlinking: /home/luke/TARE/cmu_vla_challenge_unity_foxy/install/vehicle_simulator/share/vehicle_simulator/mesh/unity/environment/Model_Data/MonoBleedingEdge/etc/mono/2.0/settings.map
-- Symlinking: /home/luke/TARE/cmu_vla_challenge_unity_foxy/install/vehicle_simulator/share/vehicle_simulator/mesh/unity/environment/Model_Data/MonoBleedingEdge/etc/mono/2.0/web.config
-- Symlinking: /home/luke/TARE/cmu_vla_challenge_unity_foxy/install/vehicle_simulator/share/vehicle_simulator/mesh/unity/environment/Model_Data/MonoBleedingEdge/etc/mono/4.0/Browsers/Compat.browser
-- Symlinking: /home/luke/TARE/cmu_vla_challenge_unity_foxy/install/vehicle_simulator/share/vehicle_simulator/mesh/unity/environment/Model_Data/MonoBleedingEdge/etc/mono/4.0/DefaultWsdlHelpGenerator.aspx
-- Symlinking: /home/luke/TARE/cmu_vla_challenge_unity_foxy/install/vehicle_simulator/share/vehicle_simulator/mesh/unity/environment/Model_Data/MonoBleedingEdge/etc/mono/4.0/machine.config
-- Symlinking: /home/luke/TARE/cmu_vla_challenge_unity_foxy/install/vehicle_simulator/share/vehicle_simulator/mesh/unity/environment/Model_Data/MonoBleedingEdge/etc/mono/4.0/settings.map
-- Symlinking: /home/luke/TARE/cmu_vla_challenge_unity_foxy/install/vehicle_simulator/share/vehicle_simulator/mesh/unity/environment/Model_Data/MonoBleedingEdge/etc/mono/4.0/web.config
-- Symlinking: /home/luke/TARE/cmu_vla_challenge_unity_foxy/install/vehicle_simulator/share/vehicle_simulator/mesh/unity/environment/Model_Data/MonoBleedingEdge/etc/mono/4.5/Browsers/Compat.browser
-- Symlinking: /home/luke/TARE/cmu_vla_challenge_unity_foxy/install/vehicle_simulator/share/vehicle_simulator/mesh/unity/environment/Model_Data/MonoBleedingEdge/etc/mono/4.5/DefaultWsdlHelpGenerator.aspx
-- Symlinking: /home/luke/TARE/cmu_vla_challenge_unity_foxy/install/vehicle_simulator/share/vehicle_simulator/mesh/unity/environment/Model_Data/MonoBleedingEdge/etc/mono/4.5/machine.config
-- Symlinking: /home/luke/TARE/cmu_vla_challenge_unity_foxy/install/vehicle_simulator/share/vehicle_simulator/mesh/unity/environment/Model_Data/MonoBleedingEdge/etc/mono/4.5/settings.map
-- Symlinking: /home/luke/TARE/cmu_vla_challenge_unity_foxy/install/vehicle_simulator/share/vehicle_simulator/mesh/unity/environment/Model_Data/MonoBleedingEdge/etc/mono/4.5/web.config
-- Symlinking: /home/luke/TARE/cmu_vla_challenge_unity_foxy/install/vehicle_simulator/share/vehicle_simulator/mesh/unity/environment/Model_Data/MonoBleedingEdge/etc/mono/browscap.ini
-- Symlinking: /home/luke/TARE/cmu_vla_challenge_unity_foxy/install/vehicle_simulator/share/vehicle_simulator/mesh/unity/environment/Model_Data/MonoBleedingEdge/etc/mono/config
-- Symlinking: /home/luke/TARE/cmu_vla_challenge_unity_foxy/install/vehicle_simulator/share/vehicle_simulator/mesh/unity/environment/Model_Data/MonoBleedingEdge/etc/mono/mconfig/config.xml
-- Symlinking: /home/luke/TARE/cmu_vla_challenge_unity_foxy/install/vehicle_simulator/share/vehicle_simulator/mesh/unity/environment/Model_Data/MonoBleedingEdge/x86_64/libMonoPosixHelper.so
-- Symlinking: /home/luke/TARE/cmu_vla_challenge_unity_foxy/install/vehicle_simulator/share/vehicle_simulator/mesh/unity/environment/Model_Data/MonoBleedingEdge/x86_64/libmono-native.so
-- Symlinking: /home/luke/TARE/cmu_vla_challenge_unity_foxy/install/vehicle_simulator/share/vehicle_simulator/mesh/unity/environment/Model_Data/MonoBleedingEdge/x86_64/libmonobdwgc-2.0.so
-- Symlinking: /home/luke/TARE/cmu_vla_challenge_unity_foxy/install/vehicle_simulator/share/vehicle_simulator/mesh/unity/environment/Model_Data/Plugins/libassimp.so
-- Symlinking: /home/luke/TARE/cmu_vla_challenge_unity_foxy/install/vehicle_simulator/share/vehicle_simulator/mesh/unity/environment/Model_Data/Plugins/liblibvhacd.so
-- Symlinking: /home/luke/TARE/cmu_vla_challenge_unity_foxy/install/vehicle_simulator/share/vehicle_simulator/mesh/unity/environment/Model_Data/Resources/UnityPlayer.png
-- Symlinking: /home/luke/TARE/cmu_vla_challenge_unity_foxy/install/vehicle_simulator/share/vehicle_simulator/mesh/unity/environment/Model_Data/Resources/unity default resources
-- Symlinking: /home/luke/TARE/cmu_vla_challenge_unity_foxy/install/vehicle_simulator/share/vehicle_simulator/mesh/unity/environment/Model_Data/Resources/unity_builtin_extra
-- Symlinking: /home/luke/TARE/cmu_vla_challenge_unity_foxy/install/vehicle_simulator/share/vehicle_simulator/mesh/unity/environment/Model_Data/RuntimeInitializeOnLoads.json
-- Symlinking: /home/luke/TARE/cmu_vla_challenge_unity_foxy/install/vehicle_simulator/share/vehicle_simulator/mesh/unity/environment/Model_Data/ScriptingAssemblies.json
-- Symlinking: /home/luke/TARE/cmu_vla_challenge_unity_foxy/install/vehicle_simulator/share/vehicle_simulator/mesh/unity/environment/Model_Data/app.info
-- Symlinking: /home/luke/TARE/cmu_vla_challenge_unity_foxy/install/vehicle_simulator/share/vehicle_simulator/mesh/unity/environment/Model_Data/boot.config
-- Symlinking: /home/luke/TARE/cmu_vla_challenge_unity_foxy/install/vehicle_simulator/share/vehicle_simulator/mesh/unity/environment/Model_Data/globalgamemanagers
-- Symlinking: /home/luke/TARE/cmu_vla_challenge_unity_foxy/install/vehicle_simulator/share/vehicle_simulator/mesh/unity/environment/Model_Data/globalgamemanagers.assets
-- Symlinking: /home/luke/TARE/cmu_vla_challenge_unity_foxy/install/vehicle_simulator/share/vehicle_simulator/mesh/unity/environment/Model_Data/globalgamemanagers.assets.resS
-- Symlinking: /home/luke/TARE/cmu_vla_challenge_unity_foxy/install/vehicle_simulator/share/vehicle_simulator/mesh/unity/environment/Model_Data/level0
-- Symlinking: /home/luke/TARE/cmu_vla_challenge_unity_foxy/install/vehicle_simulator/share/vehicle_simulator/mesh/unity/environment/Model_Data/level0.resS
-- Symlinking: /home/luke/TARE/cmu_vla_challenge_unity_foxy/install/vehicle_simulator/share/vehicle_simulator/mesh/unity/environment/Model_Data/resources.assets
-- Symlinking: /home/luke/TARE/cmu_vla_challenge_unity_foxy/install/vehicle_simulator/share/vehicle_simulator/mesh/unity/environment/Model_Data/resources.assets.resS
-- Symlinking: /home/luke/TARE/cmu_vla_challenge_unity_foxy/install/vehicle_simulator/share/vehicle_simulator/mesh/unity/environment/Model_Data/sharedassets0.assets
-- Symlinking: /home/luke/TARE/cmu_vla_challenge_unity_foxy/install/vehicle_simulator/share/vehicle_simulator/mesh/unity/environment/Model_Data/sharedassets0.assets.resS
-- Symlinking: /home/luke/TARE/cmu_vla_challenge_unity_foxy/install/vehicle_simulator/share/vehicle_simulator/mesh/unity/environment/UnityPlayer.so
-- Symlinking: /home/luke/TARE/cmu_vla_challenge_unity_foxy/install/vehicle_simulator/share/vehicle_simulator/mesh/unity/map.jpg
-- Symlinking: /home/luke/TARE/cmu_vla_challenge_unity_foxy/install/vehicle_simulator/share/vehicle_simulator/mesh/unity/map.ply
-- Symlinking: /home/luke/TARE/cmu_vla_challenge_unity_foxy/install/vehicle_simulator/share/vehicle_simulator/mesh/unity/object_list.txt
-- Symlinking: /home/luke/TARE/cmu_vla_challenge_unity_foxy/install/vehicle_simulator/share/vehicle_simulator/mesh/unity/readme.txt
-- Symlinking: /home/luke/TARE/cmu_vla_challenge_unity_foxy/install/vehicle_simulator/share/vehicle_simulator/mesh/unity/render.jpg
-- Symlinking: /home/luke/TARE/cmu_vla_challenge_unity_foxy/install/vehicle_simulator/share/vehicle_simulator/mesh/unity/traversable_area.ply
-- Symlinking: /home/luke/TARE/cmu_vla_challenge_unity_foxy/install/vehicle_simulator/share/vehicle_simulator/rviz/vehicle_simulator.rviz
-- Symlinking: /home/luke/TARE/cmu_vla_challenge_unity_foxy/install/vehicle_simulator/share/ament_index/resource_index/package_run_dependencies/vehicle_simulator
-- Symlinking: /home/luke/TARE/cmu_vla_challenge_unity_foxy/install/vehicle_simulator/share/ament_index/resource_index/parent_prefix_path/vehicle_simulator
-- Symlinking: /home/luke/TARE/cmu_vla_challenge_unity_foxy/install/vehicle_simulator/share/vehicle_simulator/environment/ament_prefix_path.sh
-- Symlinking: /home/luke/TARE/cmu_vla_challenge_unity_foxy/install/vehicle_simulator/share/vehicle_simulator/environment/ament_prefix_path.dsv
-- Symlinking: /home/luke/TARE/cmu_vla_challenge_unity_foxy/install/vehicle_simulator/share/vehicle_simulator/environment/path.sh
-- Symlinking: /home/luke/TARE/cmu_vla_challenge_unity_foxy/install/vehicle_simulator/share/vehicle_simulator/environment/path.dsv
-- Symlinking: /home/luke/TARE/cmu_vla_challenge_unity_foxy/install/vehicle_simulator/share/vehicle_simulator/local_setup.bash
-- Symlinking: /home/luke/TARE/cmu_vla_challenge_unity_foxy/install/vehicle_simulator/share/vehicle_simulator/local_setup.sh
-- Symlinking: /home/luke/TARE/cmu_vla_challenge_unity_foxy/install/vehicle_simulator/share/vehicle_simulator/local_setup.zsh
-- Symlinking: /home/luke/TARE/cmu_vla_challenge_unity_foxy/install/vehicle_simulator/share/vehicle_simulator/local_setup.dsv
-- Symlinking: /home/luke/TARE/cmu_vla_challenge_unity_foxy/install/vehicle_simulator/share/vehicle_simulator/package.dsv
-- Symlinking: /home/luke/TARE/cmu_vla_challenge_unity_foxy/install/vehicle_simulator/share/ament_index/resource_index/packages/vehicle_simulator
-- Symlinking: /home/luke/TARE/cmu_vla_challenge_unity_foxy/install/vehicle_simulator/share/vehicle_simulator/cmake/vehicle_simulatorConfig.cmake
-- Symlinking: /home/luke/TARE/cmu_vla_challenge_unity_foxy/install/vehicle_simulator/share/vehicle_simulator/cmake/vehicle_simulatorConfig-version.cmake
-- Symlinking: /home/luke/TARE/cmu_vla_challenge_unity_foxy/install/vehicle_simulator/share/vehicle_simulator/package.xml
