[0.204s] Invoking command in '/home/luke/TARE/cmu_vla_challenge_unity_foxy/build/semantic_scan_generation': CMAKE_PREFIX_PATH=${CMAKE_PREFIX_PATH}:/home/luke/TARE/cmu_vla_challenge_unity_foxy/install/ros_tcp_endpoint:/opt/ros/foxy /home/luke/.local/bin/cmake /home/luke/TARE/cmu_vla_challenge_unity_foxy/src/semantic_scan_generation -DAMENT_CMAKE_SYMLINK_INSTALL=1 -DCMAKE_INSTALL_PREFIX=/home/luke/TARE/cmu_vla_challenge_unity_foxy/install/semantic_scan_generation
[0.251s] -- The C compiler identification is GNU 8.4.0
[0.284s] -- The CXX compiler identification is GNU 8.4.0
[0.299s] -- Detecting C compiler ABI info
[0.333s] -- Detecting C compiler ABI info - done
[0.340s] -- Check for working C compiler: /usr/bin/cc - skipped
[0.340s] -- Detecting C compile features
[0.340s] -- Detecting C compile features - done
[0.347s] -- Detecting CXX compiler ABI info
[0.389s] -- Detecting CXX compiler ABI info - done
[0.402s] -- Check for working CXX compiler: /usr/bin/c++ - skipped
[0.402s] -- Detecting CXX compile features
[0.403s] -- Detecting CXX compile features - done
[0.405s] -- Found ament_cmake: 0.9.12 (/opt/ros/foxy/share/ament_cmake/cmake)
[0.409s] [33mCMake Warning (dev) at /opt/ros/foxy/share/ament_cmake_core/cmake/core/python.cmake:22 (find_package):
[0.409s]   Policy CMP0148 is not set: The FindPythonInterp and FindPythonLibs modules
[0.409s]   are removed.  Run "cmake --help-policy CMP0148" for policy details.  Use
[0.409s]   the cmake_policy command to set the policy and suppress this warning.
[0.409s] 
[0.409s] Call Stack (most recent call first):
[0.409s]   /opt/ros/foxy/share/ament_cmake_core/cmake/core/all.cmake:53 (include)
[0.409s]   /opt/ros/foxy/share/ament_cmake_core/cmake/ament_cmake_core-extras.cmake:17 (include)
[0.409s]   /opt/ros/foxy/share/ament_cmake_core/cmake/ament_cmake_coreConfig.cmake:41 (include)
[0.409s]   /opt/ros/foxy/share/ament_cmake/cmake/ament_cmake_export_dependencies-extras.cmake:15 (find_package)
[0.409s]   /opt/ros/foxy/share/ament_cmake/cmake/ament_cmakeConfig.cmake:41 (include)
[0.409s]   CMakeLists.txt:8 (find_package)
[0.409s] This warning is for project developers.  Use -Wno-dev to suppress it.
[0.409s] [0m
[0.430s] -- Found PythonInterp: /usr/bin/python3 (found suitable version "3.8.10", minimum required is "3") 
[0.430s] -- Using PYTHON_EXECUTABLE: /usr/bin/python3
[0.542s] -- Override CMake install command with custom implementation using symlinks instead of copying resources
[0.556s] -- Found rclcpp: 2.4.3 (/opt/ros/foxy/share/rclcpp/cmake)
[0.596s] -- Using all available rosidl_typesupport_c: rosidl_typesupport_fastrtps_c;rosidl_typesupport_introspection_c
[0.602s] -- Found rosidl_adapter: 1.3.1 (/opt/ros/foxy/share/rosidl_adapter/cmake)
[0.658s] -- Found OpenSSL: /usr/lib/x86_64-linux-gnu/libcrypto.so (found version "1.1.1f")  
[0.680s] -- Found FastRTPS: /opt/ros/foxy/include  
[0.737s] -- Using all available rosidl_typesupport_cpp: rosidl_typesupport_fastrtps_cpp;rosidl_typesupport_introspection_cpp
[0.771s] -- Found rmw_implementation_cmake: 1.0.4 (/opt/ros/foxy/share/rmw_implementation_cmake/cmake)
[0.772s] -- Using RMW implementation 'rmw_fastrtps_cpp' as default
[0.772s] -- Performing Test CMAKE_HAVE_LIBC_PTHREAD
[0.810s] -- Performing Test CMAKE_HAVE_LIBC_PTHREAD - Failed
[0.810s] -- Looking for pthread_create in pthreads
[0.838s] -- Looking for pthread_create in pthreads - not found
[0.838s] -- Looking for pthread_create in pthread
[0.873s] -- Looking for pthread_create in pthread - found
[0.874s] -- Found Threads: TRUE  
[0.983s] -- Found nav_msgs: 2.0.5 (/opt/ros/foxy/share/nav_msgs/cmake)
[1.064s] -- Found sensor_msgs: 2.0.5 (/opt/ros/foxy/share/sensor_msgs/cmake)
[1.107s] -- Found cv_bridge: 3.0.7 (/opt/ros/foxy/share/cv_bridge/cmake)
[1.122s] -- Found pcl_ros: 2.2.1 (/opt/ros/foxy/share/pcl_ros/cmake)
[1.314s] -- Found eigen3_cmake_module: 0.1.1 (/opt/ros/foxy/share/eigen3_cmake_module/cmake)
[1.316s] -- Found Eigen3: TRUE (found version "3.3.7") 
[1.559s] [33mCMake Warning (dev) at /usr/lib/x86_64-linux-gnu/cmake/pcl/PCLConfig.cmake:152 (find_package):
[1.559s]   Policy CMP0144 is not set: find_package uses upper-case <PACKAGENAME>_ROOT
[1.559s]   variables.  Run "cmake --help-policy CMP0144" for policy details.  Use the
[1.559s]   cmake_policy command to set the policy and suppress this warning.
[1.559s] 
[1.559s]   CMake variable EIGEN_ROOT is set to:
[1.560s] 
[1.560s]     /usr/include/eigen3
[1.560s] 
[1.560s]   For compatibility, find_package is ignoring the variable, but code in a
[1.560s]   .cmake module might still use it.
[1.560s] Call Stack (most recent call first):
[1.560s]   /usr/lib/x86_64-linux-gnu/cmake/pcl/PCLConfig.cmake:316 (find_eigen)
[1.560s]   /usr/lib/x86_64-linux-gnu/cmake/pcl/PCLConfig.cmake:551 (find_external_library)
[1.560s]   /opt/ros/foxy/share/pcl_ros/cmake/ament_cmake_export_dependencies-extras.cmake:21 (find_package)
[1.560s]   /opt/ros/foxy/share/pcl_ros/cmake/pcl_rosConfig.cmake:41 (include)
[1.560s]   CMakeLists.txt:14 (find_package)
[1.560s] This warning is for project developers.  Use -Wno-dev to suppress it.
[1.560s] [0m
[1.563s] -- Checking for module 'eigen3'
[1.574s] --   Found eigen3, version 3.3.7
[1.598s] -- Found Eigen: /usr/include/eigen3 (Required is at least version "3.1") 
[1.599s] -- Eigen found (include: /usr/include/eigen3, version: 3.3.7)
[1.687s] [33mCMake Warning (dev) at /usr/lib/x86_64-linux-gnu/cmake/pcl/Modules/FindFLANN.cmake:44 (find_package):
[1.687s]   Policy CMP0144 is not set: find_package uses upper-case <PACKAGENAME>_ROOT
[1.687s]   variables.  Run "cmake --help-policy CMP0144" for policy details.  Use the
[1.687s]   cmake_policy command to set the policy and suppress this warning.
[1.687s] 
[1.687s]   CMake variable FLANN_ROOT is set to:
[1.687s] 
[1.687s]     /usr
[1.687s] 
[1.687s]   For compatibility, find_package is ignoring the variable, but code in a
[1.687s]   .cmake module might still use it.
[1.687s] Call Stack (most recent call first):
[1.687s]   /usr/lib/x86_64-linux-gnu/cmake/pcl/PCLConfig.cmake:263 (find_package)
[1.687s]   /usr/lib/x86_64-linux-gnu/cmake/pcl/PCLConfig.cmake:318 (find_flann)
[1.687s]   /usr/lib/x86_64-linux-gnu/cmake/pcl/PCLConfig.cmake:551 (find_external_library)
[1.687s]   /opt/ros/foxy/share/pcl_ros/cmake/ament_cmake_export_dependencies-extras.cmake:21 (find_package)
[1.687s]   /opt/ros/foxy/share/pcl_ros/cmake/pcl_rosConfig.cmake:41 (include)
[1.687s]   CMakeLists.txt:14 (find_package)
[1.687s] This warning is for project developers.  Use -Wno-dev to suppress it.
[1.687s] [0m
[1.701s] -- Checking for module 'flann'
[1.713s] --   Found flann, version 1.9.1
[1.744s] -- Found FLANN: /usr/lib/x86_64-linux-gnu/libflann_cpp.so  
[1.772s] -- The imported target "vtkParseOGLExt" references the file
[1.772s]    "/usr/bin/vtkParseOGLExt-7.1"
[1.772s] but this file does not exist.  Possible reasons include:
[1.772s] * The file was deleted, renamed, or moved to another location.
[1.772s] * An install or uninstall procedure did not complete successfully.
[1.772s] * The installation package was faulty and contained
[1.772s]    "/usr/lib/cmake/vtk-7.1/VTKTargets.cmake"
[1.772s] but not all the files it references.
[1.772s] 
[1.772s] -- The imported target "vtkRenderingPythonTkWidgets" references the file
[1.772s]    "/usr/lib/x86_64-linux-gnu/libvtkRenderingPythonTkWidgets.so"
[1.772s] but this file does not exist.  Possible reasons include:
[1.772s] * The file was deleted, renamed, or moved to another location.
[1.772s] * An install or uninstall procedure did not complete successfully.
[1.772s] * The installation package was faulty and contained
[1.772s]    "/usr/lib/cmake/vtk-7.1/VTKTargets.cmake"
[1.772s] but not all the files it references.
[1.772s] 
[1.772s] -- The imported target "vtk" references the file
[1.772s]    "/usr/bin/vtk"
[1.773s] but this file does not exist.  Possible reasons include:
[1.773s] * The file was deleted, renamed, or moved to another location.
[1.773s] * An install or uninstall procedure did not complete successfully.
[1.773s] * The installation package was faulty and contained
[1.773s]    "/usr/lib/cmake/vtk-7.1/VTKTargets.cmake"
[1.773s] but not all the files it references.
[1.773s] 
[1.773s] -- The imported target "pvtk" references the file
[1.773s]    "/usr/bin/pvtk"
[1.773s] but this file does not exist.  Possible reasons include:
[1.773s] * The file was deleted, renamed, or moved to another location.
[1.773s] * An install or uninstall procedure did not complete successfully.
[1.773s] * The installation package was faulty and contained
[1.773s]    "/usr/lib/cmake/vtk-7.1/VTKTargets.cmake"
[1.773s] but not all the files it references.
[1.773s] 
[1.783s] -- Checking for module 'libusb-1.0'
[1.796s] --   Found libusb-1.0, version 1.0.23
[1.833s] [33mCMake Warning (dev) at /home/luke/.local/lib/python3.8/site-packages/cmake/data/share/cmake-3.28/Modules/FindPackageHandleStandardArgs.cmake:438 (message):
[1.833s]   The package name passed to `find_package_handle_standard_args` (USB_10)
[1.833s]   does not match the name of the calling package (OpenNI).  This can lead to
[1.833s]   problems in calling code that expects `find_package` result variables
[1.833s]   (e.g., `_FOUND`) to follow a certain pattern.
[1.833s] Call Stack (most recent call first):
[1.833s]   /usr/lib/x86_64-linux-gnu/cmake/pcl/Modules/FindOpenNI.cmake:28 (find_package_handle_standard_args)
[1.833s]   /usr/lib/x86_64-linux-gnu/cmake/pcl/PCLConfig.cmake:179 (find_package)
[1.833s]   /usr/lib/x86_64-linux-gnu/cmake/pcl/PCLConfig.cmake:322 (find_openni)
[1.833s]   /usr/lib/x86_64-linux-gnu/cmake/pcl/PCLConfig.cmake:548 (find_external_library)
[1.833s]   /opt/ros/foxy/share/pcl_ros/cmake/ament_cmake_export_dependencies-extras.cmake:21 (find_package)
[1.833s]   /opt/ros/foxy/share/pcl_ros/cmake/pcl_rosConfig.cmake:41 (include)
[1.833s]   CMakeLists.txt:14 (find_package)
[1.833s] This warning is for project developers.  Use -Wno-dev to suppress it.
[1.833s] [0m
[1.833s] -- Found USB_10: /usr/lib/x86_64-linux-gnu/libusb-1.0.so  
[1.882s] -- OpenNI found (include: /usr/include/ni, lib: /usr/lib/libOpenNI.so)
[1.887s] [33mCMake Warning (dev) at /home/luke/.local/lib/python3.8/site-packages/cmake/data/share/cmake-3.28/Modules/FindPackageHandleStandardArgs.cmake:438 (message):
[1.887s]   The package name passed to `find_package_handle_standard_args` (USB_10)
[1.887s]   does not match the name of the calling package (OpenNI2).  This can lead to
[1.887s]   problems in calling code that expects `find_package` result variables
[1.887s]   (e.g., `_FOUND`) to follow a certain pattern.
[1.887s] Call Stack (most recent call first):
[1.887s]   /usr/lib/x86_64-linux-gnu/cmake/pcl/Modules/FindOpenNI2.cmake:28 (find_package_handle_standard_args)
[1.887s]   /usr/lib/x86_64-linux-gnu/cmake/pcl/PCLConfig.cmake:193 (find_package)
[1.887s]   /usr/lib/x86_64-linux-gnu/cmake/pcl/PCLConfig.cmake:324 (find_openni2)
[1.887s]   /usr/lib/x86_64-linux-gnu/cmake/pcl/PCLConfig.cmake:548 (find_external_library)
[1.887s]   /opt/ros/foxy/share/pcl_ros/cmake/ament_cmake_export_dependencies-extras.cmake:21 (find_package)
[1.887s]   /opt/ros/foxy/share/pcl_ros/cmake/pcl_rosConfig.cmake:41 (include)
[1.887s]   CMakeLists.txt:14 (find_package)
[1.887s] This warning is for project developers.  Use -Wno-dev to suppress it.
[1.887s] [0m
[1.927s] -- OpenNI2 found (include: /usr/include/openni2, lib: /usr/lib/libOpenNI2.so)
[1.936s] [33mCMake Warning (dev) at /home/luke/.local/lib/python3.8/site-packages/cmake/data/share/cmake-3.28/Modules/FindPackageHandleStandardArgs.cmake:438 (message):
[1.936s]   The package name passed to `find_package_handle_standard_args` (libusb-1.0)
[1.936s]   does not match the name of the calling package (PCL).  This can lead to
[1.936s]   problems in calling code that expects `find_package` result variables
[1.936s]   (e.g., `_FOUND`) to follow a certain pattern.
[1.936s] Call Stack (most recent call first):
[1.936s]   /usr/lib/x86_64-linux-gnu/cmake/pcl/PCLConfig.cmake:291 (find_package_handle_standard_args)
[1.936s]   /usr/lib/x86_64-linux-gnu/cmake/pcl/PCLConfig.cmake:338 (find_libusb)
[1.936s]   /usr/lib/x86_64-linux-gnu/cmake/pcl/PCLConfig.cmake:548 (find_external_library)
[1.936s]   /opt/ros/foxy/share/pcl_ros/cmake/ament_cmake_export_dependencies-extras.cmake:21 (find_package)
[1.936s]   /opt/ros/foxy/share/pcl_ros/cmake/pcl_rosConfig.cmake:41 (include)
[1.936s]   CMakeLists.txt:14 (find_package)
[1.936s] This warning is for project developers.  Use -Wno-dev to suppress it.
[1.936s] [0m
[1.937s] -- Found libusb-1.0: /usr/include  
[1.940s] [33mCMake Warning (dev) at /home/luke/.local/lib/python3.8/site-packages/cmake/data/share/cmake-3.28/Modules/FindPackageHandleStandardArgs.cmake:438 (message):
[1.940s]   The package name passed to `find_package_handle_standard_args` (USB_10)
[1.940s]   does not match the name of the calling package (OpenNI).  This can lead to
[1.940s]   problems in calling code that expects `find_package` result variables
[1.940s]   (e.g., `_FOUND`) to follow a certain pattern.
[1.940s] Call Stack (most recent call first):
[1.940s]   /usr/lib/x86_64-linux-gnu/cmake/pcl/Modules/FindOpenNI.cmake:28 (find_package_handle_standard_args)
[1.940s]   /usr/lib/x86_64-linux-gnu/cmake/pcl/PCLConfig.cmake:179 (find_package)
[1.940s]   /usr/lib/x86_64-linux-gnu/cmake/pcl/PCLConfig.cmake:322 (find_openni)
[1.940s]   /usr/lib/x86_64-linux-gnu/cmake/pcl/PCLConfig.cmake:548 (find_external_library)
[1.941s]   /opt/ros/foxy/share/pcl_ros/cmake/ament_cmake_export_dependencies-extras.cmake:21 (find_package)
[1.941s]   /opt/ros/foxy/share/pcl_ros/cmake/pcl_rosConfig.cmake:41 (include)
[1.941s]   CMakeLists.txt:14 (find_package)
[1.941s] This warning is for project developers.  Use -Wno-dev to suppress it.
[1.941s] [0m
[1.942s] -- OpenNI found (include: /usr/include/ni, lib: /usr/lib/libOpenNI.so)
[1.945s] [33mCMake Warning (dev) at /home/luke/.local/lib/python3.8/site-packages/cmake/data/share/cmake-3.28/Modules/FindPackageHandleStandardArgs.cmake:438 (message):
[1.945s]   The package name passed to `find_package_handle_standard_args` (USB_10)
[1.945s]   does not match the name of the calling package (OpenNI2).  This can lead to
[1.945s]   problems in calling code that expects `find_package` result variables
[1.945s]   (e.g., `_FOUND`) to follow a certain pattern.
[1.945s] Call Stack (most recent call first):
[1.946s]   /usr/lib/x86_64-linux-gnu/cmake/pcl/Modules/FindOpenNI2.cmake:28 (find_package_handle_standard_args)
[1.946s]   /usr/lib/x86_64-linux-gnu/cmake/pcl/PCLConfig.cmake:193 (find_package)
[1.946s]   /usr/lib/x86_64-linux-gnu/cmake/pcl/PCLConfig.cmake:324 (find_openni2)
[1.946s]   /usr/lib/x86_64-linux-gnu/cmake/pcl/PCLConfig.cmake:548 (find_external_library)
[1.946s]   /opt/ros/foxy/share/pcl_ros/cmake/ament_cmake_export_dependencies-extras.cmake:21 (find_package)
[1.946s]   /opt/ros/foxy/share/pcl_ros/cmake/pcl_rosConfig.cmake:41 (include)
[1.946s]   CMakeLists.txt:14 (find_package)
[1.946s] This warning is for project developers.  Use -Wno-dev to suppress it.
[1.946s] [0m
[1.946s] -- OpenNI2 found (include: /usr/include/openni2, lib: /usr/lib/libOpenNI2.so)
[1.955s] [33mCMake Warning (dev) at /usr/lib/x86_64-linux-gnu/cmake/pcl/PCLConfig.cmake:165 (find_package):
[1.955s]   Policy CMP0144 is not set: find_package uses upper-case <PACKAGENAME>_ROOT
[1.955s]   variables.  Run "cmake --help-policy CMP0144" for policy details.  Use the
[1.955s]   cmake_policy command to set the policy and suppress this warning.
[1.955s] 
[1.955s]   CMake variable QHULL_ROOT is set to:
[1.955s] 
[1.955s]     /usr
[1.955s] 
[1.955s]   For compatibility, find_package is ignoring the variable, but code in a
[1.955s]   .cmake module might still use it.
[1.955s] Call Stack (most recent call first):
[1.955s]   /usr/lib/x86_64-linux-gnu/cmake/pcl/PCLConfig.cmake:320 (find_qhull)
[1.956s]   /usr/lib/x86_64-linux-gnu/cmake/pcl/PCLConfig.cmake:548 (find_external_library)
[1.956s]   /opt/ros/foxy/share/pcl_ros/cmake/ament_cmake_export_dependencies-extras.cmake:21 (find_package)
[1.956s]   /opt/ros/foxy/share/pcl_ros/cmake/pcl_rosConfig.cmake:41 (include)
[1.956s]   CMakeLists.txt:14 (find_package)
[1.956s] This warning is for project developers.  Use -Wno-dev to suppress it.
[1.956s] [0m
[1.974s] -- Found Qhull: optimized;/usr/lib/x86_64-linux-gnu/libqhull.so;debug;/usr/lib/x86_64-linux-gnu/libqhull.so  
[1.976s] -- QHULL found (include: /usr/include, lib: optimized;/usr/lib/x86_64-linux-gnu/libqhull.so;debug;/usr/lib/x86_64-linux-gnu/libqhull.so)
[1.981s] [33mCMake Warning (dev) at /home/luke/.local/lib/python3.8/site-packages/cmake/data/share/cmake-3.28/Modules/FindPackageHandleStandardArgs.cmake:438 (message):
[1.981s]   The package name passed to `find_package_handle_standard_args` (USB_10)
[1.981s]   does not match the name of the calling package (OpenNI).  This can lead to
[1.981s]   problems in calling code that expects `find_package` result variables
[1.981s]   (e.g., `_FOUND`) to follow a certain pattern.
[1.981s] Call Stack (most recent call first):
[1.981s]   /usr/lib/x86_64-linux-gnu/cmake/pcl/Modules/FindOpenNI.cmake:28 (find_package_handle_standard_args)
[1.981s]   /usr/lib/x86_64-linux-gnu/cmake/pcl/PCLConfig.cmake:179 (find_package)
[1.981s]   /usr/lib/x86_64-linux-gnu/cmake/pcl/PCLConfig.cmake:322 (find_openni)
[1.981s]   /usr/lib/x86_64-linux-gnu/cmake/pcl/PCLConfig.cmake:548 (find_external_library)
[1.981s]   /opt/ros/foxy/share/pcl_ros/cmake/ament_cmake_export_dependencies-extras.cmake:21 (find_package)
[1.981s]   /opt/ros/foxy/share/pcl_ros/cmake/pcl_rosConfig.cmake:41 (include)
[1.982s]   CMakeLists.txt:14 (find_package)
[1.982s] This warning is for project developers.  Use -Wno-dev to suppress it.
[1.982s] [0m
[1.983s] -- OpenNI found (include: /usr/include/ni, lib: /usr/lib/libOpenNI.so)
[1.994s] [33mCMake Warning (dev) at /home/luke/.local/lib/python3.8/site-packages/cmake/data/share/cmake-3.28/Modules/FindPackageHandleStandardArgs.cmake:438 (message):
[1.994s]   The package name passed to `find_package_handle_standard_args` (PCL_COMMON)
[1.994s]   does not match the name of the calling package (PCL).  This can lead to
[1.994s]   problems in calling code that expects `find_package` result variables
[1.994s]   (e.g., `_FOUND`) to follow a certain pattern.
[1.994s] Call Stack (most recent call first):
[1.994s]   /usr/lib/x86_64-linux-gnu/cmake/pcl/PCLConfig.cmake:616 (find_package_handle_standard_args)
[1.994s]   /opt/ros/foxy/share/pcl_ros/cmake/ament_cmake_export_dependencies-extras.cmake:21 (find_package)
[1.994s]   /opt/ros/foxy/share/pcl_ros/cmake/pcl_rosConfig.cmake:41 (include)
[1.994s]   CMakeLists.txt:14 (find_package)
[1.994s] This warning is for project developers.  Use -Wno-dev to suppress it.
[1.994s] [0m
[1.995s] -- Found PCL_COMMON: /usr/lib/x86_64-linux-gnu/libpcl_common.so  
[1.995s] [33mCMake Warning (dev) at /home/luke/.local/lib/python3.8/site-packages/cmake/data/share/cmake-3.28/Modules/FindPackageHandleStandardArgs.cmake:438 (message):
[1.995s]   The package name passed to `find_package_handle_standard_args` (PCL_KDTREE)
[1.995s]   does not match the name of the calling package (PCL).  This can lead to
[1.995s]   problems in calling code that expects `find_package` result variables
[1.995s]   (e.g., `_FOUND`) to follow a certain pattern.
[1.995s] Call Stack (most recent call first):
[1.995s]   /usr/lib/x86_64-linux-gnu/cmake/pcl/PCLConfig.cmake:616 (find_package_handle_standard_args)
[1.996s]   /opt/ros/foxy/share/pcl_ros/cmake/ament_cmake_export_dependencies-extras.cmake:21 (find_package)
[1.996s]   /opt/ros/foxy/share/pcl_ros/cmake/pcl_rosConfig.cmake:41 (include)
[1.996s]   CMakeLists.txt:14 (find_package)
[1.996s] This warning is for project developers.  Use -Wno-dev to suppress it.
[1.996s] [0m
[1.996s] -- Found PCL_KDTREE: /usr/lib/x86_64-linux-gnu/libpcl_kdtree.so  
[1.996s] [33mCMake Warning (dev) at /home/luke/.local/lib/python3.8/site-packages/cmake/data/share/cmake-3.28/Modules/FindPackageHandleStandardArgs.cmake:438 (message):
[1.996s]   The package name passed to `find_package_handle_standard_args` (PCL_OCTREE)
[1.996s]   does not match the name of the calling package (PCL).  This can lead to
[1.996s]   problems in calling code that expects `find_package` result variables
[1.997s]   (e.g., `_FOUND`) to follow a certain pattern.
[1.997s] Call Stack (most recent call first):
[1.997s]   /usr/lib/x86_64-linux-gnu/cmake/pcl/PCLConfig.cmake:616 (find_package_handle_standard_args)
[1.997s]   /opt/ros/foxy/share/pcl_ros/cmake/ament_cmake_export_dependencies-extras.cmake:21 (find_package)
[1.997s]   /opt/ros/foxy/share/pcl_ros/cmake/pcl_rosConfig.cmake:41 (include)
[1.997s]   CMakeLists.txt:14 (find_package)
[1.997s] This warning is for project developers.  Use -Wno-dev to suppress it.
[1.997s] [0m
[1.997s] -- Found PCL_OCTREE: /usr/lib/x86_64-linux-gnu/libpcl_octree.so  
[1.997s] [33mCMake Warning (dev) at /home/luke/.local/lib/python3.8/site-packages/cmake/data/share/cmake-3.28/Modules/FindPackageHandleStandardArgs.cmake:438 (message):
[1.997s]   The package name passed to `find_package_handle_standard_args` (PCL_SEARCH)
[1.997s]   does not match the name of the calling package (PCL).  This can lead to
[1.997s]   problems in calling code that expects `find_package` result variables
[1.997s]   (e.g., `_FOUND`) to follow a certain pattern.
[1.997s] Call Stack (most recent call first):
[1.997s]   /usr/lib/x86_64-linux-gnu/cmake/pcl/PCLConfig.cmake:616 (find_package_handle_standard_args)
[1.997s]   /opt/ros/foxy/share/pcl_ros/cmake/ament_cmake_export_dependencies-extras.cmake:21 (find_package)
[1.997s]   /opt/ros/foxy/share/pcl_ros/cmake/pcl_rosConfig.cmake:41 (include)
[1.997s]   CMakeLists.txt:14 (find_package)
[1.997s] This warning is for project developers.  Use -Wno-dev to suppress it.
[1.997s] [0m
[1.997s] -- Found PCL_SEARCH: /usr/lib/x86_64-linux-gnu/libpcl_search.so  
[1.999s] -- Found PCL_SAMPLE_CONSENSUS: /usr/lib/x86_64-linux-gnu/libpcl_sample_consensus.so  
[1.999s] [33mCMake Warning (dev) at /home/luke/.local/lib/python3.8/site-packages/cmake/data/share/cmake-3.28/Modules/FindPackageHandleStandardArgs.cmake:438 (message):
[1.999s]   The package name passed to `find_package_handle_standard_args`
[2.000s]   (PCL_SAMPLE_CONSENSUS) does not match the name of the calling package
[2.000s]   (PCL).  This can lead to problems in calling code that expects
[2.000s]   `find_package` result variables (e.g., `_FOUND`) to follow a certain
[2.000s]   pattern.
[2.000s] Call Stack (most recent call first):
[2.000s]   /usr/lib/x86_64-linux-gnu/cmake/pcl/PCLConfig.cmake:616 (find_package_handle_standard_args)
[2.000s]   /opt/ros/foxy/share/pcl_ros/cmake/ament_cmake_export_dependencies-extras.cmake:21 (find_package)
[2.000s]   /opt/ros/foxy/share/pcl_ros/cmake/pcl_rosConfig.cmake:41 (include)
[2.000s]   CMakeLists.txt:14 (find_package)
[2.000s] This warning is for project developers.  Use -Wno-dev to suppress it.
[2.000s] [0m
[2.000s] [33mCMake Warning (dev) at /home/luke/.local/lib/python3.8/site-packages/cmake/data/share/cmake-3.28/Modules/FindPackageHandleStandardArgs.cmake:438 (message):
[2.000s]   The package name passed to `find_package_handle_standard_args`
[2.001s]   (PCL_FILTERS) does not match the name of the calling package (PCL).  This
[2.001s]   can lead to problems in calling code that expects `find_package` result
[2.001s]   variables (e.g., `_FOUND`) to follow a certain pattern.
[2.001s] Call Stack (most recent call first):
[2.001s]   /usr/lib/x86_64-linux-gnu/cmake/pcl/PCLConfig.cmake:616 (find_package_handle_standard_args)
[2.001s]   /opt/ros/foxy/share/pcl_ros/cmake/ament_cmake_export_dependencies-extras.cmake:21 (find_package)
[2.001s]   /opt/ros/foxy/share/pcl_ros/cmake/pcl_rosConfig.cmake:41 (include)
[2.001s]   CMakeLists.txt:14 (find_package)
[2.001s] This warning is for project developers.  Use -Wno-dev to suppress it.
[2.001s] [0m
[2.003s] [33mCMake Warning (dev) at /home/luke/.local/lib/python3.8/site-packages/cmake/data/share/cmake-3.28/Modules/FindPackageHandleStandardArgs.cmake:438 (message):
[2.003s]   The package name passed to `find_package_handle_standard_args` (PCL_2D)
[2.003s]   does not match the name of the calling package (PCL).  This can lead to
[2.003s]   problems in calling code that expects `find_package` result variables
[2.003s]   (e.g., `_FOUND`) to follow a certain pattern.
[2.003s] Call Stack (most recent call first):
[2.003s]   /usr/lib/x86_64-linux-gnu/cmake/pcl/PCLConfig.cmake:619 (find_package_handle_standard_args)
[2.003s]   /opt/ros/foxy/share/pcl_ros/cmake/ament_cmake_export_dependencies-extras.cmake:21 (find_package)
[2.003s]   /opt/ros/foxy/share/pcl_ros/cmake/pcl_rosConfig.cmake:41 (include)
[2.003s]   CMakeLists.txt:14 (find_package)
[2.003s] This warning is for project developers.  Use -Wno-dev to suppress it.
[2.003s] [0m
[2.003s] [33mCMake Warning (dev) at /home/luke/.local/lib/python3.8/site-packages/cmake/data/share/cmake-3.28/Modules/FindPackageHandleStandardArgs.cmake:438 (message):
[2.003s]   The package name passed to `find_package_handle_standard_args`
[2.003s]   (PCL_GEOMETRY) does not match the name of the calling package (PCL).  This
[2.003s]   can lead to problems in calling code that expects `find_package` result
[2.003s]   variables (e.g., `_FOUND`) to follow a certain pattern.
[2.003s] Call Stack (most recent call first):
[2.003s]   /usr/lib/x86_64-linux-gnu/cmake/pcl/PCLConfig.cmake:619 (find_package_handle_standard_args)
[2.004s]   /opt/ros/foxy/share/pcl_ros/cmake/ament_cmake_export_dependencies-extras.cmake:21 (find_package)
[2.004s]   /opt/ros/foxy/share/pcl_ros/cmake/pcl_rosConfig.cmake:41 (include)
[2.004s]   CMakeLists.txt:14 (find_package)
[2.004s] This warning is for project developers.  Use -Wno-dev to suppress it.
[2.004s] [0m
[2.004s] -- Found PCL_FILTERS: /usr/lib/x86_64-linux-gnu/libpcl_filters.so  
[2.004s] -- Found PCL_2D: /usr/include/pcl-1.10  
[2.004s] -- Found PCL_GEOMETRY: /usr/include/pcl-1.10  
[2.004s] [33mCMake Warning (dev) at /home/luke/.local/lib/python3.8/site-packages/cmake/data/share/cmake-3.28/Modules/FindPackageHandleStandardArgs.cmake:438 (message):
[2.004s]   The package name passed to `find_package_handle_standard_args` (PCL_IO)
[2.004s]   does not match the name of the calling package (PCL).  This can lead to
[2.004s]   problems in calling code that expects `find_package` result variables
[2.004s]   (e.g., `_FOUND`) to follow a certain pattern.
[2.004s] Call Stack (most recent call first):
[2.004s]   /usr/lib/x86_64-linux-gnu/cmake/pcl/PCLConfig.cmake:616 (find_package_handle_standard_args)
[2.004s]   /opt/ros/foxy/share/pcl_ros/cmake/ament_cmake_export_dependencies-extras.cmake:21 (find_package)
[2.004s]   /opt/ros/foxy/share/pcl_ros/cmake/pcl_rosConfig.cmake:41 (include)
[2.004s]   CMakeLists.txt:14 (find_package)
[2.004s] This warning is for project developers.  Use -Wno-dev to suppress it.
[2.004s] [0m
[2.005s] -- Found PCL_IO: /usr/lib/x86_64-linux-gnu/libpcl_io.so  
[2.005s] [33mCMake Warning (dev) at /home/luke/.local/lib/python3.8/site-packages/cmake/data/share/cmake-3.28/Modules/FindPackageHandleStandardArgs.cmake:438 (message):
[2.005s]   The package name passed to `find_package_handle_standard_args`
[2.005s]   (PCL_FEATURES) does not match the name of the calling package (PCL).  This
[2.005s]   can lead to problems in calling code that expects `find_package` result
[2.005s]   variables (e.g., `_FOUND`) to follow a certain pattern.
[2.005s] Call Stack (most recent call first):
[2.005s]   /usr/lib/x86_64-linux-gnu/cmake/pcl/PCLConfig.cmake:616 (find_package_handle_standard_args)
[2.005s]   /opt/ros/foxy/share/pcl_ros/cmake/ament_cmake_export_dependencies-extras.cmake:21 (find_package)
[2.005s]   /opt/ros/foxy/share/pcl_ros/cmake/pcl_rosConfig.cmake:41 (include)
[2.005s]   CMakeLists.txt:14 (find_package)
[2.005s] This warning is for project developers.  Use -Wno-dev to suppress it.
[2.005s] [0m
[2.005s] -- Found PCL_FEATURES: /usr/lib/x86_64-linux-gnu/libpcl_features.so  
[2.006s] [33mCMake Warning (dev) at /home/luke/.local/lib/python3.8/site-packages/cmake/data/share/cmake-3.28/Modules/FindPackageHandleStandardArgs.cmake:438 (message):
[2.006s]   The package name passed to `find_package_handle_standard_args` (PCL_ML)
[2.006s]   does not match the name of the calling package (PCL).  This can lead to
[2.006s]   problems in calling code that expects `find_package` result variables
[2.006s]   (e.g., `_FOUND`) to follow a certain pattern.
[2.006s] Call Stack (most recent call first):
[2.006s]   /usr/lib/x86_64-linux-gnu/cmake/pcl/PCLConfig.cmake:616 (find_package_handle_standard_args)
[2.006s]   /opt/ros/foxy/share/pcl_ros/cmake/ament_cmake_export_dependencies-extras.cmake:21 (find_package)
[2.006s]   /opt/ros/foxy/share/pcl_ros/cmake/pcl_rosConfig.cmake:41 (include)
[2.006s]   CMakeLists.txt:14 (find_package)
[2.006s] This warning is for project developers.  Use -Wno-dev to suppress it.
[2.006s] [0m
[2.006s] -- Found PCL_ML: /usr/lib/x86_64-linux-gnu/libpcl_ml.so  
[2.006s] [33mCMake Warning (dev) at /home/luke/.local/lib/python3.8/site-packages/cmake/data/share/cmake-3.28/Modules/FindPackageHandleStandardArgs.cmake:438 (message):
[2.006s]   The package name passed to `find_package_handle_standard_args`
[2.006s]   (PCL_SEGMENTATION) does not match the name of the calling package (PCL).
[2.006s]   This can lead to problems in calling code that expects `find_package`
[2.006s]   result variables (e.g., `_FOUND`) to follow a certain pattern.
[2.006s] Call Stack (most recent call first):
[2.006s]   /usr/lib/x86_64-linux-gnu/cmake/pcl/PCLConfig.cmake:616 (find_package_handle_standard_args)
[2.006s]   /opt/ros/foxy/share/pcl_ros/cmake/ament_cmake_export_dependencies-extras.cmake:21 (find_package)
[2.006s]   /opt/ros/foxy/share/pcl_ros/cmake/pcl_rosConfig.cmake:41 (include)
[2.006s]   CMakeLists.txt:14 (find_package)
[2.006s] This warning is for project developers.  Use -Wno-dev to suppress it.
[2.006s] [0m
[2.006s] -- Found PCL_SEGMENTATION: /usr/lib/x86_64-linux-gnu/libpcl_segmentation.so  
[2.007s] [33mCMake Warning (dev) at /home/luke/.local/lib/python3.8/site-packages/cmake/data/share/cmake-3.28/Modules/FindPackageHandleStandardArgs.cmake:438 (message):
[2.007s]   The package name passed to `find_package_handle_standard_args`
[2.007s]   (PCL_VISUALIZATION) does not match the name of the calling package (PCL).
[2.007s]   This can lead to problems in calling code that expects `find_package`
[2.007s]   result variables (e.g., `_FOUND`) to follow a certain pattern.
[2.007s] Call Stack (most recent call first):
[2.007s]   /usr/lib/x86_64-linux-gnu/cmake/pcl/PCLConfig.cmake:616 (find_package_handle_standard_args)
[2.007s]   /opt/ros/foxy/share/pcl_ros/cmake/ament_cmake_export_dependencies-extras.cmake:21 (find_package)
[2.007s]   /opt/ros/foxy/share/pcl_ros/cmake/pcl_rosConfig.cmake:41 (include)
[2.007s]   CMakeLists.txt:14 (find_package)
[2.007s] This warning is for project developers.  Use -Wno-dev to suppress it.
[2.007s] [0m
[2.007s] -- Found PCL_VISUALIZATION: /usr/lib/x86_64-linux-gnu/libpcl_visualization.so  
[2.007s] [33mCMake Warning (dev) at /home/luke/.local/lib/python3.8/site-packages/cmake/data/share/cmake-3.28/Modules/FindPackageHandleStandardArgs.cmake:438 (message):
[2.007s]   The package name passed to `find_package_handle_standard_args`
[2.007s]   (PCL_SURFACE) does not match the name of the calling package (PCL).  This
[2.007s]   can lead to problems in calling code that expects `find_package` result
[2.008s]   variables (e.g., `_FOUND`) to follow a certain pattern.
[2.008s] Call Stack (most recent call first):
[2.008s]   /usr/lib/x86_64-linux-gnu/cmake/pcl/PCLConfig.cmake:616 (find_package_handle_standard_args)
[2.008s]   /opt/ros/foxy/share/pcl_ros/cmake/ament_cmake_export_dependencies-extras.cmake:21 (find_package)
[2.008s]   /opt/ros/foxy/share/pcl_ros/cmake/pcl_rosConfig.cmake:41 (include)
[2.008s]   CMakeLists.txt:14 (find_package)
[2.008s] This warning is for project developers.  Use -Wno-dev to suppress it.
[2.008s] [0m
[2.008s] -- Found PCL_SURFACE: /usr/lib/x86_64-linux-gnu/libpcl_surface.so  
[2.009s] [33mCMake Warning (dev) at /home/luke/.local/lib/python3.8/site-packages/cmake/data/share/cmake-3.28/Modules/FindPackageHandleStandardArgs.cmake:438 (message):
[2.009s]   The package name passed to `find_package_handle_standard_args`
[2.009s]   (PCL_REGISTRATION) does not match the name of the calling package (PCL).
[2.009s]   This can lead to problems in calling code that expects `find_package`
[2.009s]   result variables (e.g., `_FOUND`) to follow a certain pattern.
[2.009s] Call Stack (most recent call first):
[2.009s]   /usr/lib/x86_64-linux-gnu/cmake/pcl/PCLConfig.cmake:616 (find_package_handle_standard_args)
[2.009s]   /opt/ros/foxy/share/pcl_ros/cmake/ament_cmake_export_dependencies-extras.cmake:21 (find_package)
[2.009s]   /opt/ros/foxy/share/pcl_ros/cmake/pcl_rosConfig.cmake:41 (include)
[2.009s]   CMakeLists.txt:14 (find_package)
[2.009s] This warning is for project developers.  Use -Wno-dev to suppress it.
[2.009s] [0m
[2.009s] -- Found PCL_REGISTRATION: /usr/lib/x86_64-linux-gnu/libpcl_registration.so  
[2.009s] [33mCMake Warning (dev) at /home/luke/.local/lib/python3.8/site-packages/cmake/data/share/cmake-3.28/Modules/FindPackageHandleStandardArgs.cmake:438 (message):
[2.009s]   The package name passed to `find_package_handle_standard_args`
[2.009s]   (PCL_KEYPOINTS) does not match the name of the calling package (PCL).  This
[2.009s]   can lead to problems in calling code that expects `find_package` result
[2.009s]   variables (e.g., `_FOUND`) to follow a certain pattern.
[2.010s] Call Stack (most recent call first):
[2.010s]   /usr/lib/x86_64-linux-gnu/cmake/pcl/PCLConfig.cmake:616 (find_package_handle_standard_args)
[2.010s]   /opt/ros/foxy/share/pcl_ros/cmake/ament_cmake_export_dependencies-extras.cmake:21 (find_package)
[2.010s]   /opt/ros/foxy/share/pcl_ros/cmake/pcl_rosConfig.cmake:41 (include)
[2.010s]   CMakeLists.txt:14 (find_package)
[2.010s] This warning is for project developers.  Use -Wno-dev to suppress it.
[2.010s] [0m
[2.010s] -- Found PCL_KEYPOINTS: /usr/lib/x86_64-linux-gnu/libpcl_keypoints.so  
[2.010s] [33mCMake Warning (dev) at /home/luke/.local/lib/python3.8/site-packages/cmake/data/share/cmake-3.28/Modules/FindPackageHandleStandardArgs.cmake:438 (message):
[2.010s]   The package name passed to `find_package_handle_standard_args`
[2.010s]   (PCL_TRACKING) does not match the name of the calling package (PCL).  This
[2.010s]   can lead to problems in calling code that expects `find_package` result
[2.011s]   variables (e.g., `_FOUND`) to follow a certain pattern.
[2.011s] Call Stack (most recent call first):
[2.011s]   /usr/lib/x86_64-linux-gnu/cmake/pcl/PCLConfig.cmake:616 (find_package_handle_standard_args)
[2.011s]   /opt/ros/foxy/share/pcl_ros/cmake/ament_cmake_export_dependencies-extras.cmake:21 (find_package)
[2.011s]   /opt/ros/foxy/share/pcl_ros/cmake/pcl_rosConfig.cmake:41 (include)
[2.011s]   CMakeLists.txt:14 (find_package)
[2.011s] This warning is for project developers.  Use -Wno-dev to suppress it.
[2.011s] [0m
[2.011s] -- Found PCL_TRACKING: /usr/lib/x86_64-linux-gnu/libpcl_tracking.so  
[2.014s] [33mCMake Warning (dev) at /home/luke/.local/lib/python3.8/site-packages/cmake/data/share/cmake-3.28/Modules/FindPackageHandleStandardArgs.cmake:438 (message):
[2.014s]   The package name passed to `find_package_handle_standard_args`
[2.015s]   (PCL_RECOGNITION) does not match the name of the calling package (PCL).
[2.015s]   This can lead to problems in calling code that expects `find_package`
[2.015s]   result variables (e.g., `_FOUND`) to follow a certain pattern.
[2.015s] Call Stack (most recent call first):
[2.015s]   /usr/lib/x86_64-linux-gnu/cmake/pcl/PCLConfig.cmake:616 (find_package_handle_standard_args)
[2.015s]   /opt/ros/foxy/share/pcl_ros/cmake/ament_cmake_export_dependencies-extras.cmake:21 (find_package)
[2.015s]   /opt/ros/foxy/share/pcl_ros/cmake/pcl_rosConfig.cmake:41 (include)
[2.015s]   CMakeLists.txt:14 (find_package)
[2.015s] This warning is for project developers.  Use -Wno-dev to suppress it.
[2.015s] -- Found PCL_RECOGNITION: /usr/lib/x86_64-linux-gnu/libpcl_recognition.so  
[2.015s] [0m
[2.015s] [33mCMake Warning (dev) at /home/luke/.local/lib/python3.8/site-packages/cmake/data/share/cmake-3.28/Modules/FindPackageHandleStandardArgs.cmake:438 (message):
[2.015s]   The package name passed to `find_package_handle_standard_args` (PCL_STEREO)
[2.016s]   does not match the name of the calling package (PCL).  This can lead to
[2.016s]   problems in calling code that expects `find_package` result variables
[2.016s]   (e.g., `_FOUND`) to follow a certain pattern.
[2.016s] Call Stack (most recent call first):
[2.016s]   /usr/lib/x86_64-linux-gnu/cmake/pcl/PCLConfig.cmake:616 (find_package_handle_standard_args)
[2.016s]   /opt/ros/foxy/share/pcl_ros/cmake/ament_cmake_export_dependencies-extras.cmake:21 (find_package)
[2.016s]   /opt/ros/foxy/share/pcl_ros/cmake/pcl_rosConfig.cmake:41 (include)
[2.016s]   CMakeLists.txt:14 (find_package)
[2.016s] This warning is for project developers.  Use -Wno-dev to suppress it.
[2.016s] [0m
[2.016s] -- Found PCL_STEREO: /usr/lib/x86_64-linux-gnu/libpcl_stereo.so  
[2.017s] [33mCMake Warning (dev) at /home/luke/.local/lib/python3.8/site-packages/cmake/data/share/cmake-3.28/Modules/FindPackageHandleStandardArgs.cmake:438 (message):
[2.017s]   The package name passed to `find_package_handle_standard_args` (PCL_APPS)
[2.017s]   does not match the name of the calling package (PCL).  This can lead to
[2.017s]   problems in calling code that expects `find_package` result variables
[2.017s]   (e.g., `_FOUND`) to follow a certain pattern.
[2.018s] Call Stack (most recent call first):
[2.018s]   /usr/lib/x86_64-linux-gnu/cmake/pcl/PCLConfig.cmake:616 (find_package_handle_standard_args)
[2.018s]   /opt/ros/foxy/share/pcl_ros/cmake/ament_cmake_export_dependencies-extras.cmake:21 (find_package)
[2.018s]   /opt/ros/foxy/share/pcl_ros/cmake/pcl_rosConfig.cmake:41 (include)
[2.018s]   CMakeLists.txt:14 (find_package)
[2.018s] This warning is for project developers.  Use -Wno-dev to suppress it.
[2.018s] [0m
[2.018s] -- Found PCL_APPS: /usr/lib/x86_64-linux-gnu/libpcl_apps.so  
[2.018s] [33mCMake Warning (dev) at /home/luke/.local/lib/python3.8/site-packages/cmake/data/share/cmake-3.28/Modules/FindPackageHandleStandardArgs.cmake:438 (message):
[2.018s]   The package name passed to `find_package_handle_standard_args`
[2.018s]   (PCL_IN_HAND_SCANNER) does not match the name of the calling package (PCL).
[2.018s]   This can lead to problems in calling code that expects `find_package`
[2.018s]   result variables (e.g., `_FOUND`) to follow a certain pattern.
[2.018s] Call Stack (most recent call first):
[2.018s]   /usr/lib/x86_64-linux-gnu/cmake/pcl/PCLConfig.cmake:619 (find_package_handle_standard_args)
[2.019s]   /opt/ros/foxy/share/pcl_ros/cmake/ament_cmake_export_dependencies-extras.cmake:21 (find_package)
[2.019s]   /opt/ros/foxy/share/pcl_ros/cmake/pcl_rosConfig.cmake:41 (include)
[2.019s]   CMakeLists.txt:14 (find_package)
[2.019s] This warning is for project developers.  Use -Wno-dev to suppress it.
[2.019s] [0m
[2.019s] -- Found PCL_IN_HAND_SCANNER: /usr/include/pcl-1.10  
[2.019s] [33mCMake Warning (dev) at /home/luke/.local/lib/python3.8/site-packages/cmake/data/share/cmake-3.28/Modules/FindPackageHandleStandardArgs.cmake:438 (message):
[2.019s]   The package name passed to `find_package_handle_standard_args`
[2.019s]   (PCL_POINT_CLOUD_EDITOR) does not match the name of the calling package
[2.019s]   (PCL).  This can lead to problems in calling code that expects
[2.019s]   `find_package` result variables (e.g., `_FOUND`) to follow a certain
[2.019s]   pattern.
[2.019s] Call Stack (most recent call first):
[2.019s]   /usr/lib/x86_64-linux-gnu/cmake/pcl/PCLConfig.cmake:619 (find_package_handle_standard_args)
[2.019s]   /opt/ros/foxy/share/pcl_ros/cmake/ament_cmake_export_dependencies-extras.cmake:21 (find_package)
[2.020s]   /opt/ros/foxy/share/pcl_ros/cmake/pcl_rosConfig.cmake:41 (include)
[2.020s]   CMakeLists.txt:14 (find_package)
[2.020s] This warning is for project developers.  Use -Wno-dev to suppress it.
[2.020s] [0m
[2.020s] -- Found PCL_POINT_CLOUD_EDITOR: /usr/include/pcl-1.10  
[2.021s] [33mCMake Warning (dev) at /home/luke/.local/lib/python3.8/site-packages/cmake/data/share/cmake-3.28/Modules/FindPackageHandleStandardArgs.cmake:438 (message):
[2.021s]   The package name passed to `find_package_handle_standard_args`
[2.021s]   (PCL_OUTOFCORE) does not match the name of the calling package (PCL).  This
[2.021s]   can lead to problems in calling code that expects `find_package` result
[2.021s]   variables (e.g., `_FOUND`) to follow a certain pattern.
[2.021s] Call Stack (most recent call first):
[2.021s]   /usr/lib/x86_64-linux-gnu/cmake/pcl/PCLConfig.cmake:616 (find_package_handle_standard_args)
[2.021s]   /opt/ros/foxy/share/pcl_ros/cmake/ament_cmake_export_dependencies-extras.cmake:21 (find_package)
[2.021s]   /opt/ros/foxy/share/pcl_ros/cmake/pcl_rosConfig.cmake:41 (include)
[2.021s]   CMakeLists.txt:14 (find_package)
[2.022s] This warning is for project developers.  Use -Wno-dev to suppress it.
[2.022s] [0m
[2.022s] -- Found PCL_OUTOFCORE: /usr/lib/x86_64-linux-gnu/libpcl_outofcore.so  
[2.023s] [33mCMake Warning (dev) at /home/luke/.local/lib/python3.8/site-packages/cmake/data/share/cmake-3.28/Modules/FindPackageHandleStandardArgs.cmake:438 (message):
[2.023s]   The package name passed to `find_package_handle_standard_args` (PCL_PEOPLE)
[2.023s]   does not match the name of the calling package (PCL).  This can lead to
[2.023s]   problems in calling code that expects `find_package` result variables
[2.023s]   (e.g., `_FOUND`) to follow a certain pattern.
[2.023s] Call Stack (most recent call first):
[2.023s]   /usr/lib/x86_64-linux-gnu/cmake/pcl/PCLConfig.cmake:616 (find_package_handle_standard_args)
[2.023s]   /opt/ros/foxy/share/pcl_ros/cmake/ament_cmake_export_dependencies-extras.cmake:21 (find_package)
[2.023s]   /opt/ros/foxy/share/pcl_ros/cmake/pcl_rosConfig.cmake:41 (include)
[2.023s]   CMakeLists.txt:14 (find_package)
[2.023s] This warning is for project developers.  Use -Wno-dev to suppress it.
[2.023s] [0m
[2.023s] -- Found PCL_PEOPLE: /usr/lib/x86_64-linux-gnu/libpcl_people.so  
[2.032s] -- Found OpenCV: /usr (found version "4.2.0") 
[2.032s] [33mCMake Warning (dev) at CMakeLists.txt:20 (find_package):
[2.032s]   Policy CMP0074 is not set: find_package uses <PackageName>_ROOT variables.
[2.032s]   Run "cmake --help-policy CMP0074" for policy details.  Use the cmake_policy
[2.032s]   command to set the policy and suppress this warning.
[2.032s] 
[2.032s]   CMake variable PCL_ROOT is set to:
[2.032s] 
[2.032s]     /usr
[2.032s] 
[2.032s]   For compatibility, CMake is ignoring the variable.
[2.032s] This warning is for project developers.  Use -Wno-dev to suppress it.
[2.032s] [0m
[2.076s] -- Configuring done (1.9s)
[2.104s] -- Generating done (0.0s)
[2.106s] -- Build files have been written to: /home/luke/TARE/cmu_vla_challenge_unity_foxy/build/semantic_scan_generation
[2.120s] Invoked command in '/home/luke/TARE/cmu_vla_challenge_unity_foxy/build/semantic_scan_generation' returned '0': CMAKE_PREFIX_PATH=${CMAKE_PREFIX_PATH}:/home/luke/TARE/cmu_vla_challenge_unity_foxy/install/ros_tcp_endpoint:/opt/ros/foxy /home/luke/.local/bin/cmake /home/luke/TARE/cmu_vla_challenge_unity_foxy/src/semantic_scan_generation -DAMENT_CMAKE_SYMLINK_INSTALL=1 -DCMAKE_INSTALL_PREFIX=/home/luke/TARE/cmu_vla_challenge_unity_foxy/install/semantic_scan_generation
[2.123s] Invoking command in '/home/luke/TARE/cmu_vla_challenge_unity_foxy/build/semantic_scan_generation': CMAKE_PREFIX_PATH=${CMAKE_PREFIX_PATH}:/home/luke/TARE/cmu_vla_challenge_unity_foxy/install/ros_tcp_endpoint:/opt/ros/foxy /home/luke/.local/bin/cmake --build /home/luke/TARE/cmu_vla_challenge_unity_foxy/build/semantic_scan_generation -- -j20 -l20
[2.169s] [ 50%] [32mBuilding CXX object CMakeFiles/semanticScanGeneration.dir/src/semanticScanGeneration.cpp.o[0m
[12.795s] [100%] [32m[1mLinking CXX executable semanticScanGeneration[0m
[13.467s] [100%] Built target semanticScanGeneration
[13.473s] Invoked command in '/home/luke/TARE/cmu_vla_challenge_unity_foxy/build/semantic_scan_generation' returned '0': CMAKE_PREFIX_PATH=${CMAKE_PREFIX_PATH}:/home/luke/TARE/cmu_vla_challenge_unity_foxy/install/ros_tcp_endpoint:/opt/ros/foxy /home/luke/.local/bin/cmake --build /home/luke/TARE/cmu_vla_challenge_unity_foxy/build/semantic_scan_generation -- -j20 -l20
[13.503s] Invoking command in '/home/luke/TARE/cmu_vla_challenge_unity_foxy/build/semantic_scan_generation': CMAKE_PREFIX_PATH=${CMAKE_PREFIX_PATH}:/home/luke/TARE/cmu_vla_challenge_unity_foxy/install/ros_tcp_endpoint:/opt/ros/foxy /home/luke/.local/bin/cmake --install /home/luke/TARE/cmu_vla_challenge_unity_foxy/build/semantic_scan_generation
[13.521s] -- Install configuration: "Release"
[13.521s] -- Execute custom install script
[13.521s] -- Symlinking: /home/luke/TARE/cmu_vla_challenge_unity_foxy/install/semantic_scan_generation/lib/semantic_scan_generation/semanticScanGeneration
[13.523s] -- Symlinking: /home/luke/TARE/cmu_vla_challenge_unity_foxy/install/semantic_scan_generation/share/semantic_scan_generation/launch/semantic_scan_generation.launch
[13.525s] -- Symlinking: /home/luke/TARE/cmu_vla_challenge_unity_foxy/install/semantic_scan_generation/share/ament_index/resource_index/package_run_dependencies/semantic_scan_generation
[13.526s] -- Symlinking: /home/luke/TARE/cmu_vla_challenge_unity_foxy/install/semantic_scan_generation/share/ament_index/resource_index/parent_prefix_path/semantic_scan_generation
[13.528s] -- Symlinking: /home/luke/TARE/cmu_vla_challenge_unity_foxy/install/semantic_scan_generation/share/semantic_scan_generation/environment/ament_prefix_path.sh
[13.529s] -- Symlinking: /home/luke/TARE/cmu_vla_challenge_unity_foxy/install/semantic_scan_generation/share/semantic_scan_generation/environment/ament_prefix_path.dsv
[13.530s] -- Symlinking: /home/luke/TARE/cmu_vla_challenge_unity_foxy/install/semantic_scan_generation/share/semantic_scan_generation/environment/path.sh
[13.532s] -- Symlinking: /home/luke/TARE/cmu_vla_challenge_unity_foxy/install/semantic_scan_generation/share/semantic_scan_generation/environment/path.dsv
[13.533s] -- Symlinking: /home/luke/TARE/cmu_vla_challenge_unity_foxy/install/semantic_scan_generation/share/semantic_scan_generation/local_setup.bash
[13.535s] -- Symlinking: /home/luke/TARE/cmu_vla_challenge_unity_foxy/install/semantic_scan_generation/share/semantic_scan_generation/local_setup.sh
[13.536s] -- Symlinking: /home/luke/TARE/cmu_vla_challenge_unity_foxy/install/semantic_scan_generation/share/semantic_scan_generation/local_setup.zsh
[13.538s] -- Symlinking: /home/luke/TARE/cmu_vla_challenge_unity_foxy/install/semantic_scan_generation/share/semantic_scan_generation/local_setup.dsv
[13.540s] -- Symlinking: /home/luke/TARE/cmu_vla_challenge_unity_foxy/install/semantic_scan_generation/share/semantic_scan_generation/package.dsv
[13.542s] -- Symlinking: /home/luke/TARE/cmu_vla_challenge_unity_foxy/install/semantic_scan_generation/share/ament_index/resource_index/packages/semantic_scan_generation
[13.543s] -- Symlinking: /home/luke/TARE/cmu_vla_challenge_unity_foxy/install/semantic_scan_generation/share/semantic_scan_generation/cmake/semantic_scan_generationConfig.cmake
[13.545s] -- Symlinking: /home/luke/TARE/cmu_vla_challenge_unity_foxy/install/semantic_scan_generation/share/semantic_scan_generation/cmake/semantic_scan_generationConfig-version.cmake
[13.547s] -- Symlinking: /home/luke/TARE/cmu_vla_challenge_unity_foxy/install/semantic_scan_generation/share/semantic_scan_generation/package.xml
[13.554s] Invoked command in '/home/luke/TARE/cmu_vla_challenge_unity_foxy/build/semantic_scan_generation' returned '0': CMAKE_PREFIX_PATH=${CMAKE_PREFIX_PATH}:/home/luke/TARE/cmu_vla_challenge_unity_foxy/install/ros_tcp_endpoint:/opt/ros/foxy /home/luke/.local/bin/cmake --install /home/luke/TARE/cmu_vla_challenge_unity_foxy/build/semantic_scan_generation
