-- The C compiler identification is GNU 8.4.0
-- The CXX compiler identification is GNU 8.4.0
-- Detecting C compiler ABI info
-- Detecting C compiler ABI info - done
-- Check for working C compiler: /usr/bin/cc - skipped
-- Detecting C compile features
-- Detecting C compile features - done
-- Detecting CXX compiler ABI info
-- Detecting CXX compiler ABI info - done
-- Check for working CXX compiler: /usr/bin/c++ - skipped
-- Detecting CXX compile features
-- Detecting CXX compile features - done
-- Found ament_cmake: 0.9.12 (/opt/ros/foxy/share/ament_cmake/cmake)
-- Found PythonInterp: /usr/bin/python3 (found suitable version "3.8.10", minimum required is "3") 
-- Using PYTHON_EXECUTABLE: /usr/bin/python3
-- Override CMake install command with custom implementation using symlinks instead of copying resources
-- Found pluginlib: 2.5.4 (/opt/ros/foxy/share/pluginlib/cmake)
-- Found rclcpp: 2.4.3 (/opt/ros/foxy/share/rclcpp/cmake)
-- Using all available rosidl_typesupport_c: rosidl_typesupport_fastrtps_c;rosidl_typesupport_introspection_c
-- Found rosidl_adapter: 1.3.1 (/opt/ros/foxy/share/rosidl_adapter/cmake)
-- Found OpenSSL: /usr/lib/x86_64-linux-gnu/libcrypto.so (found version "1.1.1f")  
-- Found FastRTPS: /opt/ros/foxy/include  
-- Using all available rosidl_typesupport_cpp: rosidl_typesupport_fastrtps_cpp;rosidl_typesupport_introspection_cpp
-- Found rmw_implementation_cmake: 1.0.4 (/opt/ros/foxy/share/rmw_implementation_cmake/cmake)
-- Using RMW implementation 'rmw_fastrtps_cpp' as default
-- Performing Test CMAKE_HAVE_LIBC_PTHREAD
-- Performing Test CMAKE_HAVE_LIBC_PTHREAD - Failed
-- Looking for pthread_create in pthreads
-- Looking for pthread_create in pthreads - not found
-- Looking for pthread_create in pthread
-- Looking for pthread_create in pthread - found
-- Found Threads: TRUE  
-- Found rviz2: 8.2.8 (/opt/ros/foxy/share/rviz2/cmake)
-- Found rviz_common: 8.2.8 (/opt/ros/foxy/share/rviz_common/cmake)
-- Setting OGRE_DIR to: '/opt/ros/foxy/share/rviz_ogre_vendor/cmake/../../../opt/rviz_ogre_vendor/lib/OGRE/cmake'
-- Found OGRE
--   static     : OFF
--   components : HLMS;MeshLodGenerator;Overlay;Paging;Property;RTShaderSystem;Terrain;Volume
--   plugins    : Plugin_BSPSceneManager;Plugin_OctreeSceneManager;Plugin_PCZSceneManager;Plugin_ParticleFX;RenderSystem_GL;RenderSystem_GL3Plus;Codec_STBI
--   media      : /opt/ros/foxy/opt/rviz_ogre_vendor/share/OGRE/Media
-- OGRE_LIBRARIES: OgreHLMS;OgreMeshLodGenerator;OgreOverlay;OgrePaging;OgreProperty;OgreRTShaderSystem;OgreTerrain;OgreVolume;OgreMain
-- OGRE_LIBRARY_DIRS: /opt/ros/foxy/opt/rviz_ogre_vendor/lib
-- OGRE_PLUGINS: Plugin_BSPSceneManager;Plugin_OctreeSceneManager;Plugin_PCZSceneManager;Plugin_ParticleFX;RenderSystem_GL;RenderSystem_GL3Plus;Codec_STBI
-- OGRE_PLUGIN_DIR: /opt/ros/foxy/opt/rviz_ogre_vendor/lib/OGRE
-- rviz_ogre_vendor::OgreOverlay for IMPORTED_LOCATION_RELEASE: /opt/ros/foxy/opt/rviz_ogre_vendor/lib/libOgreOverlay.so
-- rviz_ogre_vendor::OgreOverlay for IMPORTED_LOCATION_DEBUG: /opt/ros/foxy/opt/rviz_ogre_vendor/lib/libOgreOverlay.so
-- rviz_ogre_vendor::OgreMain for IMPORTED_LOCATION_RELEASE: /opt/ros/foxy/opt/rviz_ogre_vendor/lib/libOgreMain.so
-- rviz_ogre_vendor::OgreMain for IMPORTED_LOCATION_DEBUG: /opt/ros/foxy/opt/rviz_ogre_vendor/lib/libOgreMain.so
-- Found ZLIB: /usr/lib/x86_64-linux-gnu/libz.so (found version "1.2.11")  
-- Found OpenGL: /usr/lib/x86_64-linux-gnu/libOpenGL.so   
-- Found X11: /usr/include   
-- Looking for XOpenDisplay in /usr/lib/x86_64-linux-gnu/libX11.so;/usr/lib/x86_64-linux-gnu/libXext.so
-- Looking for XOpenDisplay in /usr/lib/x86_64-linux-gnu/libX11.so;/usr/lib/x86_64-linux-gnu/libXext.so - found
-- Looking for gethostbyname
-- Looking for gethostbyname - found
-- Looking for connect
-- Looking for connect - found
-- Looking for remove
-- Looking for remove - found
-- Looking for shmat
-- Looking for shmat - found
-- Looking for IceConnectionNumber in ICE
-- Looking for IceConnectionNumber in ICE - found
-- rviz_ogre_vendor::RenderSystem_GL for IMPORTED_LOCATION_RELEASE: _render_system_gl_static_library_abs-NOTFOUND
-- rviz_ogre_vendor::RenderSystem_GL for IMPORTED_LOCATION_DEBUG: _render_system_gl_static_library_abs-NOTFOUND
-- library: libassimp.so.5
-- library: /usr/lib/x86_64-linux-gnu/libcurl.so
-- Found Eigen3: TRUE (found version "3.3.7") 
-- Setting yaml-cpp_DIR to: '/opt/ros/foxy/share/yaml_cpp_vendor/cmake/../../../opt/yaml_cpp_vendor/lib/cmake/yaml-cpp'
-- Found rviz_default_plugins: 8.2.8 (/opt/ros/foxy/share/rviz_default_plugins/cmake)
-- Found ament_lint_auto: 0.9.8 (/opt/ros/foxy/share/ament_lint_auto/cmake)
-- Added test 'copyright' to check source files copyright and LICENSE
-- Added test 'cppcheck' to perform static code analysis on C / C++ code
-- Configured cppcheck include dirs: 
-- Configured cppcheck exclude dirs and/or files: 
-- Added test 'cpplint' to check C / C++ code against the Google style
-- Configured cpplint exclude dirs and/or files: 
-- Added test 'lint_cmake' to check CMake code style
-- Added test 'uncrustify' to check C / C++ code style
-- Configured uncrustify additional arguments: 
-- Added test 'xmllint' to check XML markup files
-- Configuring done (2.1s)
-- Generating done (0.0s)
-- Build files have been written to: /home/luke/TARE/cmu_vla_challenge_unity_foxy/build/teleop_rviz_plugin
[ 11%] [34m[1mAutomatic MOC for target teleop_rviz_plugin[0m
[ 11%] Built target teleop_rviz_plugin_autogen
[ 22%] [34m[1mGenerating src/moc_drive_widget.cpp[0m
[ 33%] [34m[1mGenerating src/moc_teleop_panel.cpp[0m
[ 44%] [32mBuilding CXX object CMakeFiles/teleop_rviz_plugin.dir/teleop_rviz_plugin_autogen/mocs_compilation.cpp.o[0m
[ 55%] [32mBuilding CXX object CMakeFiles/teleop_rviz_plugin.dir/src/drive_widget.cpp.o[0m
[ 66%] [32mBuilding CXX object CMakeFiles/teleop_rviz_plugin.dir/src/teleop_panel.cpp.o[0m
[ 77%] [32mBuilding CXX object CMakeFiles/teleop_rviz_plugin.dir/src/moc_teleop_panel.cpp.o[0m
[ 88%] [32mBuilding CXX object CMakeFiles/teleop_rviz_plugin.dir/src/moc_drive_widget.cpp.o[0m
[100%] [32m[1mLinking CXX shared library libteleop_rviz_plugin.so[0m
[100%] Built target teleop_rviz_plugin
-- Install configuration: ""
-- Execute custom install script
-- Symlinking: /home/luke/TARE/cmu_vla_challenge_unity_foxy/install/teleop_rviz_plugin/share/teleop_rviz_plugin//plugin_description.xml
-- Symlinking: /home/luke/TARE/cmu_vla_challenge_unity_foxy/install/teleop_rviz_plugin/share/ament_index/resource_index/package_run_dependencies/teleop_rviz_plugin
-- Symlinking: /home/luke/TARE/cmu_vla_challenge_unity_foxy/install/teleop_rviz_plugin/share/ament_index/resource_index/parent_prefix_path/teleop_rviz_plugin
-- Symlinking: /home/luke/TARE/cmu_vla_challenge_unity_foxy/install/teleop_rviz_plugin/share/teleop_rviz_plugin/environment/ament_prefix_path.sh
-- Symlinking: /home/luke/TARE/cmu_vla_challenge_unity_foxy/install/teleop_rviz_plugin/share/teleop_rviz_plugin/environment/ament_prefix_path.dsv
-- Symlinking: /home/luke/TARE/cmu_vla_challenge_unity_foxy/install/teleop_rviz_plugin/share/teleop_rviz_plugin/environment/path.sh
-- Symlinking: /home/luke/TARE/cmu_vla_challenge_unity_foxy/install/teleop_rviz_plugin/share/teleop_rviz_plugin/environment/path.dsv
-- Symlinking: /home/luke/TARE/cmu_vla_challenge_unity_foxy/install/teleop_rviz_plugin/share/teleop_rviz_plugin/local_setup.bash
-- Symlinking: /home/luke/TARE/cmu_vla_challenge_unity_foxy/install/teleop_rviz_plugin/share/teleop_rviz_plugin/local_setup.sh
-- Symlinking: /home/luke/TARE/cmu_vla_challenge_unity_foxy/install/teleop_rviz_plugin/share/teleop_rviz_plugin/local_setup.zsh
-- Symlinking: /home/luke/TARE/cmu_vla_challenge_unity_foxy/install/teleop_rviz_plugin/share/teleop_rviz_plugin/local_setup.dsv
-- Symlinking: /home/luke/TARE/cmu_vla_challenge_unity_foxy/install/teleop_rviz_plugin/share/teleop_rviz_plugin/package.dsv
-- Symlinking: /home/luke/TARE/cmu_vla_challenge_unity_foxy/install/teleop_rviz_plugin/share/ament_index/resource_index/packages/teleop_rviz_plugin
-- Symlinking: /home/luke/TARE/cmu_vla_challenge_unity_foxy/install/teleop_rviz_plugin/share/ament_index/resource_index/rviz_common__pluginlib__plugin/teleop_rviz_plugin
-- Symlinking: /home/luke/TARE/cmu_vla_challenge_unity_foxy/install/teleop_rviz_plugin/share/teleop_rviz_plugin/cmake/ament_cmake_export_dependencies-extras.cmake
-- Symlinking: /home/luke/TARE/cmu_vla_challenge_unity_foxy/install/teleop_rviz_plugin/share/teleop_rviz_plugin/cmake/teleop_rviz_pluginConfig.cmake
-- Symlinking: /home/luke/TARE/cmu_vla_challenge_unity_foxy/install/teleop_rviz_plugin/share/teleop_rviz_plugin/cmake/teleop_rviz_pluginConfig-version.cmake
-- Symlinking: /home/luke/TARE/cmu_vla_challenge_unity_foxy/install/teleop_rviz_plugin/share/teleop_rviz_plugin/package.xml
-- Installing: /home/luke/TARE/cmu_vla_challenge_unity_foxy/install/teleop_rviz_plugin/lib/teleop_rviz_plugin/libteleop_rviz_plugin.so
-- Set non-toolchain portion of runtime path of "/home/luke/TARE/cmu_vla_challenge_unity_foxy/install/teleop_rviz_plugin/lib/teleop_rviz_plugin/libteleop_rviz_plugin.so" to ""
