[0.203s] Invoking command in '/home/luke/TARE/cmu_vla_challenge_unity_foxy/build/teleop_rviz_plugin': CMAKE_PREFIX_PATH=${CMAKE_PREFIX_PATH}:/home/luke/TARE/cmu_vla_challenge_unity_foxy/install/ros_tcp_endpoint:/opt/ros/foxy /home/luke/.local/bin/cmake /home/luke/TARE/cmu_vla_challenge_unity_foxy/src/teleop_rviz_plugin -DAMENT_CMAKE_SYMLINK_INSTALL=1 -DCMAKE_INSTALL_PREFIX=/home/luke/TARE/cmu_vla_challenge_unity_foxy/install/teleop_rviz_plugin
[0.241s] -- The C compiler identification is GNU 8.4.0
[0.274s] -- The CXX compiler identification is GNU 8.4.0
[0.285s] -- Detecting C compiler ABI info
[0.321s] -- Detecting C compiler ABI info - done
[0.329s] -- Check for working C compiler: /usr/bin/cc - skipped
[0.329s] -- Detecting C compile features
[0.329s] -- Detecting C compile features - done
[0.337s] -- Detecting CXX compiler ABI info
[0.381s] -- Detecting CXX compiler ABI info - done
[0.388s] -- Check for working CXX compiler: /usr/bin/c++ - skipped
[0.388s] -- Detecting CXX compile features
[0.389s] -- Detecting CXX compile features - done
[0.390s] -- Found ament_cmake: 0.9.12 (/opt/ros/foxy/share/ament_cmake/cmake)
[0.392s] [33mCMake Warning (dev) at /opt/ros/foxy/share/ament_cmake_core/cmake/core/python.cmake:22 (find_package):
[0.392s]   Policy CMP0148 is not set: The FindPythonInterp and FindPythonLibs modules
[0.392s]   are removed.  Run "cmake --help-policy CMP0148" for policy details.  Use
[0.393s]   the cmake_policy command to set the policy and suppress this warning.
[0.393s] 
[0.393s] Call Stack (most recent call first):
[0.393s]   /opt/ros/foxy/share/ament_cmake_core/cmake/core/all.cmake:53 (include)
[0.393s]   /opt/ros/foxy/share/ament_cmake_core/cmake/ament_cmake_core-extras.cmake:17 (include)
[0.393s]   /opt/ros/foxy/share/ament_cmake_core/cmake/ament_cmake_coreConfig.cmake:41 (include)
[0.393s]   /opt/ros/foxy/share/ament_cmake/cmake/ament_cmake_export_dependencies-extras.cmake:15 (find_package)
[0.393s]   /opt/ros/foxy/share/ament_cmake/cmake/ament_cmakeConfig.cmake:41 (include)
[0.393s]   CMakeLists.txt:9 (find_package)
[0.393s] This warning is for project developers.  Use -Wno-dev to suppress it.
[0.393s] [0m
[0.406s] -- Found PythonInterp: /usr/bin/python3 (found suitable version "3.8.10", minimum required is "3") 
[0.406s] -- Using PYTHON_EXECUTABLE: /usr/bin/python3
[0.521s] -- Override CMake install command with custom implementation using symlinks instead of copying resources
[0.543s] -- Found pluginlib: 2.5.4 (/opt/ros/foxy/share/pluginlib/cmake)
[0.607s] -- Found rclcpp: 2.4.3 (/opt/ros/foxy/share/rclcpp/cmake)
[0.643s] -- Using all available rosidl_typesupport_c: rosidl_typesupport_fastrtps_c;rosidl_typesupport_introspection_c
[0.650s] -- Found rosidl_adapter: 1.3.1 (/opt/ros/foxy/share/rosidl_adapter/cmake)
[0.717s] -- Found OpenSSL: /usr/lib/x86_64-linux-gnu/libcrypto.so (found version "1.1.1f")  
[0.746s] -- Found FastRTPS: /opt/ros/foxy/include  
[0.805s] -- Using all available rosidl_typesupport_cpp: rosidl_typesupport_fastrtps_cpp;rosidl_typesupport_introspection_cpp
[0.849s] -- Found rmw_implementation_cmake: 1.0.4 (/opt/ros/foxy/share/rmw_implementation_cmake/cmake)
[0.850s] -- Using RMW implementation 'rmw_fastrtps_cpp' as default
[0.851s] -- Performing Test CMAKE_HAVE_LIBC_PTHREAD
[0.888s] -- Performing Test CMAKE_HAVE_LIBC_PTHREAD - Failed
[0.888s] -- Looking for pthread_create in pthreads
[0.919s] -- Looking for pthread_create in pthreads - not found
[0.919s] -- Looking for pthread_create in pthread
[0.956s] -- Looking for pthread_create in pthread - found
[0.957s] -- Found Threads: TRUE  
[1.057s] -- Found rviz2: 8.2.8 (/opt/ros/foxy/share/rviz2/cmake)
[1.058s] -- Found rviz_common: 8.2.8 (/opt/ros/foxy/share/rviz_common/cmake)
[1.064s] -- Setting OGRE_DIR to: '/opt/ros/foxy/share/rviz_ogre_vendor/cmake/../../../opt/rviz_ogre_vendor/lib/OGRE/cmake'
[1.065s] -- Found OGRE
[1.065s] --   static     : OFF
[1.065s] --   components : HLMS;MeshLodGenerator;Overlay;Paging;Property;RTShaderSystem;Terrain;Volume
[1.065s] --   plugins    : Plugin_BSPSceneManager;Plugin_OctreeSceneManager;Plugin_PCZSceneManager;Plugin_ParticleFX;RenderSystem_GL;RenderSystem_GL3Plus;Codec_STBI
[1.065s] --   media      : /opt/ros/foxy/opt/rviz_ogre_vendor/share/OGRE/Media
[1.065s] -- OGRE_LIBRARIES: OgreHLMS;OgreMeshLodGenerator;OgreOverlay;OgrePaging;OgreProperty;OgreRTShaderSystem;OgreTerrain;OgreVolume;OgreMain
[1.066s] -- OGRE_LIBRARY_DIRS: /opt/ros/foxy/opt/rviz_ogre_vendor/lib
[1.066s] -- OGRE_PLUGINS: Plugin_BSPSceneManager;Plugin_OctreeSceneManager;Plugin_PCZSceneManager;Plugin_ParticleFX;RenderSystem_GL;RenderSystem_GL3Plus;Codec_STBI
[1.066s] -- OGRE_PLUGIN_DIR: /opt/ros/foxy/opt/rviz_ogre_vendor/lib/OGRE
[1.066s] -- rviz_ogre_vendor::OgreOverlay for IMPORTED_LOCATION_RELEASE: /opt/ros/foxy/opt/rviz_ogre_vendor/lib/libOgreOverlay.so
[1.066s] -- rviz_ogre_vendor::OgreOverlay for IMPORTED_LOCATION_DEBUG: /opt/ros/foxy/opt/rviz_ogre_vendor/lib/libOgreOverlay.so
[1.066s] -- rviz_ogre_vendor::OgreMain for IMPORTED_LOCATION_RELEASE: /opt/ros/foxy/opt/rviz_ogre_vendor/lib/libOgreMain.so
[1.066s] -- rviz_ogre_vendor::OgreMain for IMPORTED_LOCATION_DEBUG: /opt/ros/foxy/opt/rviz_ogre_vendor/lib/libOgreMain.so
[1.098s] -- Found ZLIB: /usr/lib/x86_64-linux-gnu/libz.so (found version "1.2.11")  
[1.105s] -- Found OpenGL: /usr/lib/x86_64-linux-gnu/libOpenGL.so   
[1.221s] -- Found X11: /usr/include   
[1.221s] -- Looking for XOpenDisplay in /usr/lib/x86_64-linux-gnu/libX11.so;/usr/lib/x86_64-linux-gnu/libXext.so
[1.262s] -- Looking for XOpenDisplay in /usr/lib/x86_64-linux-gnu/libX11.so;/usr/lib/x86_64-linux-gnu/libXext.so - found
[1.262s] -- Looking for gethostbyname
[1.296s] -- Looking for gethostbyname - found
[1.296s] -- Looking for connect
[1.330s] -- Looking for connect - found
[1.330s] -- Looking for remove
[1.371s] -- Looking for remove - found
[1.371s] -- Looking for shmat
[1.420s] -- Looking for shmat - found
[1.420s] -- Looking for IceConnectionNumber in ICE
[1.456s] -- Looking for IceConnectionNumber in ICE - found
[1.459s] -- rviz_ogre_vendor::RenderSystem_GL for IMPORTED_LOCATION_RELEASE: _render_system_gl_static_library_abs-NOTFOUND
[1.459s] -- rviz_ogre_vendor::RenderSystem_GL for IMPORTED_LOCATION_DEBUG: _render_system_gl_static_library_abs-NOTFOUND
[1.463s] -- library: libassimp.so.5
[1.529s] -- library: /usr/lib/x86_64-linux-gnu/libcurl.so
[1.631s] -- Found Eigen3: TRUE (found version "3.3.7") 
[1.889s] -- Setting yaml-cpp_DIR to: '/opt/ros/foxy/share/yaml_cpp_vendor/cmake/../../../opt/yaml_cpp_vendor/lib/cmake/yaml-cpp'
[1.894s] -- Found rviz_default_plugins: 8.2.8 (/opt/ros/foxy/share/rviz_default_plugins/cmake)
[2.220s] -- Found ament_lint_auto: 0.9.8 (/opt/ros/foxy/share/ament_lint_auto/cmake)
[2.271s] -- Added test 'copyright' to check source files copyright and LICENSE
[2.273s] -- Added test 'cppcheck' to perform static code analysis on C / C++ code
[2.273s] -- Configured cppcheck include dirs: 
[2.273s] -- Configured cppcheck exclude dirs and/or files: 
[2.273s] -- Added test 'cpplint' to check C / C++ code against the Google style
[2.274s] -- Configured cpplint exclude dirs and/or files: 
[2.274s] -- Added test 'lint_cmake' to check CMake code style
[2.275s] -- Added test 'uncrustify' to check C / C++ code style
[2.275s] -- Configured uncrustify additional arguments: 
[2.276s] -- Added test 'xmllint' to check XML markup files
[2.277s] -- Configuring done (2.1s)
[2.323s] -- Generating done (0.0s)
[2.326s] -- Build files have been written to: /home/luke/TARE/cmu_vla_challenge_unity_foxy/build/teleop_rviz_plugin
[2.338s] Invoked command in '/home/luke/TARE/cmu_vla_challenge_unity_foxy/build/teleop_rviz_plugin' returned '0': CMAKE_PREFIX_PATH=${CMAKE_PREFIX_PATH}:/home/luke/TARE/cmu_vla_challenge_unity_foxy/install/ros_tcp_endpoint:/opt/ros/foxy /home/luke/.local/bin/cmake /home/luke/TARE/cmu_vla_challenge_unity_foxy/src/teleop_rviz_plugin -DAMENT_CMAKE_SYMLINK_INSTALL=1 -DCMAKE_INSTALL_PREFIX=/home/luke/TARE/cmu_vla_challenge_unity_foxy/install/teleop_rviz_plugin
[2.340s] Invoking command in '/home/luke/TARE/cmu_vla_challenge_unity_foxy/build/teleop_rviz_plugin': CMAKE_PREFIX_PATH=${CMAKE_PREFIX_PATH}:/home/luke/TARE/cmu_vla_challenge_unity_foxy/install/ros_tcp_endpoint:/opt/ros/foxy /home/luke/.local/bin/cmake --build /home/luke/TARE/cmu_vla_challenge_unity_foxy/build/teleop_rviz_plugin -- -j20 -l20
[2.391s] [ 11%] [34m[1mAutomatic MOC for target teleop_rviz_plugin[0m
[2.403s] [ 11%] Built target teleop_rviz_plugin_autogen
[2.407s] [ 22%] [34m[1mGenerating src/moc_drive_widget.cpp[0m
[2.407s] [ 33%] [34m[1mGenerating src/moc_teleop_panel.cpp[0m
[2.415s] [ 44%] [32mBuilding CXX object CMakeFiles/teleop_rviz_plugin.dir/teleop_rviz_plugin_autogen/mocs_compilation.cpp.o[0m
[2.416s] [ 55%] [32mBuilding CXX object CMakeFiles/teleop_rviz_plugin.dir/src/drive_widget.cpp.o[0m
[2.416s] [ 66%] [32mBuilding CXX object CMakeFiles/teleop_rviz_plugin.dir/src/teleop_panel.cpp.o[0m
[2.416s] [ 77%] [32mBuilding CXX object CMakeFiles/teleop_rviz_plugin.dir/src/moc_teleop_panel.cpp.o[0m
[2.417s] [ 88%] [32mBuilding CXX object CMakeFiles/teleop_rviz_plugin.dir/src/moc_drive_widget.cpp.o[0m
[6.097s] [100%] [32m[1mLinking CXX shared library libteleop_rviz_plugin.so[0m
[7.873s] [100%] Built target teleop_rviz_plugin
[7.879s] Invoked command in '/home/luke/TARE/cmu_vla_challenge_unity_foxy/build/teleop_rviz_plugin' returned '0': CMAKE_PREFIX_PATH=${CMAKE_PREFIX_PATH}:/home/luke/TARE/cmu_vla_challenge_unity_foxy/install/ros_tcp_endpoint:/opt/ros/foxy /home/luke/.local/bin/cmake --build /home/luke/TARE/cmu_vla_challenge_unity_foxy/build/teleop_rviz_plugin -- -j20 -l20
[7.958s] Invoking command in '/home/luke/TARE/cmu_vla_challenge_unity_foxy/build/teleop_rviz_plugin': CMAKE_PREFIX_PATH=${CMAKE_PREFIX_PATH}:/home/luke/TARE/cmu_vla_challenge_unity_foxy/install/ros_tcp_endpoint:/opt/ros/foxy /home/luke/.local/bin/cmake --install /home/luke/TARE/cmu_vla_challenge_unity_foxy/build/teleop_rviz_plugin
[7.985s] -- Install configuration: ""
[7.986s] -- Execute custom install script
[7.986s] -- Symlinking: /home/luke/TARE/cmu_vla_challenge_unity_foxy/install/teleop_rviz_plugin/share/teleop_rviz_plugin//plugin_description.xml
[7.989s] -- Symlinking: /home/luke/TARE/cmu_vla_challenge_unity_foxy/install/teleop_rviz_plugin/share/ament_index/resource_index/package_run_dependencies/teleop_rviz_plugin
[7.991s] -- Symlinking: /home/luke/TARE/cmu_vla_challenge_unity_foxy/install/teleop_rviz_plugin/share/ament_index/resource_index/parent_prefix_path/teleop_rviz_plugin
[7.994s] -- Symlinking: /home/luke/TARE/cmu_vla_challenge_unity_foxy/install/teleop_rviz_plugin/share/teleop_rviz_plugin/environment/ament_prefix_path.sh
[7.996s] -- Symlinking: /home/luke/TARE/cmu_vla_challenge_unity_foxy/install/teleop_rviz_plugin/share/teleop_rviz_plugin/environment/ament_prefix_path.dsv
[7.998s] -- Symlinking: /home/luke/TARE/cmu_vla_challenge_unity_foxy/install/teleop_rviz_plugin/share/teleop_rviz_plugin/environment/path.sh
[8.001s] -- Symlinking: /home/luke/TARE/cmu_vla_challenge_unity_foxy/install/teleop_rviz_plugin/share/teleop_rviz_plugin/environment/path.dsv
[8.003s] -- Symlinking: /home/luke/TARE/cmu_vla_challenge_unity_foxy/install/teleop_rviz_plugin/share/teleop_rviz_plugin/local_setup.bash
[8.006s] -- Symlinking: /home/luke/TARE/cmu_vla_challenge_unity_foxy/install/teleop_rviz_plugin/share/teleop_rviz_plugin/local_setup.sh
[8.008s] -- Symlinking: /home/luke/TARE/cmu_vla_challenge_unity_foxy/install/teleop_rviz_plugin/share/teleop_rviz_plugin/local_setup.zsh
[8.010s] -- Symlinking: /home/luke/TARE/cmu_vla_challenge_unity_foxy/install/teleop_rviz_plugin/share/teleop_rviz_plugin/local_setup.dsv
[8.013s] -- Symlinking: /home/luke/TARE/cmu_vla_challenge_unity_foxy/install/teleop_rviz_plugin/share/teleop_rviz_plugin/package.dsv
[8.016s] -- Symlinking: /home/luke/TARE/cmu_vla_challenge_unity_foxy/install/teleop_rviz_plugin/share/ament_index/resource_index/packages/teleop_rviz_plugin
[8.018s] -- Symlinking: /home/luke/TARE/cmu_vla_challenge_unity_foxy/install/teleop_rviz_plugin/share/ament_index/resource_index/rviz_common__pluginlib__plugin/teleop_rviz_plugin
[8.021s] -- Symlinking: /home/luke/TARE/cmu_vla_challenge_unity_foxy/install/teleop_rviz_plugin/share/teleop_rviz_plugin/cmake/ament_cmake_export_dependencies-extras.cmake
[8.023s] -- Symlinking: /home/luke/TARE/cmu_vla_challenge_unity_foxy/install/teleop_rviz_plugin/share/teleop_rviz_plugin/cmake/teleop_rviz_pluginConfig.cmake
[8.025s] -- Symlinking: /home/luke/TARE/cmu_vla_challenge_unity_foxy/install/teleop_rviz_plugin/share/teleop_rviz_plugin/cmake/teleop_rviz_pluginConfig-version.cmake
[8.027s] -- Symlinking: /home/luke/TARE/cmu_vla_challenge_unity_foxy/install/teleop_rviz_plugin/share/teleop_rviz_plugin/package.xml
[8.030s] -- Installing: /home/luke/TARE/cmu_vla_challenge_unity_foxy/install/teleop_rviz_plugin/lib/teleop_rviz_plugin/libteleop_rviz_plugin.so
[8.031s] -- Set non-toolchain portion of runtime path of "/home/luke/TARE/cmu_vla_challenge_unity_foxy/install/teleop_rviz_plugin/lib/teleop_rviz_plugin/libteleop_rviz_plugin.so" to ""
[8.049s] Invoked command in '/home/luke/TARE/cmu_vla_challenge_unity_foxy/build/teleop_rviz_plugin' returned '0': CMAKE_PREFIX_PATH=${CMAKE_PREFIX_PATH}:/home/luke/TARE/cmu_vla_challenge_unity_foxy/install/ros_tcp_endpoint:/opt/ros/foxy /home/luke/.local/bin/cmake --install /home/luke/TARE/cmu_vla_challenge_unity_foxy/build/teleop_rviz_plugin
