[0.201s] Invoking command in '/home/luke/TARE/cmu_vla_challenge_unity_foxy/build/terrain_analysis': CMAKE_PREFIX_PATH=${CMAKE_PREFIX_PATH}:/home/luke/TARE/cmu_vla_challenge_unity_foxy/install/ros_tcp_endpoint:/opt/ros/foxy /home/luke/.local/bin/cmake /home/luke/TARE/cmu_vla_challenge_unity_foxy/src/terrain_analysis -DAMENT_CMAKE_SYMLINK_INSTALL=1 -DCMAKE_INSTALL_PREFIX=/home/luke/TARE/cmu_vla_challenge_unity_foxy/install/terrain_analysis
[0.251s] -- The C compiler identification is GNU 8.4.0
[0.289s] -- The CXX compiler identification is GNU 8.4.0
[0.301s] -- Detecting C compiler ABI info
[0.340s] -- Detecting C compiler ABI info - done
[0.348s] -- Check for working C compiler: /usr/bin/cc - skipped
[0.348s] -- Detecting C compile features
[0.348s] -- Detecting C compile features - done
[0.355s] -- Detecting CXX compiler ABI info
[0.395s] -- Detecting CXX compiler ABI info - done
[0.406s] -- Check for working CXX compiler: /usr/bin/c++ - skipped
[0.406s] -- Detecting CXX compile features
[0.406s] -- Detecting CXX compile features - done
[0.408s] -- Found ament_cmake: 0.9.12 (/opt/ros/foxy/share/ament_cmake/cmake)
[0.411s] [33mCMake Warning (dev) at /opt/ros/foxy/share/ament_cmake_core/cmake/core/python.cmake:22 (find_package):
[0.411s]   Policy CMP0148 is not set: The FindPythonInterp and FindPythonLibs modules
[0.411s]   are removed.  Run "cmake --help-policy CMP0148" for policy details.  Use
[0.411s]   the cmake_policy command to set the policy and suppress this warning.
[0.411s] 
[0.411s] Call Stack (most recent call first):
[0.411s]   /opt/ros/foxy/share/ament_cmake_core/cmake/core/all.cmake:53 (include)
[0.411s]   /opt/ros/foxy/share/ament_cmake_core/cmake/ament_cmake_core-extras.cmake:17 (include)
[0.412s]   /opt/ros/foxy/share/ament_cmake_core/cmake/ament_cmake_coreConfig.cmake:41 (include)
[0.412s]   /opt/ros/foxy/share/ament_cmake/cmake/ament_cmake_export_dependencies-extras.cmake:15 (find_package)
[0.412s]   /opt/ros/foxy/share/ament_cmake/cmake/ament_cmakeConfig.cmake:41 (include)
[0.412s]   CMakeLists.txt:18 (find_package)
[0.412s] This warning is for project developers.  Use -Wno-dev to suppress it.
[0.412s] [0m
[0.425s] -- Found PythonInterp: /usr/bin/python3 (found suitable version "3.8.10", minimum required is "3") 
[0.425s] -- Using PYTHON_EXECUTABLE: /usr/bin/python3
[0.548s] -- Override CMake install command with custom implementation using symlinks instead of copying resources
[0.561s] -- Found rclcpp: 2.4.3 (/opt/ros/foxy/share/rclcpp/cmake)
[0.593s] -- Using all available rosidl_typesupport_c: rosidl_typesupport_fastrtps_c;rosidl_typesupport_introspection_c
[0.597s] -- Found rosidl_adapter: 1.3.1 (/opt/ros/foxy/share/rosidl_adapter/cmake)
[0.655s] -- Found OpenSSL: /usr/lib/x86_64-linux-gnu/libcrypto.so (found version "1.1.1f")  
[0.686s] -- Found FastRTPS: /opt/ros/foxy/include  
[0.741s] -- Using all available rosidl_typesupport_cpp: rosidl_typesupport_fastrtps_cpp;rosidl_typesupport_introspection_cpp
[0.792s] -- Found rmw_implementation_cmake: 1.0.4 (/opt/ros/foxy/share/rmw_implementation_cmake/cmake)
[0.793s] -- Using RMW implementation 'rmw_fastrtps_cpp' as default
[0.794s] -- Performing Test CMAKE_HAVE_LIBC_PTHREAD
[0.839s] -- Performing Test CMAKE_HAVE_LIBC_PTHREAD - Failed
[0.839s] -- Looking for pthread_create in pthreads
[0.868s] -- Looking for pthread_create in pthreads - not found
[0.868s] -- Looking for pthread_create in pthread
[0.906s] -- Looking for pthread_create in pthread - found
[0.907s] -- Found Threads: TRUE  
[1.000s] -- Found nav_msgs: 2.0.5 (/opt/ros/foxy/share/nav_msgs/cmake)
[1.079s] -- Found sensor_msgs: 2.0.5 (/opt/ros/foxy/share/sensor_msgs/cmake)
[1.121s] -- Found tf2_ros: 0.13.14 (/opt/ros/foxy/share/tf2_ros/cmake)
[1.326s] -- Found tf2_geometry_msgs: 0.13.14 (/opt/ros/foxy/share/tf2_geometry_msgs/cmake)
[1.332s] -- Found eigen3_cmake_module: 0.1.1 (/opt/ros/foxy/share/eigen3_cmake_module/cmake)
[1.334s] -- Found Eigen3: TRUE (found version "3.3.7") 
[1.349s] -- Found pcl_conversions: 2.2.1 (/opt/ros/foxy/share/pcl_conversions/cmake)
[1.453s] -- Found pcl_ros: 2.2.1 (/opt/ros/foxy/share/pcl_ros/cmake)
[1.542s] [33mCMake Warning (dev) at /usr/lib/x86_64-linux-gnu/cmake/pcl/PCLConfig.cmake:152 (find_package):
[1.542s]   Policy CMP0144 is not set: find_package uses upper-case <PACKAGENAME>_ROOT
[1.542s]   variables.  Run "cmake --help-policy CMP0144" for policy details.  Use the
[1.542s]   cmake_policy command to set the policy and suppress this warning.
[1.542s] 
[1.543s]   CMake variable EIGEN_ROOT is set to:
[1.543s] 
[1.543s]     /usr/include/eigen3
[1.543s] 
[1.543s]   For compatibility, find_package is ignoring the variable, but code in a
[1.543s]   .cmake module might still use it.
[1.543s] Call Stack (most recent call first):
[1.543s]   /usr/lib/x86_64-linux-gnu/cmake/pcl/PCLConfig.cmake:316 (find_eigen)
[1.543s]   /usr/lib/x86_64-linux-gnu/cmake/pcl/PCLConfig.cmake:551 (find_external_library)
[1.543s]   /opt/ros/foxy/share/pcl_ros/cmake/ament_cmake_export_dependencies-extras.cmake:21 (find_package)
[1.543s]   /opt/ros/foxy/share/pcl_ros/cmake/pcl_rosConfig.cmake:41 (include)
[1.543s]   CMakeLists.txt:29 (find_package)
[1.543s] This warning is for project developers.  Use -Wno-dev to suppress it.
[1.543s] [0m
[1.546s] -- Checking for module 'eigen3'
[1.556s] --   Found eigen3, version 3.3.7
[1.581s] -- Found Eigen: /usr/include/eigen3 (Required is at least version "3.1") 
[1.581s] -- Eigen found (include: /usr/include/eigen3, version: 3.3.7)
[1.657s] [33mCMake Warning (dev) at /usr/lib/x86_64-linux-gnu/cmake/pcl/Modules/FindFLANN.cmake:44 (find_package):
[1.657s]   Policy CMP0144 is not set: find_package uses upper-case <PACKAGENAME>_ROOT
[1.657s]   variables.  Run "cmake --help-policy CMP0144" for policy details.  Use the
[1.657s]   cmake_policy command to set the policy and suppress this warning.
[1.657s] 
[1.657s]   CMake variable FLANN_ROOT is set to:
[1.657s] 
[1.657s]     /usr
[1.657s] 
[1.657s]   For compatibility, find_package is ignoring the variable, but code in a
[1.657s]   .cmake module might still use it.
[1.657s] Call Stack (most recent call first):
[1.657s]   /usr/lib/x86_64-linux-gnu/cmake/pcl/PCLConfig.cmake:263 (find_package)
[1.657s]   /usr/lib/x86_64-linux-gnu/cmake/pcl/PCLConfig.cmake:318 (find_flann)
[1.657s]   /usr/lib/x86_64-linux-gnu/cmake/pcl/PCLConfig.cmake:551 (find_external_library)
[1.657s]   /opt/ros/foxy/share/pcl_ros/cmake/ament_cmake_export_dependencies-extras.cmake:21 (find_package)
[1.657s]   /opt/ros/foxy/share/pcl_ros/cmake/pcl_rosConfig.cmake:41 (include)
[1.657s]   CMakeLists.txt:29 (find_package)
[1.657s] This warning is for project developers.  Use -Wno-dev to suppress it.
[1.657s] [0m
[1.667s] -- Checking for module 'flann'
[1.677s] --   Found flann, version 1.9.1
[1.703s] -- Found FLANN: /usr/lib/x86_64-linux-gnu/libflann_cpp.so  
[1.747s] -- The imported target "vtkParseOGLExt" references the file
[1.747s]    "/usr/bin/vtkParseOGLExt-7.1"
[1.747s] but this file does not exist.  Possible reasons include:
[1.747s] * The file was deleted, renamed, or moved to another location.
[1.747s] * An install or uninstall procedure did not complete successfully.
[1.747s] * The installation package was faulty and contained
[1.747s]    "/usr/lib/cmake/vtk-7.1/VTKTargets.cmake"
[1.747s] but not all the files it references.
[1.747s] 
[1.747s] -- The imported target "vtkRenderingPythonTkWidgets" references the file
[1.747s]    "/usr/lib/x86_64-linux-gnu/libvtkRenderingPythonTkWidgets.so"
[1.747s] but this file does not exist.  Possible reasons include:
[1.747s] * The file was deleted, renamed, or moved to another location.
[1.747s] * An install or uninstall procedure did not complete successfully.
[1.747s] * The installation package was faulty and contained
[1.747s]    "/usr/lib/cmake/vtk-7.1/VTKTargets.cmake"
[1.747s] but not all the files it references.
[1.747s] 
[1.747s] -- The imported target "vtk" references the file
[1.748s]    "/usr/bin/vtk"
[1.748s] but this file does not exist.  Possible reasons include:
[1.748s] * The file was deleted, renamed, or moved to another location.
[1.748s] * An install or uninstall procedure did not complete successfully.
[1.748s] * The installation package was faulty and contained
[1.748s]    "/usr/lib/cmake/vtk-7.1/VTKTargets.cmake"
[1.748s] but not all the files it references.
[1.748s] 
[1.748s] -- The imported target "pvtk" references the file
[1.748s]    "/usr/bin/pvtk"
[1.748s] but this file does not exist.  Possible reasons include:
[1.748s] * The file was deleted, renamed, or moved to another location.
[1.748s] * An install or uninstall procedure did not complete successfully.
[1.748s] * The installation package was faulty and contained
[1.748s]    "/usr/lib/cmake/vtk-7.1/VTKTargets.cmake"
[1.748s] but not all the files it references.
[1.748s] 
[1.766s] -- Checking for module 'libusb-1.0'
[1.782s] --   Found libusb-1.0, version 1.0.23
[1.814s] [33mCMake Warning (dev) at /home/luke/.local/lib/python3.8/site-packages/cmake/data/share/cmake-3.28/Modules/FindPackageHandleStandardArgs.cmake:438 (message):
[1.815s]   The package name passed to `find_package_handle_standard_args` (USB_10)
[1.815s]   does not match the name of the calling package (OpenNI).  This can lead to
[1.815s]   problems in calling code that expects `find_package` result variables
[1.815s]   (e.g., `_FOUND`) to follow a certain pattern.
[1.815s] Call Stack (most recent call first):
[1.815s]   /usr/lib/x86_64-linux-gnu/cmake/pcl/Modules/FindOpenNI.cmake:28 (find_package_handle_standard_args)
[1.815s]   /usr/lib/x86_64-linux-gnu/cmake/pcl/PCLConfig.cmake:179 (find_package)
[1.815s]   /usr/lib/x86_64-linux-gnu/cmake/pcl/PCLConfig.cmake:322 (find_openni)
[1.815s]   /usr/lib/x86_64-linux-gnu/cmake/pcl/PCLConfig.cmake:548 (find_external_library)
[1.815s]   /opt/ros/foxy/share/pcl_ros/cmake/ament_cmake_export_dependencies-extras.cmake:21 (find_package)
[1.815s]   /opt/ros/foxy/share/pcl_ros/cmake/pcl_rosConfig.cmake:41 (include)
[1.815s]   CMakeLists.txt:29 (find_package)
[1.815s] This warning is for project developers.  Use -Wno-dev to suppress it.
[1.815s] [0m
[1.815s] -- Found USB_10: /usr/lib/x86_64-linux-gnu/libusb-1.0.so  
[1.859s] -- OpenNI found (include: /usr/include/ni, lib: /usr/lib/libOpenNI.so)
[1.864s] [33mCMake Warning (dev) at /home/luke/.local/lib/python3.8/site-packages/cmake/data/share/cmake-3.28/Modules/FindPackageHandleStandardArgs.cmake:438 (message):
[1.864s]   The package name passed to `find_package_handle_standard_args` (USB_10)
[1.864s]   does not match the name of the calling package (OpenNI2).  This can lead to
[1.864s]   problems in calling code that expects `find_package` result variables
[1.864s]   (e.g., `_FOUND`) to follow a certain pattern.
[1.864s] Call Stack (most recent call first):
[1.864s]   /usr/lib/x86_64-linux-gnu/cmake/pcl/Modules/FindOpenNI2.cmake:28 (find_package_handle_standard_args)
[1.864s]   /usr/lib/x86_64-linux-gnu/cmake/pcl/PCLConfig.cmake:193 (find_package)
[1.864s]   /usr/lib/x86_64-linux-gnu/cmake/pcl/PCLConfig.cmake:324 (find_openni2)
[1.864s]   /usr/lib/x86_64-linux-gnu/cmake/pcl/PCLConfig.cmake:548 (find_external_library)
[1.864s]   /opt/ros/foxy/share/pcl_ros/cmake/ament_cmake_export_dependencies-extras.cmake:21 (find_package)
[1.865s]   /opt/ros/foxy/share/pcl_ros/cmake/pcl_rosConfig.cmake:41 (include)
[1.865s]   CMakeLists.txt:29 (find_package)
[1.865s] This warning is for project developers.  Use -Wno-dev to suppress it.
[1.865s] [0m
[1.902s] -- OpenNI2 found (include: /usr/include/openni2, lib: /usr/lib/libOpenNI2.so)
[1.912s] [33mCMake Warning (dev) at /home/luke/.local/lib/python3.8/site-packages/cmake/data/share/cmake-3.28/Modules/FindPackageHandleStandardArgs.cmake:438 (message):
[1.912s]   The package name passed to `find_package_handle_standard_args` (libusb-1.0)
[1.912s]   does not match the name of the calling package (PCL).  This can lead to
[1.912s]   problems in calling code that expects `find_package` result variables
[1.912s]   (e.g., `_FOUND`) to follow a certain pattern.
[1.912s] Call Stack (most recent call first):
[1.912s]   /usr/lib/x86_64-linux-gnu/cmake/pcl/PCLConfig.cmake:291 (find_package_handle_standard_args)
[1.912s]   /usr/lib/x86_64-linux-gnu/cmake/pcl/PCLConfig.cmake:338 (find_libusb)
[1.912s]   /usr/lib/x86_64-linux-gnu/cmake/pcl/PCLConfig.cmake:548 (find_external_library)
[1.912s]   /opt/ros/foxy/share/pcl_ros/cmake/ament_cmake_export_dependencies-extras.cmake:21 (find_package)
[1.912s]   /opt/ros/foxy/share/pcl_ros/cmake/pcl_rosConfig.cmake:41 (include)
[1.913s]   CMakeLists.txt:29 (find_package)
[1.913s] This warning is for project developers.  Use -Wno-dev to suppress it.
[1.913s] [0m
[1.913s] -- Found libusb-1.0: /usr/include  
[1.916s] [33mCMake Warning (dev) at /home/luke/.local/lib/python3.8/site-packages/cmake/data/share/cmake-3.28/Modules/FindPackageHandleStandardArgs.cmake:438 (message):
[1.917s]   The package name passed to `find_package_handle_standard_args` (USB_10)
[1.917s]   does not match the name of the calling package (OpenNI).  This can lead to
[1.917s]   problems in calling code that expects `find_package` result variables
[1.917s]   (e.g., `_FOUND`) to follow a certain pattern.
[1.917s] Call Stack (most recent call first):
[1.917s]   /usr/lib/x86_64-linux-gnu/cmake/pcl/Modules/FindOpenNI.cmake:28 (find_package_handle_standard_args)
[1.917s]   /usr/lib/x86_64-linux-gnu/cmake/pcl/PCLConfig.cmake:179 (find_package)
[1.917s]   /usr/lib/x86_64-linux-gnu/cmake/pcl/PCLConfig.cmake:322 (find_openni)
[1.917s]   /usr/lib/x86_64-linux-gnu/cmake/pcl/PCLConfig.cmake:548 (find_external_library)
[1.917s]   /opt/ros/foxy/share/pcl_ros/cmake/ament_cmake_export_dependencies-extras.cmake:21 (find_package)
[1.917s]   /opt/ros/foxy/share/pcl_ros/cmake/pcl_rosConfig.cmake:41 (include)
[1.917s]   CMakeLists.txt:29 (find_package)
[1.917s] This warning is for project developers.  Use -Wno-dev to suppress it.
[1.917s] [0m
[1.918s] -- OpenNI found (include: /usr/include/ni, lib: /usr/lib/libOpenNI.so)
[1.922s] [33mCMake Warning (dev) at /home/luke/.local/lib/python3.8/site-packages/cmake/data/share/cmake-3.28/Modules/FindPackageHandleStandardArgs.cmake:438 (message):
[1.922s]   The package name passed to `find_package_handle_standard_args` (USB_10)
[1.922s]   does not match the name of the calling package (OpenNI2).  This can lead to
[1.922s]   problems in calling code that expects `find_package` result variables
[1.922s]   (e.g., `_FOUND`) to follow a certain pattern.
[1.922s] Call Stack (most recent call first):
[1.922s]   /usr/lib/x86_64-linux-gnu/cmake/pcl/Modules/FindOpenNI2.cmake:28 (find_package_handle_standard_args)
[1.922s]   /usr/lib/x86_64-linux-gnu/cmake/pcl/PCLConfig.cmake:193 (find_package)
[1.922s]   /usr/lib/x86_64-linux-gnu/cmake/pcl/PCLConfig.cmake:324 (find_openni2)
[1.923s]   /usr/lib/x86_64-linux-gnu/cmake/pcl/PCLConfig.cmake:548 (find_external_library)
[1.923s]   /opt/ros/foxy/share/pcl_ros/cmake/ament_cmake_export_dependencies-extras.cmake:21 (find_package)
[1.923s]   /opt/ros/foxy/share/pcl_ros/cmake/pcl_rosConfig.cmake:41 (include)
[1.923s]   CMakeLists.txt:29 (find_package)
[1.923s] This warning is for project developers.  Use -Wno-dev to suppress it.
[1.923s] [0m
[1.923s] -- OpenNI2 found (include: /usr/include/openni2, lib: /usr/lib/libOpenNI2.so)
[1.930s] [33mCMake Warning (dev) at /usr/lib/x86_64-linux-gnu/cmake/pcl/PCLConfig.cmake:165 (find_package):
[1.930s]   Policy CMP0144 is not set: find_package uses upper-case <PACKAGENAME>_ROOT
[1.930s]   variables.  Run "cmake --help-policy CMP0144" for policy details.  Use the
[1.930s]   cmake_policy command to set the policy and suppress this warning.
[1.930s] 
[1.931s]   CMake variable QHULL_ROOT is set to:
[1.931s] 
[1.931s]     /usr
[1.931s] 
[1.931s]   For compatibility, find_package is ignoring the variable, but code in a
[1.931s]   .cmake module might still use it.
[1.931s] Call Stack (most recent call first):
[1.931s]   /usr/lib/x86_64-linux-gnu/cmake/pcl/PCLConfig.cmake:320 (find_qhull)
[1.931s]   /usr/lib/x86_64-linux-gnu/cmake/pcl/PCLConfig.cmake:548 (find_external_library)
[1.931s]   /opt/ros/foxy/share/pcl_ros/cmake/ament_cmake_export_dependencies-extras.cmake:21 (find_package)
[1.931s]   /opt/ros/foxy/share/pcl_ros/cmake/pcl_rosConfig.cmake:41 (include)
[1.931s]   CMakeLists.txt:29 (find_package)
[1.931s] This warning is for project developers.  Use -Wno-dev to suppress it.
[1.931s] [0m
[1.951s] -- Found Qhull: optimized;/usr/lib/x86_64-linux-gnu/libqhull.so;debug;/usr/lib/x86_64-linux-gnu/libqhull.so  
[1.951s] -- QHULL found (include: /usr/include, lib: optimized;/usr/lib/x86_64-linux-gnu/libqhull.so;debug;/usr/lib/x86_64-linux-gnu/libqhull.so)
[1.959s] [33mCMake Warning (dev) at /home/luke/.local/lib/python3.8/site-packages/cmake/data/share/cmake-3.28/Modules/FindPackageHandleStandardArgs.cmake:438 (message):
[1.959s]   The package name passed to `find_package_handle_standard_args` (USB_10)
[1.959s]   does not match the name of the calling package (OpenNI).  This can lead to
[1.959s]   problems in calling code that expects `find_package` result variables
[1.959s]   (e.g., `_FOUND`) to follow a certain pattern.
[1.959s] Call Stack (most recent call first):
[1.959s]   /usr/lib/x86_64-linux-gnu/cmake/pcl/Modules/FindOpenNI.cmake:28 (find_package_handle_standard_args)
[1.959s]   /usr/lib/x86_64-linux-gnu/cmake/pcl/PCLConfig.cmake:179 (find_package)
[1.959s]   /usr/lib/x86_64-linux-gnu/cmake/pcl/PCLConfig.cmake:322 (find_openni)
[1.959s]   /usr/lib/x86_64-linux-gnu/cmake/pcl/PCLConfig.cmake:548 (find_external_library)
[1.959s]   /opt/ros/foxy/share/pcl_ros/cmake/ament_cmake_export_dependencies-extras.cmake:21 (find_package)
[1.959s]   /opt/ros/foxy/share/pcl_ros/cmake/pcl_rosConfig.cmake:41 (include)
[1.959s]   CMakeLists.txt:29 (find_package)
[1.959s] This warning is for project developers.  Use -Wno-dev to suppress it.
[1.959s] [0m
[1.961s] -- OpenNI found (include: /usr/include/ni, lib: /usr/lib/libOpenNI.so)
[1.979s] [33mCMake Warning (dev) at /home/luke/.local/lib/python3.8/site-packages/cmake/data/share/cmake-3.28/Modules/FindPackageHandleStandardArgs.cmake:438 (message):
[1.980s]   The package name passed to `find_package_handle_standard_args` (PCL_COMMON)
[1.980s]   does not match the name of the calling package (PCL).  This can lead to
[1.980s]   problems in calling code that expects `find_package` result variables
[1.980s]   (e.g., `_FOUND`) to follow a certain pattern.
[1.980s] Call Stack (most recent call first):
[1.980s]   /usr/lib/x86_64-linux-gnu/cmake/pcl/PCLConfig.cmake:616 (find_package_handle_standard_args)
[1.980s]   /opt/ros/foxy/share/pcl_ros/cmake/ament_cmake_export_dependencies-extras.cmake:21 (find_package)
[1.980s]   /opt/ros/foxy/share/pcl_ros/cmake/pcl_rosConfig.cmake:41 (include)
[1.980s]   CMakeLists.txt:29 (find_package)
[1.980s] This warning is for project developers.  Use -Wno-dev to suppress it.
[1.980s] [0m
[1.981s] -- Found PCL_COMMON: /usr/lib/x86_64-linux-gnu/libpcl_common.so  
[1.982s] -- Found PCL_KDTREE: /usr/lib/x86_64-linux-gnu/libpcl_kdtree.so  
[1.982s] [33mCMake Warning (dev) at /home/luke/.local/lib/python3.8/site-packages/cmake/data/share/cmake-3.28/Modules/FindPackageHandleStandardArgs.cmake:438 (message):
[1.982s]   The package name passed to `find_package_handle_standard_args` (PCL_KDTREE)
[1.982s]   does not match the name of the calling package (PCL).  This can lead to
[1.982s]   problems in calling code that expects `find_package` result variables
[1.982s]   (e.g., `_FOUND`) to follow a certain pattern.
[1.983s] Call Stack (most recent call first):
[1.983s]   /usr/lib/x86_64-linux-gnu/cmake/pcl/PCLConfig.cmake:616 (find_package_handle_standard_args)
[1.983s]   /opt/ros/foxy/share/pcl_ros/cmake/ament_cmake_export_dependencies-extras.cmake:21 (find_package)
[1.983s]   /opt/ros/foxy/share/pcl_ros/cmake/pcl_rosConfig.cmake:41 (include)
[1.983s]   CMakeLists.txt:29 (find_package)
[1.983s] This warning is for project developers.  Use -Wno-dev to suppress it.
[1.983s] [0m
[1.984s] -- Found PCL_OCTREE: /usr/lib/x86_64-linux-gnu/libpcl_octree.so  
[1.984s] [33mCMake Warning (dev) at /home/luke/.local/lib/python3.8/site-packages/cmake/data/share/cmake-3.28/Modules/FindPackageHandleStandardArgs.cmake:438 (message):
[1.984s]   The package name passed to `find_package_handle_standard_args` (PCL_OCTREE)
[1.984s]   does not match the name of the calling package (PCL).  This can lead to
[1.984s]   problems in calling code that expects `find_package` result variables
[1.984s]   (e.g., `_FOUND`) to follow a certain pattern.
[1.984s] Call Stack (most recent call first):
[1.984s]   /usr/lib/x86_64-linux-gnu/cmake/pcl/PCLConfig.cmake:616 (find_package_handle_standard_args)
[1.984s]   /opt/ros/foxy/share/pcl_ros/cmake/ament_cmake_export_dependencies-extras.cmake:21 (find_package)
[1.985s]   /opt/ros/foxy/share/pcl_ros/cmake/pcl_rosConfig.cmake:41 (include)
[1.985s]   CMakeLists.txt:29 (find_package)
[1.985s] This warning is for project developers.  Use -Wno-dev to suppress it.
[1.985s] [0m
[1.986s] [33mCMake Warning (dev) at /home/luke/.local/lib/python3.8/site-packages/cmake/data/share/cmake-3.28/Modules/FindPackageHandleStandardArgs.cmake:438 (message):
[1.986s]   The package name passed to `find_package_handle_standard_args` (PCL_SEARCH)
[1.986s]   does not match the name of the calling package (PCL).  This can lead to
[1.986s]   problems in calling code that expects `find_package` result variables
[1.986s]   (e.g., `_FOUND`) to follow a certain pattern.
[1.986s] Call Stack (most recent call first):
[1.986s]   /usr/lib/x86_64-linux-gnu/cmake/pcl/PCLConfig.cmake:616 (find_package_handle_standard_args)
[1.986s]   /opt/ros/foxy/share/pcl_ros/cmake/ament_cmake_export_dependencies-extras.cmake:21 (find_package)
[1.986s]   /opt/ros/foxy/share/pcl_ros/cmake/pcl_rosConfig.cmake:41 (include)
[1.986s]   CMakeLists.txt:29 (find_package)
[1.986s] This warning is for project developers.  Use -Wno-dev to suppress it.
[1.986s] [0m
[1.986s] -- Found PCL_SEARCH: /usr/lib/x86_64-linux-gnu/libpcl_search.so  
[1.987s] [33mCMake Warning (dev) at /home/luke/.local/lib/python3.8/site-packages/cmake/data/share/cmake-3.28/Modules/FindPackageHandleStandardArgs.cmake:438 (message):
[1.987s]   The package name passed to `find_package_handle_standard_args`
[1.987s]   (PCL_SAMPLE_CONSENSUS) does not match the name of the calling package
[1.987s]   (PCL).  This can lead to problems in calling code that expects
[1.987s]   `find_package` result variables (e.g., `_FOUND`) to follow a certain
[1.987s]   pattern.
[1.987s] Call Stack (most recent call first):
[1.987s]   /usr/lib/x86_64-linux-gnu/cmake/pcl/PCLConfig.cmake:616 (find_package_handle_standard_args)
[1.987s]   /opt/ros/foxy/share/pcl_ros/cmake/ament_cmake_export_dependencies-extras.cmake:21 (find_package)
[1.987s]   /opt/ros/foxy/share/pcl_ros/cmake/pcl_rosConfig.cmake:41 (include)
[1.988s]   CMakeLists.txt:29 (find_package)
[1.988s] This warning is for project developers.  Use -Wno-dev to suppress it.
[1.988s] [0m
[1.988s] -- Found PCL_SAMPLE_CONSENSUS: /usr/lib/x86_64-linux-gnu/libpcl_sample_consensus.so  
[1.989s] [33mCMake Warning (dev) at /home/luke/.local/lib/python3.8/site-packages/cmake/data/share/cmake-3.28/Modules/FindPackageHandleStandardArgs.cmake:438 (message):
[1.989s]   The package name passed to `find_package_handle_standard_args`
[1.989s] -- Found PCL_FILTERS: /usr/lib/x86_64-linux-gnu/libpcl_filters.so  
[1.990s] -- Found PCL_2D: /usr/include/pcl-1.10  
[1.990s]   (PCL_FILTERS) does not match the name of the calling package (PCL).  This
[1.990s]   can lead to problems in calling code that expects `find_package` result
[1.990s]   variables (e.g., `_FOUND`) to follow a certain pattern.
[1.990s] Call Stack (most recent call first):
[1.990s]   /usr/lib/x86_64-linux-gnu/cmake/pcl/PCLConfig.cmake:616 (find_package_handle_standard_args)
[1.990s]   /opt/ros/foxy/share/pcl_ros/cmake/ament_cmake_export_dependencies-extras.cmake:21 (find_package)
[1.990s]   /opt/ros/foxy/share/pcl_ros/cmake/pcl_rosConfig.cmake:41 (include)
[1.990s]   CMakeLists.txt:29 (find_package)
[1.990s] This warning is for project developers.  Use -Wno-dev to suppress it.
[1.990s] [0m
[1.990s] [33mCMake Warning (dev) at /home/luke/.local/lib/python3.8/site-packages/cmake/data/share/cmake-3.28/Modules/FindPackageHandleStandardArgs.cmake:438 (message):
[1.990s]   The package name passed to `find_package_handle_standard_args` (PCL_2D)
[1.990s]   does not match the name of the calling package (PCL).  This can lead to
[1.991s]   problems in calling code that expects `find_package` result variables
[1.991s]   (e.g., `_FOUND`) to follow a certain pattern.
[1.991s] Call Stack (most recent call first):
[1.991s]   /usr/lib/x86_64-linux-gnu/cmake/pcl/PCLConfig.cmake:619 (find_package_handle_standard_args)
[1.991s]   /opt/ros/foxy/share/pcl_ros/cmake/ament_cmake_export_dependencies-extras.cmake:21 (find_package)
[1.991s]   /opt/ros/foxy/share/pcl_ros/cmake/pcl_rosConfig.cmake:41 (include)
[1.991s]   CMakeLists.txt:29 (find_package)
[1.991s] This warning is for project developers.  Use -Wno-dev to suppress it.
[1.991s] [0m
[1.993s] -- Found PCL_GEOMETRY: /usr/include/pcl-1.10  
[1.993s] [33mCMake Warning (dev) at /home/luke/.local/lib/python3.8/site-packages/cmake/data/share/cmake-3.28/Modules/FindPackageHandleStandardArgs.cmake:438 (message):
[1.993s]   The package name passed to `find_package_handle_standard_args`
[1.993s]   (PCL_GEOMETRY) does not match the name of the calling package (PCL).  This
[1.993s]   can lead to problems in calling code that expects `find_package` result
[1.993s]   variables (e.g., `_FOUND`) to follow a certain pattern.
[1.993s] Call Stack (most recent call first):
[1.993s]   /usr/lib/x86_64-linux-gnu/cmake/pcl/PCLConfig.cmake:619 (find_package_handle_standard_args)
[1.993s]   /opt/ros/foxy/share/pcl_ros/cmake/ament_cmake_export_dependencies-extras.cmake:21 (find_package)
[1.993s]   /opt/ros/foxy/share/pcl_ros/cmake/pcl_rosConfig.cmake:41 (include)
[1.994s]   CMakeLists.txt:29 (find_package)
[1.994s] This warning is for project developers.  Use -Wno-dev to suppress it.
[1.994s] [0m
[1.996s] -- Found PCL_IO: /usr/lib/x86_64-linux-gnu/libpcl_io.so  
[1.996s] [33mCMake Warning (dev) at /home/luke/.local/lib/python3.8/site-packages/cmake/data/share/cmake-3.28/Modules/FindPackageHandleStandardArgs.cmake:438 (message):
[1.996s]   The package name passed to `find_package_handle_standard_args` (PCL_IO)
[1.996s]   does not match the name of the calling package (PCL).  This can lead to
[1.996s]   problems in calling code that expects `find_package` result variables
[1.996s]   (e.g., `_FOUND`) to follow a certain pattern.
[1.996s] Call Stack (most recent call first):
[1.996s]   /usr/lib/x86_64-linux-gnu/cmake/pcl/PCLConfig.cmake:616 (find_package_handle_standard_args)
[1.996s]   /opt/ros/foxy/share/pcl_ros/cmake/ament_cmake_export_dependencies-extras.cmake:21 (find_package)
[1.996s]   /opt/ros/foxy/share/pcl_ros/cmake/pcl_rosConfig.cmake:41 (include)
[1.996s]   CMakeLists.txt:29 (find_package)
[1.996s] This warning is for project developers.  Use -Wno-dev to suppress it.
[1.996s] [0m
[1.996s] [33mCMake Warning (dev) at /home/luke/.local/lib/python3.8/site-packages/cmake/data/share/cmake-3.28/Modules/FindPackageHandleStandardArgs.cmake:438 (message):
[1.996s]   The package name passed to `find_package_handle_standard_args`
[1.996s]   (PCL_FEATURES) does not match the name of the calling package (PCL).  This
[1.997s]   can lead to problems in calling code that expects `find_package` result
[1.997s]   variables (e.g., `_FOUND`) to follow a certain pattern.
[1.997s] Call Stack (most recent call first):
[1.997s]   /usr/lib/x86_64-linux-gnu/cmake/pcl/PCLConfig.cmake:616 (find_package_handle_standard_args)
[1.997s]   /opt/ros/foxy/share/pcl_ros/cmake/ament_cmake_export_dependencies-extras.cmake:21 (find_package)
[1.997s]   /opt/ros/foxy/share/pcl_ros/cmake/pcl_rosConfig.cmake:41 (include)
[1.997s]   CMakeLists.txt:29 (find_package)
[1.997s] This warning is for project developers.  Use -Wno-dev to suppress it.
[1.997s] [0m
[1.997s] -- Found PCL_FEATURES: /usr/lib/x86_64-linux-gnu/libpcl_features.so  
[1.998s] [33mCMake Warning (dev) at /home/luke/.local/lib/python3.8/site-packages/cmake/data/share/cmake-3.28/Modules/FindPackageHandleStandardArgs.cmake:438 (message):
[1.998s]   The package name passed to `find_package_handle_standard_args` (PCL_ML)
[1.998s]   does not match the name of the calling package (PCL).  This can lead to
[1.998s]   problems in calling code that expects `find_package` result variables
[1.998s]   (e.g., `_FOUND`) to follow a certain pattern.
[1.998s] Call Stack (most recent call first):
[1.998s]   /usr/lib/x86_64-linux-gnu/cmake/pcl/PCLConfig.cmake:616 (find_package_handle_standard_args)
[1.998s]   /opt/ros/foxy/share/pcl_ros/cmake/ament_cmake_export_dependencies-extras.cmake:21 (find_package)
[1.998s]   /opt/ros/foxy/share/pcl_ros/cmake/pcl_rosConfig.cmake:41 (include)
[1.998s]   CMakeLists.txt:29 (find_package)
[1.998s] This warning is for project developers.  Use -Wno-dev to suppress it.
[1.998s] [0m
[1.998s] -- Found PCL_ML: /usr/lib/x86_64-linux-gnu/libpcl_ml.so  
[1.998s] [33mCMake Warning (dev) at /home/luke/.local/lib/python3.8/site-packages/cmake/data/share/cmake-3.28/Modules/FindPackageHandleStandardArgs.cmake:438 (message):
[1.999s]   The package name passed to `find_package_handle_standard_args`
[1.999s]   (PCL_SEGMENTATION) does not match the name of the calling package (PCL).
[1.999s]   This can lead to problems in calling code that expects `find_package`
[1.999s]   result variables (e.g., `_FOUND`) to follow a certain pattern.
[1.999s] Call Stack (most recent call first):
[1.999s]   /usr/lib/x86_64-linux-gnu/cmake/pcl/PCLConfig.cmake:616 (find_package_handle_standard_args)
[1.999s]   /opt/ros/foxy/share/pcl_ros/cmake/ament_cmake_export_dependencies-extras.cmake:21 (find_package)
[1.999s]   /opt/ros/foxy/share/pcl_ros/cmake/pcl_rosConfig.cmake:41 (include)
[1.999s]   CMakeLists.txt:29 (find_package)
[1.999s] This warning is for project developers.  Use -Wno-dev to suppress it.
[1.999s] [0m
[1.999s] -- Found PCL_SEGMENTATION: /usr/lib/x86_64-linux-gnu/libpcl_segmentation.so  
[2.000s] [33mCMake Warning (dev) at /home/luke/.local/lib/python3.8/site-packages/cmake/data/share/cmake-3.28/Modules/FindPackageHandleStandardArgs.cmake:438 (message):
[2.000s]   The package name passed to `find_package_handle_standard_args`
[2.000s]   (PCL_VISUALIZATION) does not match the name of the calling package (PCL).
[2.000s]   This can lead to problems in calling code that expects `find_package`
[2.000s]   result variables (e.g., `_FOUND`) to follow a certain pattern.
[2.000s] Call Stack (most recent call first):
[2.000s]   /usr/lib/x86_64-linux-gnu/cmake/pcl/PCLConfig.cmake:616 (find_package_handle_standard_args)
[2.000s]   /opt/ros/foxy/share/pcl_ros/cmake/ament_cmake_export_dependencies-extras.cmake:21 (find_package)
[2.000s]   /opt/ros/foxy/share/pcl_ros/cmake/pcl_rosConfig.cmake:41 (include)
[2.000s]   CMakeLists.txt:29 (find_package)
[2.000s] This warning is for project developers.  Use -Wno-dev to suppress it.
[2.000s] [0m
[2.001s] -- Found PCL_VISUALIZATION: /usr/lib/x86_64-linux-gnu/libpcl_visualization.so  
[2.004s] [33mCMake Warning (dev) at /home/luke/.local/lib/python3.8/site-packages/cmake/data/share/cmake-3.28/Modules/FindPackageHandleStandardArgs.cmake:438 (message):
[2.004s]   The package name passed to `find_package_handle_standard_args`
[2.004s]   (PCL_SURFACE) does not match the name of the calling package (PCL).  This
[2.004s]   can lead to problems in calling code that expects `find_package` result
[2.004s]   variables (e.g., `_FOUND`) to follow a certain pattern.
[2.004s] Call Stack (most recent call first):
[2.004s]   /usr/lib/x86_64-linux-gnu/cmake/pcl/PCLConfig.cmake:616 (find_package_handle_standard_args)
[2.004s]   /opt/ros/foxy/share/pcl_ros/cmake/ament_cmake_export_dependencies-extras.cmake:21 (find_package)
[2.004s]   /opt/ros/foxy/share/pcl_ros/cmake/pcl_rosConfig.cmake:41 (include)
[2.004s]   CMakeLists.txt:29 (find_package)
[2.004s] This warning is for project developers.  Use -Wno-dev to suppress it.
[2.005s] [0m
[2.005s] -- Found PCL_SURFACE: /usr/lib/x86_64-linux-gnu/libpcl_surface.so  
[2.008s] [33mCMake Warning (dev) at /home/luke/.local/lib/python3.8/site-packages/cmake/data/share/cmake-3.28/Modules/FindPackageHandleStandardArgs.cmake:438 (message):
[2.008s]   The package name passed to `find_package_handle_standard_args`
[2.008s]   (PCL_REGISTRATION) does not match the name of the calling package (PCL).
[2.008s]   This can lead to problems in calling code that expects `find_package`
[2.008s]   result variables (e.g., `_FOUND`) to follow a certain pattern.
[2.008s] Call Stack (most recent call first):
[2.008s]   /usr/lib/x86_64-linux-gnu/cmake/pcl/PCLConfig.cmake:616 (find_package_handle_standard_args)
[2.008s]   /opt/ros/foxy/share/pcl_ros/cmake/ament_cmake_export_dependencies-extras.cmake:21 (find_package)
[2.008s]   /opt/ros/foxy/share/pcl_ros/cmake/pcl_rosConfig.cmake:41 (include)
[2.008s]   CMakeLists.txt:29 (find_package)
[2.008s] This warning is for project developers.  Use -Wno-dev to suppress it.
[2.008s] [0m
[2.008s] -- Found PCL_REGISTRATION: /usr/lib/x86_64-linux-gnu/libpcl_registration.so  
[2.011s] [33mCMake Warning (dev) at /home/luke/.local/lib/python3.8/site-packages/cmake/data/share/cmake-3.28/Modules/FindPackageHandleStandardArgs.cmake:438 (message):
[2.011s]   The package name passed to `find_package_handle_standard_args`
[2.011s]   (PCL_KEYPOINTS) does not match the name of the calling package (PCL).  This
[2.011s]   can lead to problems in calling code that expects `find_package` result
[2.011s]   variables (e.g., `_FOUND`) to follow a certain pattern.
[2.011s] Call Stack (most recent call first):
[2.012s]   /usr/lib/x86_64-linux-gnu/cmake/pcl/PCLConfig.cmake:616 (find_package_handle_standard_args)
[2.012s]   /opt/ros/foxy/share/pcl_ros/cmake/ament_cmake_export_dependencies-extras.cmake:21 (find_package)
[2.012s]   /opt/ros/foxy/share/pcl_ros/cmake/pcl_rosConfig.cmake:41 (include)
[2.012s]   CMakeLists.txt:29 (find_package)
[2.012s] This warning is for project developers.  Use -Wno-dev to suppress it.
[2.012s] [0m
[2.012s] -- Found PCL_KEYPOINTS: /usr/lib/x86_64-linux-gnu/libpcl_keypoints.so  
[2.013s] [33mCMake Warning (dev) at /home/luke/.local/lib/python3.8/site-packages/cmake/data/share/cmake-3.28/Modules/FindPackageHandleStandardArgs.cmake:438 (message):
[2.013s]   The package name passed to `find_package_handle_standard_args`
[2.013s]   (PCL_TRACKING) does not match the name of the calling package (PCL).  This
[2.013s]   can lead to problems in calling code that expects `find_package` result
[2.013s]   variables (e.g., `_FOUND`) to follow a certain pattern.
[2.013s] Call Stack (most recent call first):
[2.013s]   /usr/lib/x86_64-linux-gnu/cmake/pcl/PCLConfig.cmake:616 (find_package_handle_standard_args)
[2.013s]   /opt/ros/foxy/share/pcl_ros/cmake/ament_cmake_export_dependencies-extras.cmake:21 (find_package)
[2.014s]   /opt/ros/foxy/share/pcl_ros/cmake/pcl_rosConfig.cmake:41 (include)
[2.014s]   CMakeLists.txt:29 (find_package)
[2.014s] This warning is for project developers.  Use -Wno-dev to suppress it.
[2.014s] [0m
[2.014s] -- Found PCL_TRACKING: /usr/lib/x86_64-linux-gnu/libpcl_tracking.so  
[2.015s] -- Found PCL_RECOGNITION: /usr/lib/x86_64-linux-gnu/libpcl_recognition.so  
[2.015s] [33mCMake Warning (dev) at /home/luke/.local/lib/python3.8/site-packages/cmake/data/share/cmake-3.28/Modules/FindPackageHandleStandardArgs.cmake:438 (message):
[2.015s]   The package name passed to `find_package_handle_standard_args`
[2.015s]   (PCL_RECOGNITION) does not match the name of the calling package (PCL).
[2.015s]   This can lead to problems in calling code that expects `find_package`
[2.015s]   result variables (e.g., `_FOUND`) to follow a certain pattern.
[2.015s] Call Stack (most recent call first):
[2.015s]   /usr/lib/x86_64-linux-gnu/cmake/pcl/PCLConfig.cmake:616 (find_package_handle_standard_args)
[2.015s]   /opt/ros/foxy/share/pcl_ros/cmake/ament_cmake_export_dependencies-extras.cmake:21 (find_package)
[2.015s]   /opt/ros/foxy/share/pcl_ros/cmake/pcl_rosConfig.cmake:41 (include)
[2.015s]   CMakeLists.txt:29 (find_package)
[2.015s] This warning is for project developers.  Use -Wno-dev to suppress it.
[2.016s] [0m
[2.016s] [33mCMake Warning (dev) at /home/luke/.local/lib/python3.8/site-packages/cmake/data/share/cmake-3.28/Modules/FindPackageHandleStandardArgs.cmake:438 (message):
[2.016s]   The package name passed to `find_package_handle_standard_args` (PCL_STEREO)
[2.016s]   does not match the name of the calling package (PCL).  This can lead to
[2.016s]   problems in calling code that expects `find_package` result variables
[2.016s]   (e.g., `_FOUND`) to follow a certain pattern.
[2.016s] Call Stack (most recent call first):
[2.016s]   /usr/lib/x86_64-linux-gnu/cmake/pcl/PCLConfig.cmake:616 (find_package_handle_standard_args)
[2.016s]   /opt/ros/foxy/share/pcl_ros/cmake/ament_cmake_export_dependencies-extras.cmake:21 (find_package)
[2.016s]   /opt/ros/foxy/share/pcl_ros/cmake/pcl_rosConfig.cmake:41 (include)
[2.016s]   CMakeLists.txt:29 (find_package)
[2.016s] This warning is for project developers.  Use -Wno-dev to suppress it.
[2.016s] [0m
[2.017s] -- Found PCL_STEREO: /usr/lib/x86_64-linux-gnu/libpcl_stereo.so  
[2.017s] [33mCMake Warning (dev) at /home/luke/.local/lib/python3.8/site-packages/cmake/data/share/cmake-3.28/Modules/FindPackageHandleStandardArgs.cmake:438 (message):
[2.017s]   The package name passed to `find_package_handle_standard_args` (PCL_APPS)
[2.017s]   does not match the name of the calling package (PCL).  This can lead to
[2.017s]   problems in calling code that expects `find_package` result variables
[2.017s]   (e.g., `_FOUND`) to follow a certain pattern.
[2.017s] Call Stack (most recent call first):
[2.017s]   /usr/lib/x86_64-linux-gnu/cmake/pcl/PCLConfig.cmake:616 (find_package_handle_standard_args)
[2.017s]   /opt/ros/foxy/share/pcl_ros/cmake/ament_cmake_export_dependencies-extras.cmake:21 (find_package)
[2.017s]   /opt/ros/foxy/share/pcl_ros/cmake/pcl_rosConfig.cmake:41 (include)
[2.017s]   CMakeLists.txt:29 (find_package)
[2.017s] This warning is for project developers.  Use -Wno-dev to suppress it.
[2.017s] [0m
[2.017s] -- Found PCL_APPS: /usr/lib/x86_64-linux-gnu/libpcl_apps.so  
[2.018s] [33mCMake Warning (dev) at /home/luke/.local/lib/python3.8/site-packages/cmake/data/share/cmake-3.28/Modules/FindPackageHandleStandardArgs.cmake:438 (message):
[2.018s]   The package name passed to `find_package_handle_standard_args`
[2.018s]   (PCL_IN_HAND_SCANNER) does not match the name of the calling package (PCL).
[2.018s]   This can lead to problems in calling code that expects `find_package`
[2.018s]   result variables (e.g., `_FOUND`) to follow a certain pattern.
[2.018s] Call Stack (most recent call first):
[2.018s]   /usr/lib/x86_64-linux-gnu/cmake/pcl/PCLConfig.cmake:619 (find_package_handle_standard_args)
[2.018s]   /opt/ros/foxy/share/pcl_ros/cmake/ament_cmake_export_dependencies-extras.cmake:21 (find_package)
[2.018s]   /opt/ros/foxy/share/pcl_ros/cmake/pcl_rosConfig.cmake:41 (include)
[2.018s]   CMakeLists.txt:29 (find_package)
[2.018s] This warning is for project developers.  Use -Wno-dev to suppress it.
[2.018s] [0m
[2.018s] -- Found PCL_IN_HAND_SCANNER: /usr/include/pcl-1.10  
[2.018s] [33mCMake Warning (dev) at /home/luke/.local/lib/python3.8/site-packages/cmake/data/share/cmake-3.28/Modules/FindPackageHandleStandardArgs.cmake:438 (message):
[2.019s]   The package name passed to `find_package_handle_standard_args`
[2.019s]   (PCL_POINT_CLOUD_EDITOR) does not match the name of the calling package
[2.019s]   (PCL).  This can lead to problems in calling code that expects
[2.019s]   `find_package` result variables (e.g., `_FOUND`) to follow a certain
[2.019s]   pattern.
[2.019s] Call Stack (most recent call first):
[2.019s]   /usr/lib/x86_64-linux-gnu/cmake/pcl/PCLConfig.cmake:619 (find_package_handle_standard_args)
[2.019s]   /opt/ros/foxy/share/pcl_ros/cmake/ament_cmake_export_dependencies-extras.cmake:21 (find_package)
[2.019s]   /opt/ros/foxy/share/pcl_ros/cmake/pcl_rosConfig.cmake:41 (include)
[2.019s]   CMakeLists.txt:29 (find_package)
[2.019s] This warning is for project developers.  Use -Wno-dev to suppress it.
[2.019s] [0m
[2.019s] -- Found PCL_POINT_CLOUD_EDITOR: /usr/include/pcl-1.10  
[2.019s] [33mCMake Warning (dev) at /home/luke/.local/lib/python3.8/site-packages/cmake/data/share/cmake-3.28/Modules/FindPackageHandleStandardArgs.cmake:438 (message):
[2.020s]   The package name passed to `find_package_handle_standard_args`
[2.020s]   (PCL_OUTOFCORE) does not match the name of the calling package (PCL).  This
[2.020s]   can lead to problems in calling code that expects `find_package` result
[2.020s]   variables (e.g., `_FOUND`) to follow a certain pattern.
[2.020s] Call Stack (most recent call first):
[2.020s]   /usr/lib/x86_64-linux-gnu/cmake/pcl/PCLConfig.cmake:616 (find_package_handle_standard_args)
[2.020s]   /opt/ros/foxy/share/pcl_ros/cmake/ament_cmake_export_dependencies-extras.cmake:21 (find_package)
[2.020s]   /opt/ros/foxy/share/pcl_ros/cmake/pcl_rosConfig.cmake:41 (include)
[2.020s]   CMakeLists.txt:29 (find_package)
[2.020s] This warning is for project developers.  Use -Wno-dev to suppress it.
[2.020s] [0m
[2.020s] -- Found PCL_OUTOFCORE: /usr/lib/x86_64-linux-gnu/libpcl_outofcore.so  
[2.021s] [33mCMake Warning (dev) at /home/luke/.local/lib/python3.8/site-packages/cmake/data/share/cmake-3.28/Modules/FindPackageHandleStandardArgs.cmake:438 (message):
[2.021s]   The package name passed to `find_package_handle_standard_args` (PCL_PEOPLE)
[2.021s]   does not match the name of the calling package (PCL).  This can lead to
[2.021s]   problems in calling code that expects `find_package` result variables
[2.021s]   (e.g., `_FOUND`) to follow a certain pattern.
[2.021s] Call Stack (most recent call first):
[2.021s]   /usr/lib/x86_64-linux-gnu/cmake/pcl/PCLConfig.cmake:616 (find_package_handle_standard_args)
[2.021s]   /opt/ros/foxy/share/pcl_ros/cmake/ament_cmake_export_dependencies-extras.cmake:21 (find_package)
[2.021s]   /opt/ros/foxy/share/pcl_ros/cmake/pcl_rosConfig.cmake:41 (include)
[2.021s]   CMakeLists.txt:29 (find_package)
[2.021s] This warning is for project developers.  Use -Wno-dev to suppress it.
[2.021s] [0m
[2.022s] -- Found PCL_PEOPLE: /usr/lib/x86_64-linux-gnu/libpcl_people.so  
[2.042s] -- Found ament_lint_auto: 0.9.8 (/opt/ros/foxy/share/ament_lint_auto/cmake)
[2.086s] -- Added test 'copyright' to check source files copyright and LICENSE
[2.087s] -- Added test 'cppcheck' to perform static code analysis on C / C++ code
[2.087s] -- Configured cppcheck include dirs: 
[2.087s] -- Configured cppcheck exclude dirs and/or files: 
[2.088s] -- Added test 'cpplint' to check C / C++ code against the Google style
[2.088s] -- Configured cpplint exclude dirs and/or files: 
[2.088s] -- Added test 'lint_cmake' to check CMake code style
[2.089s] -- Added test 'uncrustify' to check C / C++ code style
[2.089s] -- Configured uncrustify additional arguments: 
[2.089s] -- Added test 'xmllint' to check XML markup files
[2.091s] -- Configuring done (1.9s)
[2.109s] -- Generating done (0.0s)
[2.112s] -- Build files have been written to: /home/luke/TARE/cmu_vla_challenge_unity_foxy/build/terrain_analysis
[2.125s] Invoked command in '/home/luke/TARE/cmu_vla_challenge_unity_foxy/build/terrain_analysis' returned '0': CMAKE_PREFIX_PATH=${CMAKE_PREFIX_PATH}:/home/luke/TARE/cmu_vla_challenge_unity_foxy/install/ros_tcp_endpoint:/opt/ros/foxy /home/luke/.local/bin/cmake /home/luke/TARE/cmu_vla_challenge_unity_foxy/src/terrain_analysis -DAMENT_CMAKE_SYMLINK_INSTALL=1 -DCMAKE_INSTALL_PREFIX=/home/luke/TARE/cmu_vla_challenge_unity_foxy/install/terrain_analysis
[2.130s] Invoking command in '/home/luke/TARE/cmu_vla_challenge_unity_foxy/build/terrain_analysis': CMAKE_PREFIX_PATH=${CMAKE_PREFIX_PATH}:/home/luke/TARE/cmu_vla_challenge_unity_foxy/install/ros_tcp_endpoint:/opt/ros/foxy /home/luke/.local/bin/cmake --build /home/luke/TARE/cmu_vla_challenge_unity_foxy/build/terrain_analysis -- -j20 -l20
[2.161s] [ 50%] [32mBuilding CXX object CMakeFiles/terrainAnalysis.dir/src/terrainAnalysis.cpp.o[0m
[6.589s] [01m[K/home/luke/TARE/cmu_vla_challenge_unity_foxy/src/terrain_analysis/src/terrainAnalysis.cpp:[m[K In function ‘[01m[Kint main(int, char**)[m[K’:
[6.589s] [01m[K/home/luke/TARE/cmu_vla_challenge_unity_foxy/src/terrain_analysis/src/terrainAnalysis.cpp:485:43:[m[K [01;35m[Kwarning: [m[Ksuggest parentheses around ‘[01m[K&&[m[K’ within ‘[01m[K||[m[K’ [[01;35m[K-Wparentheses[m[K]
[6.590s]                  if ([01;35m[Kangle4 > minDyObsVFOV && angle4 < maxDyObsVFOV[m[K || fabs(pointZ4) < absDyObsRelZThre) {
[6.590s]                      [01;35m[K~~~~~~~~~~~~~~~~~~~~~~^~~~~~~~~~~~~~~~~~~~~~~~[m[K
[12.594s] [100%] [32m[1mLinking CXX executable terrainAnalysis[0m
[13.395s] [100%] Built target terrainAnalysis
[13.403s] Invoked command in '/home/luke/TARE/cmu_vla_challenge_unity_foxy/build/terrain_analysis' returned '0': CMAKE_PREFIX_PATH=${CMAKE_PREFIX_PATH}:/home/luke/TARE/cmu_vla_challenge_unity_foxy/install/ros_tcp_endpoint:/opt/ros/foxy /home/luke/.local/bin/cmake --build /home/luke/TARE/cmu_vla_challenge_unity_foxy/build/terrain_analysis -- -j20 -l20
[13.433s] Invoking command in '/home/luke/TARE/cmu_vla_challenge_unity_foxy/build/terrain_analysis': CMAKE_PREFIX_PATH=${CMAKE_PREFIX_PATH}:/home/luke/TARE/cmu_vla_challenge_unity_foxy/install/ros_tcp_endpoint:/opt/ros/foxy /home/luke/.local/bin/cmake --install /home/luke/TARE/cmu_vla_challenge_unity_foxy/build/terrain_analysis
[13.449s] -- Install configuration: ""
[13.449s] -- Execute custom install script
[13.450s] -- Symlinking: /home/luke/TARE/cmu_vla_challenge_unity_foxy/install/terrain_analysis/lib/terrain_analysis/terrainAnalysis
[13.451s] -- Symlinking: /home/luke/TARE/cmu_vla_challenge_unity_foxy/install/terrain_analysis/share/terrain_analysis/launch/terrain_analysis.launch
[13.453s] -- Symlinking: /home/luke/TARE/cmu_vla_challenge_unity_foxy/install/terrain_analysis/share/ament_index/resource_index/package_run_dependencies/terrain_analysis
[13.454s] -- Symlinking: /home/luke/TARE/cmu_vla_challenge_unity_foxy/install/terrain_analysis/share/ament_index/resource_index/parent_prefix_path/terrain_analysis
[13.456s] -- Symlinking: /home/luke/TARE/cmu_vla_challenge_unity_foxy/install/terrain_analysis/share/terrain_analysis/environment/ament_prefix_path.sh
[13.457s] -- Symlinking: /home/luke/TARE/cmu_vla_challenge_unity_foxy/install/terrain_analysis/share/terrain_analysis/environment/ament_prefix_path.dsv
[13.459s] -- Symlinking: /home/luke/TARE/cmu_vla_challenge_unity_foxy/install/terrain_analysis/share/terrain_analysis/environment/path.sh
[13.460s] -- Symlinking: /home/luke/TARE/cmu_vla_challenge_unity_foxy/install/terrain_analysis/share/terrain_analysis/environment/path.dsv
[13.461s] -- Symlinking: /home/luke/TARE/cmu_vla_challenge_unity_foxy/install/terrain_analysis/share/terrain_analysis/local_setup.bash
[13.463s] -- Symlinking: /home/luke/TARE/cmu_vla_challenge_unity_foxy/install/terrain_analysis/share/terrain_analysis/local_setup.sh
[13.466s] -- Symlinking: /home/luke/TARE/cmu_vla_challenge_unity_foxy/install/terrain_analysis/share/terrain_analysis/local_setup.zsh
[13.466s] -- Symlinking: /home/luke/TARE/cmu_vla_challenge_unity_foxy/install/terrain_analysis/share/terrain_analysis/local_setup.dsv
[13.467s] -- Symlinking: /home/luke/TARE/cmu_vla_challenge_unity_foxy/install/terrain_analysis/share/terrain_analysis/package.dsv
[13.469s] -- Symlinking: /home/luke/TARE/cmu_vla_challenge_unity_foxy/install/terrain_analysis/share/ament_index/resource_index/packages/terrain_analysis
[13.471s] -- Symlinking: /home/luke/TARE/cmu_vla_challenge_unity_foxy/install/terrain_analysis/share/terrain_analysis/cmake/terrain_analysisConfig.cmake
[13.472s] -- Symlinking: /home/luke/TARE/cmu_vla_challenge_unity_foxy/install/terrain_analysis/share/terrain_analysis/cmake/terrain_analysisConfig-version.cmake
[13.474s] -- Symlinking: /home/luke/TARE/cmu_vla_challenge_unity_foxy/install/terrain_analysis/share/terrain_analysis/package.xml
[13.480s] Invoked command in '/home/luke/TARE/cmu_vla_challenge_unity_foxy/build/terrain_analysis' returned '0': CMAKE_PREFIX_PATH=${CMAKE_PREFIX_PATH}:/home/luke/TARE/cmu_vla_challenge_unity_foxy/install/ros_tcp_endpoint:/opt/ros/foxy /home/luke/.local/bin/cmake --install /home/luke/TARE/cmu_vla_challenge_unity_foxy/build/terrain_analysis
