[0.201s] Invoking command in '/home/luke/TARE/cmu_vla_challenge_unity_foxy/build/visualization_tools': CMAKE_PREFIX_PATH=${CMAKE_PREFIX_PATH}:/home/luke/TARE/cmu_vla_challenge_unity_foxy/install/ros_tcp_endpoint:/opt/ros/foxy /home/luke/.local/bin/cmake /home/luke/TARE/cmu_vla_challenge_unity_foxy/src/visualization_tools -DAMENT_CMAKE_SYMLINK_INSTALL=1 -DCMAKE_INSTALL_PREFIX=/home/luke/TARE/cmu_vla_challenge_unity_foxy/install/visualization_tools
[0.246s] -- The C compiler identification is GNU 8.4.0
[0.280s] -- The CXX compiler identification is GNU 8.4.0
[0.293s] -- Detecting C compiler ABI info
[0.330s] -- Detecting C compiler ABI info - done
[0.342s] -- Check for working C compiler: /usr/bin/cc - skipped
[0.342s] -- Detecting C compile features
[0.342s] -- Detecting C compile features - done
[0.350s] -- Detecting CXX compiler ABI info
[0.390s] -- Detecting CXX compiler ABI info - done
[0.398s] -- Check for working CXX compiler: /usr/bin/c++ - skipped
[0.398s] -- Detecting CXX compile features
[0.398s] -- Detecting CXX compile features - done
[0.400s] -- Found ament_cmake: 0.9.12 (/opt/ros/foxy/share/ament_cmake/cmake)
[0.402s] [33mCMake Warning (dev) at /opt/ros/foxy/share/ament_cmake_core/cmake/core/python.cmake:22 (find_package):
[0.402s]   Policy CMP0148 is not set: The FindPythonInterp and FindPythonLibs modules
[0.402s]   are removed.  Run "cmake --help-policy CMP0148" for policy details.  Use
[0.402s]   the cmake_policy command to set the policy and suppress this warning.
[0.402s] 
[0.403s] Call Stack (most recent call first):
[0.403s]   /opt/ros/foxy/share/ament_cmake_core/cmake/core/all.cmake:53 (include)
[0.403s]   /opt/ros/foxy/share/ament_cmake_core/cmake/ament_cmake_core-extras.cmake:17 (include)
[0.403s]   /opt/ros/foxy/share/ament_cmake_core/cmake/ament_cmake_coreConfig.cmake:41 (include)
[0.403s]   /opt/ros/foxy/share/ament_cmake/cmake/ament_cmake_export_dependencies-extras.cmake:15 (find_package)
[0.403s]   /opt/ros/foxy/share/ament_cmake/cmake/ament_cmakeConfig.cmake:41 (include)
[0.403s]   CMakeLists.txt:18 (find_package)
[0.403s] This warning is for project developers.  Use -Wno-dev to suppress it.
[0.403s] [0m
[0.417s] -- Found PythonInterp: /usr/bin/python3 (found suitable version "3.8.10", minimum required is "3") 
[0.417s] -- Using PYTHON_EXECUTABLE: /usr/bin/python3
[0.528s] -- Override CMake install command with custom implementation using symlinks instead of copying resources
[0.542s] -- Found rclcpp: 2.4.3 (/opt/ros/foxy/share/rclcpp/cmake)
[0.571s] -- Using all available rosidl_typesupport_c: rosidl_typesupport_fastrtps_c;rosidl_typesupport_introspection_c
[0.576s] -- Found rosidl_adapter: 1.3.1 (/opt/ros/foxy/share/rosidl_adapter/cmake)
[0.632s] -- Found OpenSSL: /usr/lib/x86_64-linux-gnu/libcrypto.so (found version "1.1.1f")  
[0.662s] -- Found FastRTPS: /opt/ros/foxy/include  
[0.727s] -- Using all available rosidl_typesupport_cpp: rosidl_typesupport_fastrtps_cpp;rosidl_typesupport_introspection_cpp
[0.764s] -- Found rmw_implementation_cmake: 1.0.4 (/opt/ros/foxy/share/rmw_implementation_cmake/cmake)
[0.765s] -- Using RMW implementation 'rmw_fastrtps_cpp' as default
[0.766s] -- Performing Test CMAKE_HAVE_LIBC_PTHREAD
[0.804s] -- Performing Test CMAKE_HAVE_LIBC_PTHREAD - Failed
[0.804s] -- Looking for pthread_create in pthreads
[0.832s] -- Looking for pthread_create in pthreads - not found
[0.832s] -- Looking for pthread_create in pthread
[0.869s] -- Looking for pthread_create in pthread - found
[0.870s] -- Found Threads: TRUE  
[0.973s] -- Found rclpy: 1.0.13 (/opt/ros/foxy/share/rclpy/cmake)
[0.975s] -- Found nav_msgs: 2.0.5 (/opt/ros/foxy/share/nav_msgs/cmake)
[1.064s] -- Found sensor_msgs: 2.0.5 (/opt/ros/foxy/share/sensor_msgs/cmake)
[1.108s] -- Found tf2_ros: 0.13.14 (/opt/ros/foxy/share/tf2_ros/cmake)
[1.345s] -- Found tf2_geometry_msgs: 0.13.14 (/opt/ros/foxy/share/tf2_geometry_msgs/cmake)
[1.350s] -- Found eigen3_cmake_module: 0.1.1 (/opt/ros/foxy/share/eigen3_cmake_module/cmake)
[1.352s] -- Found Eigen3: TRUE (found version "3.3.7") 
[1.367s] -- Found pcl_conversions: 2.2.1 (/opt/ros/foxy/share/pcl_conversions/cmake)
[1.471s] -- Found pcl_ros: 2.2.1 (/opt/ros/foxy/share/pcl_ros/cmake)
[1.540s] [33mCMake Warning (dev) at /usr/lib/x86_64-linux-gnu/cmake/pcl/PCLConfig.cmake:152 (find_package):
[1.540s]   Policy CMP0144 is not set: find_package uses upper-case <PACKAGENAME>_ROOT
[1.540s]   variables.  Run "cmake --help-policy CMP0144" for policy details.  Use the
[1.540s]   cmake_policy command to set the policy and suppress this warning.
[1.540s] 
[1.540s]   CMake variable EIGEN_ROOT is set to:
[1.540s] 
[1.540s]     /usr/include/eigen3
[1.540s] 
[1.540s]   For compatibility, find_package is ignoring the variable, but code in a
[1.540s]   .cmake module might still use it.
[1.540s] Call Stack (most recent call first):
[1.540s]   /usr/lib/x86_64-linux-gnu/cmake/pcl/PCLConfig.cmake:316 (find_eigen)
[1.540s]   /usr/lib/x86_64-linux-gnu/cmake/pcl/PCLConfig.cmake:551 (find_external_library)
[1.540s]   /opt/ros/foxy/share/pcl_ros/cmake/ament_cmake_export_dependencies-extras.cmake:21 (find_package)
[1.540s]   /opt/ros/foxy/share/pcl_ros/cmake/pcl_rosConfig.cmake:41 (include)
[1.540s]   CMakeLists.txt:31 (find_package)
[1.540s] This warning is for project developers.  Use -Wno-dev to suppress it.
[1.540s] [0m
[1.543s] -- Checking for module 'eigen3'
[1.554s] --   Found eigen3, version 3.3.7
[1.575s] -- Found Eigen: /usr/include/eigen3 (Required is at least version "3.1") 
[1.575s] -- Eigen found (include: /usr/include/eigen3, version: 3.3.7)
[1.624s] [33mCMake Warning (dev) at /usr/lib/x86_64-linux-gnu/cmake/pcl/Modules/FindFLANN.cmake:44 (find_package):
[1.624s]   Policy CMP0144 is not set: find_package uses upper-case <PACKAGENAME>_ROOT
[1.624s]   variables.  Run "cmake --help-policy CMP0144" for policy details.  Use the
[1.624s]   cmake_policy command to set the policy and suppress this warning.
[1.624s] 
[1.624s]   CMake variable FLANN_ROOT is set to:
[1.624s] 
[1.624s]     /usr
[1.624s] 
[1.624s]   For compatibility, find_package is ignoring the variable, but code in a
[1.624s]   .cmake module might still use it.
[1.624s] Call Stack (most recent call first):
[1.624s]   /usr/lib/x86_64-linux-gnu/cmake/pcl/PCLConfig.cmake:263 (find_package)
[1.624s]   /usr/lib/x86_64-linux-gnu/cmake/pcl/PCLConfig.cmake:318 (find_flann)
[1.624s]   /usr/lib/x86_64-linux-gnu/cmake/pcl/PCLConfig.cmake:551 (find_external_library)
[1.624s]   /opt/ros/foxy/share/pcl_ros/cmake/ament_cmake_export_dependencies-extras.cmake:21 (find_package)
[1.624s]   /opt/ros/foxy/share/pcl_ros/cmake/pcl_rosConfig.cmake:41 (include)
[1.624s]   CMakeLists.txt:31 (find_package)
[1.624s] This warning is for project developers.  Use -Wno-dev to suppress it.
[1.624s] [0m
[1.633s] -- Checking for module 'flann'
[1.644s] --   Found flann, version 1.9.1
[1.674s] -- Found FLANN: /usr/lib/x86_64-linux-gnu/libflann_cpp.so  
[1.715s] -- The imported target "vtkParseOGLExt" references the file
[1.715s]    "/usr/bin/vtkParseOGLExt-7.1"
[1.715s] but this file does not exist.  Possible reasons include:
[1.715s] * The file was deleted, renamed, or moved to another location.
[1.716s] * An install or uninstall procedure did not complete successfully.
[1.716s] * The installation package was faulty and contained
[1.716s]    "/usr/lib/cmake/vtk-7.1/VTKTargets.cmake"
[1.716s] but not all the files it references.
[1.716s] 
[1.716s] -- The imported target "vtkRenderingPythonTkWidgets" references the file
[1.716s]    "/usr/lib/x86_64-linux-gnu/libvtkRenderingPythonTkWidgets.so"
[1.716s] but this file does not exist.  Possible reasons include:
[1.716s] * The file was deleted, renamed, or moved to another location.
[1.716s] * An install or uninstall procedure did not complete successfully.
[1.716s] * The installation package was faulty and contained
[1.716s]    "/usr/lib/cmake/vtk-7.1/VTKTargets.cmake"
[1.716s] but not all the files it references.
[1.716s] 
[1.716s] -- The imported target "vtk" references the file
[1.716s]    "/usr/bin/vtk"
[1.716s] but this file does not exist.  Possible reasons include:
[1.716s] * The file was deleted, renamed, or moved to another location.
[1.716s] * An install or uninstall procedure did not complete successfully.
[1.716s] * The installation package was faulty and contained
[1.717s]    "/usr/lib/cmake/vtk-7.1/VTKTargets.cmake"
[1.717s] but not all the files it references.
[1.717s] 
[1.717s] -- The imported target "pvtk" references the file
[1.717s]    "/usr/bin/pvtk"
[1.717s] but this file does not exist.  Possible reasons include:
[1.717s] * The file was deleted, renamed, or moved to another location.
[1.717s] * An install or uninstall procedure did not complete successfully.
[1.717s] * The installation package was faulty and contained
[1.717s]    "/usr/lib/cmake/vtk-7.1/VTKTargets.cmake"
[1.717s] but not all the files it references.
[1.717s] 
[1.730s] -- Checking for module 'libusb-1.0'
[1.743s] --   Found libusb-1.0, version 1.0.23
[1.770s] [33mCMake Warning (dev) at /home/luke/.local/lib/python3.8/site-packages/cmake/data/share/cmake-3.28/Modules/FindPackageHandleStandardArgs.cmake:438 (message):
[1.770s]   The package name passed to `find_package_handle_standard_args` (USB_10)
[1.770s]   does not match the name of the calling package (OpenNI).  This can lead to
[1.770s]   problems in calling code that expects `find_package` result variables
[1.770s]   (e.g., `_FOUND`) to follow a certain pattern.
[1.770s] Call Stack (most recent call first):
[1.770s]   /usr/lib/x86_64-linux-gnu/cmake/pcl/Modules/FindOpenNI.cmake:28 (find_package_handle_standard_args)
[1.770s]   /usr/lib/x86_64-linux-gnu/cmake/pcl/PCLConfig.cmake:179 (find_package)
[1.770s]   /usr/lib/x86_64-linux-gnu/cmake/pcl/PCLConfig.cmake:322 (find_openni)
[1.770s]   /usr/lib/x86_64-linux-gnu/cmake/pcl/PCLConfig.cmake:548 (find_external_library)
[1.770s]   /opt/ros/foxy/share/pcl_ros/cmake/ament_cmake_export_dependencies-extras.cmake:21 (find_package)
[1.770s]   /opt/ros/foxy/share/pcl_ros/cmake/pcl_rosConfig.cmake:41 (include)
[1.771s]   CMakeLists.txt:31 (find_package)
[1.771s] This warning is for project developers.  Use -Wno-dev to suppress it.
[1.771s] [0m
[1.771s] -- Found USB_10: /usr/lib/x86_64-linux-gnu/libusb-1.0.so  
[1.818s] -- OpenNI found (include: /usr/include/ni, lib: /usr/lib/libOpenNI.so)
[1.822s] [33mCMake Warning (dev) at /home/luke/.local/lib/python3.8/site-packages/cmake/data/share/cmake-3.28/Modules/FindPackageHandleStandardArgs.cmake:438 (message):
[1.822s]   The package name passed to `find_package_handle_standard_args` (USB_10)
[1.822s]   does not match the name of the calling package (OpenNI2).  This can lead to
[1.822s]   problems in calling code that expects `find_package` result variables
[1.822s]   (e.g., `_FOUND`) to follow a certain pattern.
[1.822s] Call Stack (most recent call first):
[1.822s]   /usr/lib/x86_64-linux-gnu/cmake/pcl/Modules/FindOpenNI2.cmake:28 (find_package_handle_standard_args)
[1.822s]   /usr/lib/x86_64-linux-gnu/cmake/pcl/PCLConfig.cmake:193 (find_package)
[1.822s]   /usr/lib/x86_64-linux-gnu/cmake/pcl/PCLConfig.cmake:324 (find_openni2)
[1.822s]   /usr/lib/x86_64-linux-gnu/cmake/pcl/PCLConfig.cmake:548 (find_external_library)
[1.822s]   /opt/ros/foxy/share/pcl_ros/cmake/ament_cmake_export_dependencies-extras.cmake:21 (find_package)
[1.822s]   /opt/ros/foxy/share/pcl_ros/cmake/pcl_rosConfig.cmake:41 (include)
[1.823s]   CMakeLists.txt:31 (find_package)
[1.823s] This warning is for project developers.  Use -Wno-dev to suppress it.
[1.823s] [0m
[1.869s] -- OpenNI2 found (include: /usr/include/openni2, lib: /usr/lib/libOpenNI2.so)
[1.878s] [33mCMake Warning (dev) at /home/luke/.local/lib/python3.8/site-packages/cmake/data/share/cmake-3.28/Modules/FindPackageHandleStandardArgs.cmake:438 (message):
[1.878s]   The package name passed to `find_package_handle_standard_args` (libusb-1.0)
[1.878s]   does not match the name of the calling package (PCL).  This can lead to
[1.878s]   problems in calling code that expects `find_package` result variables
[1.879s]   (e.g., `_FOUND`) to follow a certain pattern.
[1.879s] Call Stack (most recent call first):
[1.879s]   /usr/lib/x86_64-linux-gnu/cmake/pcl/PCLConfig.cmake:291 (find_package_handle_standard_args)
[1.879s]   /usr/lib/x86_64-linux-gnu/cmake/pcl/PCLConfig.cmake:338 (find_libusb)
[1.879s]   /usr/lib/x86_64-linux-gnu/cmake/pcl/PCLConfig.cmake:548 (find_external_library)
[1.879s]   /opt/ros/foxy/share/pcl_ros/cmake/ament_cmake_export_dependencies-extras.cmake:21 (find_package)
[1.879s]   /opt/ros/foxy/share/pcl_ros/cmake/pcl_rosConfig.cmake:41 (include)
[1.879s]   CMakeLists.txt:31 (find_package)
[1.879s] This warning is for project developers.  Use -Wno-dev to suppress it.
[1.879s] [0m
[1.879s] -- Found libusb-1.0: /usr/include  
[1.883s] [33mCMake Warning (dev) at /home/luke/.local/lib/python3.8/site-packages/cmake/data/share/cmake-3.28/Modules/FindPackageHandleStandardArgs.cmake:438 (message):
[1.883s]   The package name passed to `find_package_handle_standard_args` (USB_10)
[1.883s]   does not match the name of the calling package (OpenNI).  This can lead to
[1.883s]   problems in calling code that expects `find_package` result variables
[1.884s]   (e.g., `_FOUND`) to follow a certain pattern.
[1.884s] Call Stack (most recent call first):
[1.884s]   /usr/lib/x86_64-linux-gnu/cmake/pcl/Modules/FindOpenNI.cmake:28 (find_package_handle_standard_args)
[1.884s]   /usr/lib/x86_64-linux-gnu/cmake/pcl/PCLConfig.cmake:179 (find_package)
[1.884s]   /usr/lib/x86_64-linux-gnu/cmake/pcl/PCLConfig.cmake:322 (find_openni)
[1.884s]   /usr/lib/x86_64-linux-gnu/cmake/pcl/PCLConfig.cmake:548 (find_external_library)
[1.884s]   /opt/ros/foxy/share/pcl_ros/cmake/ament_cmake_export_dependencies-extras.cmake:21 (find_package)
[1.884s]   /opt/ros/foxy/share/pcl_ros/cmake/pcl_rosConfig.cmake:41 (include)
[1.884s]   CMakeLists.txt:31 (find_package)
[1.884s] This warning is for project developers.  Use -Wno-dev to suppress it.
[1.884s] [0m
[1.886s] -- OpenNI found (include: /usr/include/ni, lib: /usr/lib/libOpenNI.so)
[1.887s] [33mCMake Warning (dev) at /home/luke/.local/lib/python3.8/site-packages/cmake/data/share/cmake-3.28/Modules/FindPackageHandleStandardArgs.cmake:438 (message):
[1.887s]   The package name passed to `find_package_handle_standard_args` (USB_10)
[1.887s]   does not match the name of the calling package (OpenNI2).  This can lead to
[1.887s]   problems in calling code that expects `find_package` result variables
[1.887s]   (e.g., `_FOUND`) to follow a certain pattern.
[1.887s] Call Stack (most recent call first):
[1.887s]   /usr/lib/x86_64-linux-gnu/cmake/pcl/Modules/FindOpenNI2.cmake:28 (find_package_handle_standard_args)
[1.887s]   /usr/lib/x86_64-linux-gnu/cmake/pcl/PCLConfig.cmake:193 (find_package)
[1.887s]   /usr/lib/x86_64-linux-gnu/cmake/pcl/PCLConfig.cmake:324 (find_openni2)
[1.887s]   /usr/lib/x86_64-linux-gnu/cmake/pcl/PCLConfig.cmake:548 (find_external_library)
[1.887s]   /opt/ros/foxy/share/pcl_ros/cmake/ament_cmake_export_dependencies-extras.cmake:21 (find_package)
[1.887s]   /opt/ros/foxy/share/pcl_ros/cmake/pcl_rosConfig.cmake:41 (include)
[1.887s]   CMakeLists.txt:31 (find_package)
[1.887s] This warning is for project developers.  Use -Wno-dev to suppress it.
[1.887s] [0m
[1.888s] -- OpenNI2 found (include: /usr/include/openni2, lib: /usr/lib/libOpenNI2.so)
[1.896s] [33mCMake Warning (dev) at /usr/lib/x86_64-linux-gnu/cmake/pcl/PCLConfig.cmake:165 (find_package):
[1.896s]   Policy CMP0144 is not set: find_package uses upper-case <PACKAGENAME>_ROOT
[1.896s]   variables.  Run "cmake --help-policy CMP0144" for policy details.  Use the
[1.896s]   cmake_policy command to set the policy and suppress this warning.
[1.896s] 
[1.896s]   CMake variable QHULL_ROOT is set to:
[1.896s] 
[1.896s]     /usr
[1.896s] 
[1.896s]   For compatibility, find_package is ignoring the variable, but code in a
[1.896s]   .cmake module might still use it.
[1.896s] Call Stack (most recent call first):
[1.896s]   /usr/lib/x86_64-linux-gnu/cmake/pcl/PCLConfig.cmake:320 (find_qhull)
[1.896s]   /usr/lib/x86_64-linux-gnu/cmake/pcl/PCLConfig.cmake:548 (find_external_library)
[1.896s]   /opt/ros/foxy/share/pcl_ros/cmake/ament_cmake_export_dependencies-extras.cmake:21 (find_package)
[1.896s]   /opt/ros/foxy/share/pcl_ros/cmake/pcl_rosConfig.cmake:41 (include)
[1.896s]   CMakeLists.txt:31 (find_package)
[1.896s] This warning is for project developers.  Use -Wno-dev to suppress it.
[1.896s] [0m
[1.912s] -- Found Qhull: optimized;/usr/lib/x86_64-linux-gnu/libqhull.so;debug;/usr/lib/x86_64-linux-gnu/libqhull.so  
[1.912s] -- QHULL found (include: /usr/include, lib: optimized;/usr/lib/x86_64-linux-gnu/libqhull.so;debug;/usr/lib/x86_64-linux-gnu/libqhull.so)
[1.915s] [33mCMake Warning (dev) at /home/luke/.local/lib/python3.8/site-packages/cmake/data/share/cmake-3.28/Modules/FindPackageHandleStandardArgs.cmake:438 (message):
[1.915s]   The package name passed to `find_package_handle_standard_args` (USB_10)
[1.916s]   does not match the name of the calling package (OpenNI).  This can lead to
[1.916s]   problems in calling code that expects `find_package` result variables
[1.916s]   (e.g., `_FOUND`) to follow a certain pattern.
[1.916s] Call Stack (most recent call first):
[1.916s]   /usr/lib/x86_64-linux-gnu/cmake/pcl/Modules/FindOpenNI.cmake:28 (find_package_handle_standard_args)
[1.916s]   /usr/lib/x86_64-linux-gnu/cmake/pcl/PCLConfig.cmake:179 (find_package)
[1.916s]   /usr/lib/x86_64-linux-gnu/cmake/pcl/PCLConfig.cmake:322 (find_openni)
[1.916s]   /usr/lib/x86_64-linux-gnu/cmake/pcl/PCLConfig.cmake:548 (find_external_library)
[1.916s]   /opt/ros/foxy/share/pcl_ros/cmake/ament_cmake_export_dependencies-extras.cmake:21 (find_package)
[1.916s]   /opt/ros/foxy/share/pcl_ros/cmake/pcl_rosConfig.cmake:41 (include)
[1.916s]   CMakeLists.txt:31 (find_package)
[1.916s] This warning is for project developers.  Use -Wno-dev to suppress it.
[1.916s] [0m
[1.916s] -- OpenNI found (include: /usr/include/ni, lib: /usr/lib/libOpenNI.so)
[1.924s] [33mCMake Warning (dev) at /home/luke/.local/lib/python3.8/site-packages/cmake/data/share/cmake-3.28/Modules/FindPackageHandleStandardArgs.cmake:438 (message):
[1.924s]   The package name passed to `find_package_handle_standard_args` (PCL_COMMON)
[1.924s]   does not match the name of the calling package (PCL).  This can lead to
[1.924s]   problems in calling code that expects `find_package` result variables
[1.924s]   (e.g., `_FOUND`) to follow a certain pattern.
[1.925s] Call Stack (most recent call first):
[1.925s]   /usr/lib/x86_64-linux-gnu/cmake/pcl/PCLConfig.cmake:616 (find_package_handle_standard_args)
[1.925s]   /opt/ros/foxy/share/pcl_ros/cmake/ament_cmake_export_dependencies-extras.cmake:21 (find_package)
[1.925s]   /opt/ros/foxy/share/pcl_ros/cmake/pcl_rosConfig.cmake:41 (include)
[1.925s]   CMakeLists.txt:31 (find_package)
[1.925s] This warning is for project developers.  Use -Wno-dev to suppress it.
[1.925s] [0m
[1.925s] -- Found PCL_COMMON: /usr/lib/x86_64-linux-gnu/libpcl_common.so  
[1.927s] [33mCMake Warning (dev) at /home/luke/.local/lib/python3.8/site-packages/cmake/data/share/cmake-3.28/Modules/FindPackageHandleStandardArgs.cmake:438 (message):
[1.927s]   The package name passed to `find_package_handle_standard_args` (PCL_KDTREE)
[1.927s]   does not match the name of the calling package (PCL).  This can lead to
[1.927s]   problems in calling code that expects `find_package` result variables
[1.927s]   (e.g., `_FOUND`) to follow a certain pattern.
[1.927s] Call Stack (most recent call first):
[1.927s]   /usr/lib/x86_64-linux-gnu/cmake/pcl/PCLConfig.cmake:616 (find_package_handle_standard_args)
[1.927s]   /opt/ros/foxy/share/pcl_ros/cmake/ament_cmake_export_dependencies-extras.cmake:21 (find_package)
[1.927s]   /opt/ros/foxy/share/pcl_ros/cmake/pcl_rosConfig.cmake:41 (include)
[1.927s]   CMakeLists.txt:31 (find_package)
[1.927s] This warning is for project developers.  Use -Wno-dev to suppress it.
[1.927s] -- Found PCL_KDTREE: /usr/lib/x86_64-linux-gnu/libpcl_kdtree.so  
[1.927s] [0m
[1.927s] [33mCMake Warning (dev) at /home/luke/.local/lib/python3.8/site-packages/cmake/data/share/cmake-3.28/Modules/FindPackageHandleStandardArgs.cmake:438 (message):
[1.927s]   The package name passed to `find_package_handle_standard_args` (PCL_OCTREE)
[1.927s]   does not match the name of the calling package (PCL).  This can lead to
[1.927s]   problems in calling code that expects `find_package` result variables
[1.927s]   (e.g., `_FOUND`) to follow a certain pattern.
[1.927s] Call Stack (most recent call first):
[1.927s]   /usr/lib/x86_64-linux-gnu/cmake/pcl/PCLConfig.cmake:616 (find_package_handle_standard_args)
[1.927s]   /opt/ros/foxy/share/pcl_ros/cmake/ament_cmake_export_dependencies-extras.cmake:21 (find_package)
[1.927s]   /opt/ros/foxy/share/pcl_ros/cmake/pcl_rosConfig.cmake:41 (include)
[1.927s]   CMakeLists.txt:31 (find_package)
[1.927s] This warning is for project developers.  Use -Wno-dev to suppress it.
[1.927s] [0m
[1.927s] -- Found PCL_OCTREE: /usr/lib/x86_64-linux-gnu/libpcl_octree.so  
[1.928s] -- Found PCL_SEARCH: /usr/lib/x86_64-linux-gnu/libpcl_search.so  
[1.928s] [33mCMake Warning (dev) at /home/luke/.local/lib/python3.8/site-packages/cmake/data/share/cmake-3.28/Modules/FindPackageHandleStandardArgs.cmake:438 (message):
[1.928s]   The package name passed to `find_package_handle_standard_args` (PCL_SEARCH)
[1.928s]   does not match the name of the calling package (PCL).  This can lead to
[1.928s]   problems in calling code that expects `find_package` result variables
[1.928s]   (e.g., `_FOUND`) to follow a certain pattern.
[1.928s] Call Stack (most recent call first):
[1.928s]   /usr/lib/x86_64-linux-gnu/cmake/pcl/PCLConfig.cmake:616 (find_package_handle_standard_args)
[1.928s]   /opt/ros/foxy/share/pcl_ros/cmake/ament_cmake_export_dependencies-extras.cmake:21 (find_package)
[1.928s]   /opt/ros/foxy/share/pcl_ros/cmake/pcl_rosConfig.cmake:41 (include)
[1.928s]   CMakeLists.txt:31 (find_package)
[1.928s] This warning is for project developers.  Use -Wno-dev to suppress it.
[1.928s] [0m
[1.928s] [33mCMake Warning (dev) at /home/luke/.local/lib/python3.8/site-packages/cmake/data/share/cmake-3.28/Modules/FindPackageHandleStandardArgs.cmake:438 (message):
[1.928s]   The package name passed to `find_package_handle_standard_args`
[1.928s]   (PCL_SAMPLE_CONSENSUS) does not match the name of the calling package
[1.928s]   (PCL).  This can lead to problems in calling code that expects
[1.928s]   `find_package` result variables (e.g., `_FOUND`) to follow a certain
[1.928s]   pattern.
[1.928s] Call Stack (most recent call first):
[1.928s]   /usr/lib/x86_64-linux-gnu/cmake/pcl/PCLConfig.cmake:616 (find_package_handle_standard_args)
[1.928s]   /opt/ros/foxy/share/pcl_ros/cmake/ament_cmake_export_dependencies-extras.cmake:21 (find_package)
[1.928s]   /opt/ros/foxy/share/pcl_ros/cmake/pcl_rosConfig.cmake:41 (include)
[1.929s]   CMakeLists.txt:31 (find_package)
[1.929s] This warning is for project developers.  Use -Wno-dev to suppress it.
[1.929s] [0m
[1.929s] -- Found PCL_SAMPLE_CONSENSUS: /usr/lib/x86_64-linux-gnu/libpcl_sample_consensus.so  
[1.929s] [33mCMake Warning (dev) at /home/luke/.local/lib/python3.8/site-packages/cmake/data/share/cmake-3.28/Modules/FindPackageHandleStandardArgs.cmake:438 (message):
[1.929s]   The package name passed to `find_package_handle_standard_args`
[1.929s]   (PCL_FILTERS) does not match the name of the calling package (PCL).  This
[1.929s]   can lead to problems in calling code that expects `find_package` result
[1.929s]   variables (e.g., `_FOUND`) to follow a certain pattern.
[1.929s] Call Stack (most recent call first):
[1.930s]   /usr/lib/x86_64-linux-gnu/cmake/pcl/PCLConfig.cmake:616 (find_package_handle_standard_args)
[1.930s]   /opt/ros/foxy/share/pcl_ros/cmake/ament_cmake_export_dependencies-extras.cmake:21 (find_package)
[1.930s]   /opt/ros/foxy/share/pcl_ros/cmake/pcl_rosConfig.cmake:41 (include)
[1.930s]   CMakeLists.txt:31 (find_package)
[1.930s] This warning is for project developers.  Use -Wno-dev to suppress it.
[1.930s] [0m
[1.930s] -- Found PCL_FILTERS: /usr/lib/x86_64-linux-gnu/libpcl_filters.so  
[1.930s] -- Found PCL_2D: /usr/include/pcl-1.10  
[1.930s] -- Found PCL_GEOMETRY: /usr/include/pcl-1.10  
[1.930s] [33mCMake Warning (dev) at /home/luke/.local/lib/python3.8/site-packages/cmake/data/share/cmake-3.28/Modules/FindPackageHandleStandardArgs.cmake:438 (message):
[1.930s]   The package name passed to `find_package_handle_standard_args` (PCL_2D)
[1.930s]   does not match the name of the calling package (PCL).  This can lead to
[1.930s]   problems in calling code that expects `find_package` result variables
[1.930s]   (e.g., `_FOUND`) to follow a certain pattern.
[1.930s] Call Stack (most recent call first):
[1.930s]   /usr/lib/x86_64-linux-gnu/cmake/pcl/PCLConfig.cmake:619 (find_package_handle_standard_args)
[1.930s]   /opt/ros/foxy/share/pcl_ros/cmake/ament_cmake_export_dependencies-extras.cmake:21 (find_package)
[1.930s]   /opt/ros/foxy/share/pcl_ros/cmake/pcl_rosConfig.cmake:41 (include)
[1.931s]   CMakeLists.txt:31 (find_package)
[1.931s] This warning is for project developers.  Use -Wno-dev to suppress it.
[1.931s] [0m
[1.931s] [33mCMake Warning (dev) at /home/luke/.local/lib/python3.8/site-packages/cmake/data/share/cmake-3.28/Modules/FindPackageHandleStandardArgs.cmake:438 (message):
[1.931s]   The package name passed to `find_package_handle_standard_args`
[1.931s]   (PCL_GEOMETRY) does not match the name of the calling package (PCL).  This
[1.931s]   can lead to problems in calling code that expects `find_package` result
[1.931s]   variables (e.g., `_FOUND`) to follow a certain pattern.
[1.931s] Call Stack (most recent call first):
[1.931s]   /usr/lib/x86_64-linux-gnu/cmake/pcl/PCLConfig.cmake:619 (find_package_handle_standard_args)
[1.931s]   /opt/ros/foxy/share/pcl_ros/cmake/ament_cmake_export_dependencies-extras.cmake:21 (find_package)
[1.931s]   /opt/ros/foxy/share/pcl_ros/cmake/pcl_rosConfig.cmake:41 (include)
[1.931s]   CMakeLists.txt:31 (find_package)
[1.931s] This warning is for project developers.  Use -Wno-dev to suppress it.
[1.931s] [0m
[1.932s] [33mCMake Warning (dev) at /home/luke/.local/lib/python3.8/site-packages/cmake/data/share/cmake-3.28/Modules/FindPackageHandleStandardArgs.cmake:438 (message):
[1.932s]   The package name passed to `find_package_handle_standard_args` (PCL_IO)
[1.932s]   does not match the name of the calling package (PCL).  This can lead to
[1.932s]   problems in calling code that expects `find_package` result variables
[1.932s]   (e.g., `_FOUND`) to follow a certain pattern.
[1.932s] Call Stack (most recent call first):
[1.932s]   /usr/lib/x86_64-linux-gnu/cmake/pcl/PCLConfig.cmake:616 (find_package_handle_standard_args)
[1.932s]   /opt/ros/foxy/share/pcl_ros/cmake/ament_cmake_export_dependencies-extras.cmake:21 (find_package)
[1.932s]   /opt/ros/foxy/share/pcl_ros/cmake/pcl_rosConfig.cmake:41 (include)
[1.932s]   CMakeLists.txt:31 (find_package)
[1.932s] This warning is for project developers.  Use -Wno-dev to suppress it.
[1.932s] [0m
[1.932s] -- Found PCL_IO: /usr/lib/x86_64-linux-gnu/libpcl_io.so  
[1.932s] [33mCMake Warning (dev) at /home/luke/.local/lib/python3.8/site-packages/cmake/data/share/cmake-3.28/Modules/FindPackageHandleStandardArgs.cmake:438 (message):
[1.932s]   The package name passed to `find_package_handle_standard_args`
[1.932s]   (PCL_FEATURES) does not match the name of the calling package (PCL).  This
[1.932s]   can lead to problems in calling code that expects `find_package` result
[1.932s]   variables (e.g., `_FOUND`) to follow a certain pattern.
[1.933s] Call Stack (most recent call first):
[1.933s]   /usr/lib/x86_64-linux-gnu/cmake/pcl/PCLConfig.cmake:616 (find_package_handle_standard_args)
[1.933s]   /opt/ros/foxy/share/pcl_ros/cmake/ament_cmake_export_dependencies-extras.cmake:21 (find_package)
[1.933s]   /opt/ros/foxy/share/pcl_ros/cmake/pcl_rosConfig.cmake:41 (include)
[1.933s]   CMakeLists.txt:31 (find_package)
[1.933s] This warning is for project developers.  Use -Wno-dev to suppress it.
[1.933s] [0m
[1.933s] -- Found PCL_FEATURES: /usr/lib/x86_64-linux-gnu/libpcl_features.so  
[1.933s] -- Found PCL_ML: /usr/lib/x86_64-linux-gnu/libpcl_ml.so  
[1.933s] [33mCMake Warning (dev) at /home/luke/.local/lib/python3.8/site-packages/cmake/data/share/cmake-3.28/Modules/FindPackageHandleStandardArgs.cmake:438 (message):
[1.933s]   The package name passed to `find_package_handle_standard_args` (PCL_ML)
[1.933s]   does not match the name of the calling package (PCL).  This can lead to
[1.933s]   problems in calling code that expects `find_package` result variables
[1.934s]   (e.g., `_FOUND`) to follow a certain pattern.
[1.934s] Call Stack (most recent call first):
[1.934s]   /usr/lib/x86_64-linux-gnu/cmake/pcl/PCLConfig.cmake:616 (find_package_handle_standard_args)
[1.934s]   /opt/ros/foxy/share/pcl_ros/cmake/ament_cmake_export_dependencies-extras.cmake:21 (find_package)
[1.934s]   /opt/ros/foxy/share/pcl_ros/cmake/pcl_rosConfig.cmake:41 (include)
[1.934s]   CMakeLists.txt:31 (find_package)
[1.934s] This warning is for project developers.  Use -Wno-dev to suppress it.
[1.934s] [0m
[1.934s] [33mCMake Warning (dev) at /home/luke/.local/lib/python3.8/site-packages/cmake/data/share/cmake-3.28/Modules/FindPackageHandleStandardArgs.cmake:438 (message):
[1.934s]   The package name passed to `find_package_handle_standard_args`
[1.934s]   (PCL_SEGMENTATION) does not match the name of the calling package (PCL).
[1.934s]   This can lead to problems in calling code that expects `find_package`
[1.934s]   result variables (e.g., `_FOUND`) to follow a certain pattern.
[1.935s] Call Stack (most recent call first):
[1.935s]   /usr/lib/x86_64-linux-gnu/cmake/pcl/PCLConfig.cmake:616 (find_package_handle_standard_args)
[1.935s]   /opt/ros/foxy/share/pcl_ros/cmake/ament_cmake_export_dependencies-extras.cmake:21 (find_package)
[1.935s]   /opt/ros/foxy/share/pcl_ros/cmake/pcl_rosConfig.cmake:41 (include)
[1.935s]   CMakeLists.txt:31 (find_package)
[1.935s] This warning is for project developers.  Use -Wno-dev to suppress it.
[1.935s] [0m
[1.935s] -- Found PCL_SEGMENTATION: /usr/lib/x86_64-linux-gnu/libpcl_segmentation.so  
[1.935s] [33mCMake Warning (dev) at /home/luke/.local/lib/python3.8/site-packages/cmake/data/share/cmake-3.28/Modules/FindPackageHandleStandardArgs.cmake:438 (message):
[1.935s]   The package name passed to `find_package_handle_standard_args`
[1.935s]   (PCL_VISUALIZATION) does not match the name of the calling package (PCL).
[1.935s]   This can lead to problems in calling code that expects `find_package`
[1.936s]   result variables (e.g., `_FOUND`) to follow a certain pattern.
[1.936s] Call Stack (most recent call first):
[1.936s]   /usr/lib/x86_64-linux-gnu/cmake/pcl/PCLConfig.cmake:616 (find_package_handle_standard_args)
[1.936s]   /opt/ros/foxy/share/pcl_ros/cmake/ament_cmake_export_dependencies-extras.cmake:21 (find_package)
[1.936s]   /opt/ros/foxy/share/pcl_ros/cmake/pcl_rosConfig.cmake:41 (include)
[1.936s]   CMakeLists.txt:31 (find_package)
[1.936s] This warning is for project developers.  Use -Wno-dev to suppress it.
[1.936s] [0m
[1.936s] -- Found PCL_VISUALIZATION: /usr/lib/x86_64-linux-gnu/libpcl_visualization.so  
[1.937s] [33mCMake Warning (dev) at /home/luke/.local/lib/python3.8/site-packages/cmake/data/share/cmake-3.28/Modules/FindPackageHandleStandardArgs.cmake:438 (message):
[1.937s]   The package name passed to `find_package_handle_standard_args`
[1.938s]   (PCL_SURFACE) does not match the name of the calling package (PCL).  This
[1.938s]   can lead to problems in calling code that expects `find_package` result
[1.938s]   variables (e.g., `_FOUND`) to follow a certain pattern.
[1.938s] Call Stack (most recent call first):
[1.938s]   /usr/lib/x86_64-linux-gnu/cmake/pcl/PCLConfig.cmake:616 (find_package_handle_standard_args)
[1.938s]   /opt/ros/foxy/share/pcl_ros/cmake/ament_cmake_export_dependencies-extras.cmake:21 (find_package)
[1.938s]   /opt/ros/foxy/share/pcl_ros/cmake/pcl_rosConfig.cmake:41 (include)
[1.938s]   CMakeLists.txt:31 (find_package)
[1.938s] This warning is for project developers.  Use -Wno-dev to suppress it.
[1.938s] [0m
[1.938s] -- Found PCL_SURFACE: /usr/lib/x86_64-linux-gnu/libpcl_surface.so  
[1.939s] -- Found PCL_REGISTRATION: /usr/lib/x86_64-linux-gnu/libpcl_registration.so  
[1.939s] [33mCMake Warning (dev) at /home/luke/.local/lib/python3.8/site-packages/cmake/data/share/cmake-3.28/Modules/FindPackageHandleStandardArgs.cmake:438 (message):
[1.939s]   The package name passed to `find_package_handle_standard_args`
[1.939s]   (PCL_REGISTRATION) does not match the name of the calling package (PCL).
[1.939s]   This can lead to problems in calling code that expects `find_package`
[1.939s]   result variables (e.g., `_FOUND`) to follow a certain pattern.
[1.939s] Call Stack (most recent call first):
[1.939s]   /usr/lib/x86_64-linux-gnu/cmake/pcl/PCLConfig.cmake:616 (find_package_handle_standard_args)
[1.939s]   /opt/ros/foxy/share/pcl_ros/cmake/ament_cmake_export_dependencies-extras.cmake:21 (find_package)
[1.939s]   /opt/ros/foxy/share/pcl_ros/cmake/pcl_rosConfig.cmake:41 (include)
[1.939s]   CMakeLists.txt:31 (find_package)
[1.939s] This warning is for project developers.  Use -Wno-dev to suppress it.
[1.940s] [0m
[1.940s] -- Found PCL_KEYPOINTS: /usr/lib/x86_64-linux-gnu/libpcl_keypoints.so  
[1.940s] [33mCMake Warning (dev) at /home/luke/.local/lib/python3.8/site-packages/cmake/data/share/cmake-3.28/Modules/FindPackageHandleStandardArgs.cmake:438 (message):
[1.940s]   The package name passed to `find_package_handle_standard_args`
[1.940s]   (PCL_KEYPOINTS) does not match the name of the calling package (PCL).  This
[1.940s]   can lead to problems in calling code that expects `find_package` result
[1.940s]   variables (e.g., `_FOUND`) to follow a certain pattern.
[1.940s] Call Stack (most recent call first):
[1.940s]   /usr/lib/x86_64-linux-gnu/cmake/pcl/PCLConfig.cmake:616 (find_package_handle_standard_args)
[1.940s]   /opt/ros/foxy/share/pcl_ros/cmake/ament_cmake_export_dependencies-extras.cmake:21 (find_package)
[1.940s]   /opt/ros/foxy/share/pcl_ros/cmake/pcl_rosConfig.cmake:41 (include)
[1.940s]   CMakeLists.txt:31 (find_package)
[1.940s] This warning is for project developers.  Use -Wno-dev to suppress it.
[1.940s] [0m
[1.940s] [33mCMake Warning (dev) at /home/luke/.local/lib/python3.8/site-packages/cmake/data/share/cmake-3.28/Modules/FindPackageHandleStandardArgs.cmake:438 (message):
[1.940s]   The package name passed to `find_package_handle_standard_args`
[1.940s]   (PCL_TRACKING) does not match the name of the calling package (PCL).  This
[1.941s]   can lead to problems in calling code that expects `find_package` result
[1.941s]   variables (e.g., `_FOUND`) to follow a certain pattern.
[1.941s] Call Stack (most recent call first):
[1.941s]   /usr/lib/x86_64-linux-gnu/cmake/pcl/PCLConfig.cmake:616 (find_package_handle_standard_args)
[1.941s]   /opt/ros/foxy/share/pcl_ros/cmake/ament_cmake_export_dependencies-extras.cmake:21 (find_package)
[1.941s]   /opt/ros/foxy/share/pcl_ros/cmake/pcl_rosConfig.cmake:41 (include)
[1.941s]   CMakeLists.txt:31 (find_package)
[1.941s] This warning is for project developers.  Use -Wno-dev to suppress it.
[1.941s] [0m
[1.941s] -- Found PCL_TRACKING: /usr/lib/x86_64-linux-gnu/libpcl_tracking.so  
[1.942s] -- Found PCL_RECOGNITION: /usr/lib/x86_64-linux-gnu/libpcl_recognition.so  
[1.942s] [33mCMake Warning (dev) at /home/luke/.local/lib/python3.8/site-packages/cmake/data/share/cmake-3.28/Modules/FindPackageHandleStandardArgs.cmake:438 (message):
[1.942s]   The package name passed to `find_package_handle_standard_args`
[1.942s]   (PCL_RECOGNITION) does not match the name of the calling package (PCL).
[1.942s]   This can lead to problems in calling code that expects `find_package`
[1.942s]   result variables (e.g., `_FOUND`) to follow a certain pattern.
[1.942s] Call Stack (most recent call first):
[1.942s]   /usr/lib/x86_64-linux-gnu/cmake/pcl/PCLConfig.cmake:616 (find_package_handle_standard_args)
[1.942s]   /opt/ros/foxy/share/pcl_ros/cmake/ament_cmake_export_dependencies-extras.cmake:21 (find_package)
[1.942s]   /opt/ros/foxy/share/pcl_ros/cmake/pcl_rosConfig.cmake:41 (include)
[1.942s]   CMakeLists.txt:31 (find_package)
[1.942s] This warning is for project developers.  Use -Wno-dev to suppress it.
[1.942s] [0m
[1.942s] [33mCMake Warning (dev) at /home/luke/.local/lib/python3.8/site-packages/cmake/data/share/cmake-3.28/Modules/FindPackageHandleStandardArgs.cmake:438 (message):
[1.942s]   The package name passed to `find_package_handle_standard_args` (PCL_STEREO)
[1.942s]   does not match the name of the calling package (PCL).  This can lead to
[1.942s]   problems in calling code that expects `find_package` result variables
[1.943s]   (e.g., `_FOUND`) to follow a certain pattern.
[1.943s] Call Stack (most recent call first):
[1.943s]   /usr/lib/x86_64-linux-gnu/cmake/pcl/PCLConfig.cmake:616 (find_package_handle_standard_args)
[1.943s]   /opt/ros/foxy/share/pcl_ros/cmake/ament_cmake_export_dependencies-extras.cmake:21 (find_package)
[1.943s]   /opt/ros/foxy/share/pcl_ros/cmake/pcl_rosConfig.cmake:41 (include)
[1.943s]   CMakeLists.txt:31 (find_package)
[1.943s] This warning is for project developers.  Use -Wno-dev to suppress it.
[1.943s] [0m
[1.943s] -- Found PCL_STEREO: /usr/lib/x86_64-linux-gnu/libpcl_stereo.so  
[1.944s] [33mCMake Warning (dev) at /home/luke/.local/lib/python3.8/site-packages/cmake/data/share/cmake-3.28/Modules/FindPackageHandleStandardArgs.cmake:438 (message):
[1.944s]   The package name passed to `find_package_handle_standard_args` (PCL_APPS)
[1.944s]   does not match the name of the calling package (PCL).  This can lead to
[1.944s]   problems in calling code that expects `find_package` result variables
[1.944s]   (e.g., `_FOUND`) to follow a certain pattern.
[1.944s] Call Stack (most recent call first):
[1.944s]   /usr/lib/x86_64-linux-gnu/cmake/pcl/PCLConfig.cmake:616 (find_package_handle_standard_args)
[1.944s]   /opt/ros/foxy/share/pcl_ros/cmake/ament_cmake_export_dependencies-extras.cmake:21 (find_package)
[1.944s]   /opt/ros/foxy/share/pcl_ros/cmake/pcl_rosConfig.cmake:41 (include)
[1.944s]   CMakeLists.txt:31 (find_package)
[1.944s] This warning is for project developers.  Use -Wno-dev to suppress it.
[1.944s] [0m
[1.945s] -- Found PCL_APPS: /usr/lib/x86_64-linux-gnu/libpcl_apps.so  
[1.945s] [33mCMake Warning (dev) at /home/luke/.local/lib/python3.8/site-packages/cmake/data/share/cmake-3.28/Modules/FindPackageHandleStandardArgs.cmake:438 (message):
[1.945s]   The package name passed to `find_package_handle_standard_args`
[1.945s]   (PCL_IN_HAND_SCANNER) does not match the name of the calling package (PCL).
[1.945s]   This can lead to problems in calling code that expects `find_package`
[1.945s]   result variables (e.g., `_FOUND`) to follow a certain pattern.
[1.945s] Call Stack (most recent call first):
[1.945s]   /usr/lib/x86_64-linux-gnu/cmake/pcl/PCLConfig.cmake:619 (find_package_handle_standard_args)
[1.945s]   /opt/ros/foxy/share/pcl_ros/cmake/ament_cmake_export_dependencies-extras.cmake:21 (find_package)
[1.945s]   /opt/ros/foxy/share/pcl_ros/cmake/pcl_rosConfig.cmake:41 (include)
[1.945s]   CMakeLists.txt:31 (find_package)
[1.945s] This warning is for project developers.  Use -Wno-dev to suppress it.
[1.945s] [0m
[1.945s] -- Found PCL_IN_HAND_SCANNER: /usr/include/pcl-1.10  
[1.946s] [33mCMake Warning (dev) at /home/luke/.local/lib/python3.8/site-packages/cmake/data/share/cmake-3.28/Modules/FindPackageHandleStandardArgs.cmake:438 (message):
[1.946s]   The package name passed to `find_package_handle_standard_args`
[1.946s]   (PCL_POINT_CLOUD_EDITOR) does not match the name of the calling package
[1.946s]   (PCL).  This can lead to problems in calling code that expects
[1.946s]   `find_package` result variables (e.g., `_FOUND`) to follow a certain
[1.946s]   pattern.
[1.946s] Call Stack (most recent call first):
[1.946s]   /usr/lib/x86_64-linux-gnu/cmake/pcl/PCLConfig.cmake:619 (find_package_handle_standard_args)
[1.946s]   /opt/ros/foxy/share/pcl_ros/cmake/ament_cmake_export_dependencies-extras.cmake:21 (find_package)
[1.946s]   /opt/ros/foxy/share/pcl_ros/cmake/pcl_rosConfig.cmake:41 (include)
[1.947s]   CMakeLists.txt:31 (find_package)
[1.947s] This warning is for project developers.  Use -Wno-dev to suppress it.
[1.947s] [0m
[1.947s] -- Found PCL_POINT_CLOUD_EDITOR: /usr/include/pcl-1.10  
[1.947s] [33mCMake Warning (dev) at /home/luke/.local/lib/python3.8/site-packages/cmake/data/share/cmake-3.28/Modules/FindPackageHandleStandardArgs.cmake:438 (message):
[1.947s]   The package name passed to `find_package_handle_standard_args`
[1.947s]   (PCL_OUTOFCORE) does not match the name of the calling package (PCL).  This
[1.948s]   can lead to problems in calling code that expects `find_package` result
[1.948s]   variables (e.g., `_FOUND`) to follow a certain pattern.
[1.948s] Call Stack (most recent call first):
[1.948s]   /usr/lib/x86_64-linux-gnu/cmake/pcl/PCLConfig.cmake:616 (find_package_handle_standard_args)
[1.948s]   /opt/ros/foxy/share/pcl_ros/cmake/ament_cmake_export_dependencies-extras.cmake:21 (find_package)
[1.948s]   /opt/ros/foxy/share/pcl_ros/cmake/pcl_rosConfig.cmake:41 (include)
[1.948s]   CMakeLists.txt:31 (find_package)
[1.948s] This warning is for project developers.  Use -Wno-dev to suppress it.
[1.948s] [0m
[1.948s] -- Found PCL_OUTOFCORE: /usr/lib/x86_64-linux-gnu/libpcl_outofcore.so  
[1.950s] [33mCMake Warning (dev) at /home/luke/.local/lib/python3.8/site-packages/cmake/data/share/cmake-3.28/Modules/FindPackageHandleStandardArgs.cmake:438 (message):
[1.950s]   The package name passed to `find_package_handle_standard_args` (PCL_PEOPLE)
[1.950s]   does not match the name of the calling package (PCL).  This can lead to
[1.950s]   problems in calling code that expects `find_package` result variables
[1.950s]   (e.g., `_FOUND`) to follow a certain pattern.
[1.950s] Call Stack (most recent call first):
[1.950s]   /usr/lib/x86_64-linux-gnu/cmake/pcl/PCLConfig.cmake:616 (find_package_handle_standard_args)
[1.950s]   /opt/ros/foxy/share/pcl_ros/cmake/ament_cmake_export_dependencies-extras.cmake:21 (find_package)
[1.950s]   /opt/ros/foxy/share/pcl_ros/cmake/pcl_rosConfig.cmake:41 (include)
[1.951s]   CMakeLists.txt:31 (find_package)
[1.951s] This warning is for project developers.  Use -Wno-dev to suppress it.
[1.951s] [0m
[1.951s] -- Found PCL_PEOPLE: /usr/lib/x86_64-linux-gnu/libpcl_people.so  
[2.023s] -- Found ament_lint_auto: 0.9.8 (/opt/ros/foxy/share/ament_lint_auto/cmake)
[2.072s] -- Added test 'copyright' to check source files copyright and LICENSE
[2.072s] -- Added test 'cppcheck' to perform static code analysis on C / C++ code
[2.072s] -- Configured cppcheck include dirs: 
[2.072s] -- Configured cppcheck exclude dirs and/or files: 
[2.073s] -- Added test 'cpplint' to check C / C++ code against the Google style
[2.073s] -- Configured cpplint exclude dirs and/or files: 
[2.074s] -- Added test 'flake8' to check Python code syntax and style conventions
[2.074s] -- Added test 'lint_cmake' to check CMake code style
[2.075s] -- Added test 'pep257' to check Python code against some of the style conventions in PEP 257
[2.075s] -- Added test 'uncrustify' to check C / C++ code style
[2.075s] -- Configured uncrustify additional arguments: 
[2.076s] -- Added test 'xmllint' to check XML markup files
[2.077s] -- Configuring done (1.9s)
[2.097s] -- Generating done (0.0s)
[2.098s] -- Build files have been written to: /home/luke/TARE/cmu_vla_challenge_unity_foxy/build/visualization_tools
[2.110s] Invoked command in '/home/luke/TARE/cmu_vla_challenge_unity_foxy/build/visualization_tools' returned '0': CMAKE_PREFIX_PATH=${CMAKE_PREFIX_PATH}:/home/luke/TARE/cmu_vla_challenge_unity_foxy/install/ros_tcp_endpoint:/opt/ros/foxy /home/luke/.local/bin/cmake /home/luke/TARE/cmu_vla_challenge_unity_foxy/src/visualization_tools -DAMENT_CMAKE_SYMLINK_INSTALL=1 -DCMAKE_INSTALL_PREFIX=/home/luke/TARE/cmu_vla_challenge_unity_foxy/install/visualization_tools
[2.113s] Invoking command in '/home/luke/TARE/cmu_vla_challenge_unity_foxy/build/visualization_tools': CMAKE_PREFIX_PATH=${CMAKE_PREFIX_PATH}:/home/luke/TARE/cmu_vla_challenge_unity_foxy/install/ros_tcp_endpoint:/opt/ros/foxy /home/luke/.local/bin/cmake --build /home/luke/TARE/cmu_vla_challenge_unity_foxy/build/visualization_tools -- -j20 -l20
[2.145s] [ 50%] [32mBuilding CXX object CMakeFiles/visualizationTools.dir/src/visualizationTools.cpp.o[0m
[14.039s] [100%] [32m[1mLinking CXX executable visualizationTools[0m
[14.773s] [100%] Built target visualizationTools
[14.778s] Invoked command in '/home/luke/TARE/cmu_vla_challenge_unity_foxy/build/visualization_tools' returned '0': CMAKE_PREFIX_PATH=${CMAKE_PREFIX_PATH}:/home/luke/TARE/cmu_vla_challenge_unity_foxy/install/ros_tcp_endpoint:/opt/ros/foxy /home/luke/.local/bin/cmake --build /home/luke/TARE/cmu_vla_challenge_unity_foxy/build/visualization_tools -- -j20 -l20
[14.806s] Invoking command in '/home/luke/TARE/cmu_vla_challenge_unity_foxy/build/visualization_tools': CMAKE_PREFIX_PATH=${CMAKE_PREFIX_PATH}:/home/luke/TARE/cmu_vla_challenge_unity_foxy/install/ros_tcp_endpoint:/opt/ros/foxy /home/luke/.local/bin/cmake --install /home/luke/TARE/cmu_vla_challenge_unity_foxy/build/visualization_tools
[14.823s] -- Install configuration: ""
[14.823s] -- Execute custom install script
[14.823s] -- Symlinking: /home/luke/TARE/cmu_vla_challenge_unity_foxy/install/visualization_tools/lib/visualization_tools/visualizationTools
[14.825s] -- Symlinking: /home/luke/TARE/cmu_vla_challenge_unity_foxy/install/visualization_tools/share/visualization_tools/launch/visualization_tools.launch
[14.827s] -- Symlinking: /home/luke/TARE/cmu_vla_challenge_unity_foxy/install/visualization_tools/share/visualization_tools/environment/pythonpath.sh
[14.828s] -- Symlinking: /home/luke/TARE/cmu_vla_challenge_unity_foxy/install/visualization_tools/share/visualization_tools/environment/pythonpath.dsv
[14.830s] -- Symlinking: /home/luke/TARE/cmu_vla_challenge_unity_foxy/install/visualization_tools/lib/python3.8/site-packages/visualization_tools/__init__.py
[14.831s] -- Symlinking: /home/luke/TARE/cmu_vla_challenge_unity_foxy/install/visualization_tools/lib/visualization_tools/realTimePlot.py
[14.832s] -- Symlinking: /home/luke/TARE/cmu_vla_challenge_unity_foxy/install/visualization_tools/share/ament_index/resource_index/package_run_dependencies/visualization_tools
[14.834s] -- Symlinking: /home/luke/TARE/cmu_vla_challenge_unity_foxy/install/visualization_tools/share/ament_index/resource_index/parent_prefix_path/visualization_tools
[14.835s] -- Symlinking: /home/luke/TARE/cmu_vla_challenge_unity_foxy/install/visualization_tools/share/visualization_tools/environment/ament_prefix_path.sh
[14.836s] -- Symlinking: /home/luke/TARE/cmu_vla_challenge_unity_foxy/install/visualization_tools/share/visualization_tools/environment/ament_prefix_path.dsv
[14.837s] -- Symlinking: /home/luke/TARE/cmu_vla_challenge_unity_foxy/install/visualization_tools/share/visualization_tools/environment/path.sh
[14.838s] -- Symlinking: /home/luke/TARE/cmu_vla_challenge_unity_foxy/install/visualization_tools/share/visualization_tools/environment/path.dsv
[14.839s] -- Symlinking: /home/luke/TARE/cmu_vla_challenge_unity_foxy/install/visualization_tools/share/visualization_tools/local_setup.bash
[14.841s] -- Symlinking: /home/luke/TARE/cmu_vla_challenge_unity_foxy/install/visualization_tools/share/visualization_tools/local_setup.sh
[14.842s] -- Symlinking: /home/luke/TARE/cmu_vla_challenge_unity_foxy/install/visualization_tools/share/visualization_tools/local_setup.zsh
[14.844s] -- Symlinking: /home/luke/TARE/cmu_vla_challenge_unity_foxy/install/visualization_tools/share/visualization_tools/local_setup.dsv
[14.845s] -- Symlinking: /home/luke/TARE/cmu_vla_challenge_unity_foxy/install/visualization_tools/share/visualization_tools/package.dsv
[14.846s] -- Symlinking: /home/luke/TARE/cmu_vla_challenge_unity_foxy/install/visualization_tools/share/ament_index/resource_index/packages/visualization_tools
[14.847s] -- Symlinking: /home/luke/TARE/cmu_vla_challenge_unity_foxy/install/visualization_tools/share/visualization_tools/cmake/visualization_toolsConfig.cmake
[14.849s] -- Symlinking: /home/luke/TARE/cmu_vla_challenge_unity_foxy/install/visualization_tools/share/visualization_tools/cmake/visualization_toolsConfig-version.cmake
[14.850s] -- Symlinking: /home/luke/TARE/cmu_vla_challenge_unity_foxy/install/visualization_tools/share/visualization_tools/package.xml
[14.869s] Listing '/home/luke/TARE/cmu_vla_challenge_unity_foxy/install/visualization_tools/lib/python3.8/site-packages/visualization_tools'...
[14.869s] Compiling '/home/luke/TARE/cmu_vla_challenge_unity_foxy/install/visualization_tools/lib/python3.8/site-packages/visualization_tools/__init__.py'...
[14.875s] Invoked command in '/home/luke/TARE/cmu_vla_challenge_unity_foxy/build/visualization_tools' returned '0': CMAKE_PREFIX_PATH=${CMAKE_PREFIX_PATH}:/home/luke/TARE/cmu_vla_challenge_unity_foxy/install/ros_tcp_endpoint:/opt/ros/foxy /home/luke/.local/bin/cmake --install /home/luke/TARE/cmu_vla_challenge_unity_foxy/build/visualization_tools
